--------------------------------------------------------------------------
--------------------------------------------------------------------------
--------------------------------------------------------------------------
--------------------------------------------------------------------------
--------------------------------------------------------------------------
--------------------------------------------------------------------------
Applying pre-selections on sample: /ceph/users/molocco/classical-taggers/root/Bu2JpsiK/closedVELO_notSelected.root:DecayTree
The applied cut is: ((Bp_Tr_T_ISMUON == 1) & (Bp_Tr_T_PIDmu >-11.222) & (Bp_Tr_T_PIDe < 1.498) & (Bp_Tr_T_BPVZ == Bp_BPVZ) & (Bp_Tr_T_BPVY == Bp_BPVY) & (Bp_Tr_T_BPVX == Bp_BPVX) )
Pre-selections applied. NTuple saved at /ceph/users/molocco/classical-taggers/root/Bu2JpsiK/OSMuon/closedVELO_selected_optimized.root
71823 tracks among the 6328965 total tracks have been selected as tagging particles
Training set has 9582 rows
Validation set has 1065 rows
--------------Epoch:0/499-------------
Train:0.693182, Validation:0.691781, Time:0.3s
--------------Epoch:1/499-------------
Train:0.692241, Validation:0.692505, Time:0.29s
--------------Epoch:2/499-------------
Train:0.691974, Validation:0.691474, Time:0.29s
--------------Epoch:3/499-------------
Train:0.690544, Validation:0.692642, Time:0.29s
--------------Epoch:4/499-------------
Train:0.691817, Validation:0.692312, Time:0.29s
--------------Epoch:5/499-------------
Train:0.691076, Validation:0.691991, Time:0.29s
--------------Epoch:6/499-------------
Train:0.690530, Validation:0.691949, Time:0.29s
--------------Epoch:7/499-------------
Train:0.690928, Validation:0.692384, Time:0.29s
--------------Epoch:8/499-------------
Train:0.691125, Validation:0.691706, Time:0.29s
--------------Epoch:9/499-------------
Train:0.691848, Validation:0.691388, Time:0.29s
--------------Epoch:10/499-------------
Train:0.690558, Validation:0.690893, Time:0.29s
--------------Epoch:11/499-------------
Train:0.690235, Validation:0.690897, Time:0.29s
--------------Epoch:12/499-------------
Train:0.691433, Validation:0.690767, Time:0.29s
--------------Epoch:13/499-------------
Train:0.690443, Validation:0.690593, Time:0.29s
--------------Epoch:14/499-------------
Train:0.690369, Validation:0.690649, Time:0.29s
--------------Epoch:15/499-------------
Train:0.690550, Validation:0.691196, Time:0.29s
--------------Epoch:16/499-------------
Train:0.690257, Validation:0.691902, Time:0.29s
--------------Epoch:17/499-------------
Train:0.690452, Validation:0.692030, Time:0.29s
--------------Epoch:18/499-------------
Train:0.689741, Validation:0.691964, Time:0.29s
--------------Epoch:19/499-------------
Train:0.690966, Validation:0.691918, Time:0.29s
--------------Epoch:20/499-------------
Train:0.689976, Validation:0.692377, Time:0.29s
--------------Epoch:21/499-------------
Train:0.690201, Validation:0.692669, Time:0.29s
--------------Epoch:22/499-------------
Train:0.690430, Validation:0.691247, Time:0.29s
--------------Epoch:23/499-------------
Train:0.689643, Validation:0.691695, Time:0.29s
--------------Epoch:24/499-------------
Train:0.690597, Validation:0.691321, Time:0.36s
--------------Epoch:25/499-------------
Train:0.689640, Validation:0.692071, Time:0.29s
--------------Epoch:26/499-------------
Train:0.689531, Validation:0.692579, Time:0.29s
--------------Epoch:27/499-------------
Train:0.690835, Validation:0.691422, Time:0.29s
--------------Epoch:28/499-------------
Train:0.689508, Validation:0.691115, Time:0.3s
--------------Epoch:29/499-------------
Train:0.690500, Validation:0.691871, Time:0.3s
--------------Epoch:30/499-------------
Train:0.690396, Validation:0.691828, Time:0.3s
--------------Epoch:31/499-------------
Train:0.689564, Validation:0.692279, Time:0.3s
--------------Epoch:32/499-------------
Train:0.689176, Validation:0.691744, Time:0.3s
--------------Epoch:33/499-------------
Train:0.690095, Validation:0.692460, Time:0.3s
--------------Epoch:34/499-------------
Train:0.689223, Validation:0.692354, Time:0.3s
--------------Epoch:35/499-------------
Train:0.688874, Validation:0.693122, Time:0.3s
--------------Epoch:36/499-------------
Train:0.689960, Validation:0.691932, Time:0.3s
--------------Epoch:37/499-------------
Train:0.689886, Validation:0.692157, Time:0.3s
--------------Epoch:38/499-------------
Train:0.689603, Validation:0.692096, Time:0.3s
--------------Epoch:39/499-------------
Train:0.689991, Validation:0.690530, Time:0.3s
--------------Epoch:40/499-------------
Train:0.689530, Validation:0.692725, Time:0.3s
--------------Epoch:41/499-------------
Train:0.688784, Validation:0.693074, Time:0.46s
--------------Epoch:42/499-------------
Train:0.688349, Validation:0.693757, Time:0.3s
--------------Epoch:43/499-------------
Train:0.690401, Validation:0.692797, Time:0.3s
--------------Epoch:44/499-------------
Train:0.689008, Validation:0.693413, Time:0.3s
--------------Epoch:45/499-------------
Train:0.689671, Validation:0.692799, Time:0.3s
--------------Epoch:46/499-------------
Train:0.689349, Validation:0.693125, Time:0.3s
--------------Epoch:47/499-------------
Train:0.689521, Validation:0.693189, Time:0.3s
--------------Epoch:48/499-------------
Train:0.688548, Validation:0.693298, Time:0.3s
--------------Epoch:49/499-------------
Train:0.688296, Validation:0.694358, Time:0.3s
--------------Epoch:50/499-------------
Train:0.688707, Validation:0.693401, Time:0.3s
--------------Epoch:51/499-------------
Train:0.688708, Validation:0.694336, Time:0.3s
--------------Epoch:52/499-------------
Train:0.688965, Validation:0.695443, Time:0.3s
--------------Epoch:53/499-------------
Train:0.687978, Validation:0.694602, Time:0.3s
--------------Epoch:54/499-------------
Train:0.689499, Validation:0.693561, Time:0.3s
--------------Epoch:55/499-------------
Train:0.688547, Validation:0.695661, Time:0.3s
--------------Epoch:56/499-------------
Train:0.688125, Validation:0.694684, Time:0.3s
--------------Epoch:57/499-------------
Train:0.688321, Validation:0.696572, Time:0.3s
--------------Epoch:58/499-------------
Train:0.689705, Validation:0.694904, Time:0.3s
--------------Epoch:59/499-------------
Train:0.688495, Validation:0.696167, Time:0.29s
--------------Epoch:60/499-------------
Train:0.688751, Validation:0.695827, Time:0.29s
--------------Epoch:61/499-------------
Train:0.689080, Validation:0.694699, Time:0.29s
--------------Epoch:62/499-------------
Train:0.688194, Validation:0.695234, Time:0.3s
--------------Epoch:63/499-------------
Train:0.688287, Validation:0.695640, Time:0.29s
--------------Epoch:64/499-------------
Train:0.689161, Validation:0.694289, Time:0.29s
--------------Epoch:65/499-------------
Train:0.688338, Validation:0.693422, Time:0.3s
--------------Epoch:66/499-------------
Train:0.688198, Validation:0.695367, Time:0.29s
--------------Epoch:67/499-------------
Train:0.687399, Validation:0.697534, Time:0.29s
--------------Epoch:68/499-------------
Train:0.689460, Validation:0.695487, Time:0.3s
--------------Epoch:69/499-------------
Train:0.687466, Validation:0.696357, Time:0.3s
--------------Epoch:70/499-------------
Train:0.688410, Validation:0.695688, Time:0.3s
--------------Epoch:71/499-------------
Train:0.688357, Validation:0.695042, Time:0.29s
--------------Epoch:72/499-------------
Train:0.687599, Validation:0.696138, Time:0.3s
--------------Epoch:73/499-------------
Train:0.688759, Validation:0.695974, Time:0.3s
--------------Epoch:74/499-------------
Train:0.687440, Validation:0.695833, Time:0.29s
--------------Epoch:75/499-------------
Train:0.688092, Validation:0.696289, Time:0.3s
--------------Epoch:76/499-------------
Train:0.688239, Validation:0.698155, Time:0.3s
--------------Epoch:77/499-------------
Train:0.688401, Validation:0.698370, Time:0.3s
--------------Epoch:78/499-------------
Train:0.688459, Validation:0.699146, Time:0.29s
Training finished in 0.39 min, 79 epochs, early stopping: True
Test set has 61176 tracks selected as tagging particles
[1m[97m INFO [0m Correlations of selected events
////////////////////////////////////////////////////////////////////////////////
[1mTagger Fire Correlations [%][0m
////////////////////////////////////////////////////////////////////////////////
        OSMuon
OSMuon   100.0 
//////////////////////////////////////////////////////////////////////////////// 

[1m[97m INFO [0m Correlations of selected events
////////////////////////////////////////////////////////////////////////////////
[1mTagger Decision Correlations [%][0m
////////////////////////////////////////////////////////////////////////////////
        OSMuon
OSMuon   100.0 
//////////////////////////////////////////////////////////////////////////////// 

[1m[97m INFO [0m Correlations of selected events
////////////////////////////////////////////////////////////////////////////////
[1mTagger Decision Correlations (dilution weighted) [%][0m
////////////////////////////////////////////////////////////////////////////////
        OSMuon
OSMuon   100.0 
//////////////////////////////////////////////////////////////////////////////// 

[1m[97m INFO [0m Correlations of selected events
////////////////////////////////////////////////////////////////////////////////
[1mTagger Decision Correlations (If both fire) [%][0m
////////////////////////////////////////////////////////////////////////////////
        OSMuon
OSMuon   100.0 
//////////////////////////////////////////////////////////////////////////////// 

╔══════════════════════════════════════════════════════════╗
║ [1mRAW TAGGER STATISTICS[0m                                    ║
╠════════╤═══════╤═══════╤═════════════╤═════════╤═════════╣
│ [1m[32;1mTagger[0m │ [1m[32;1m#Evts[0m │ [1m[32;1mΣw   [0m │ [1m[32;1m(Σw)² / Σw²[0m │ [1m[32;1m#Tagged[0m │ [1m[32;1mΣ_tag w[0m │
├────────┼───────┼───────┼─────────────┼─────────┼─────────┤
│ [1m[32mOSMuon[0m │ 67579 │ 67579 │ 67579.0     │ 35481   │ 35481   │
└────────┴───────┴───────┴─────────────┴─────────┴─────────┘

╔════════════════════════════════════════════════════════════════════════════════════════════════╗
║ [1mRAW TAGGING PERFORMANCES[0m                                                                       ║
╠════════╤═════════════════════╤═════════════════════╤═════════════════════╤═════════════════════╣
│ [1m[32;1mTagger[0m │ [1m[32;1mTagging Efficiency [0m │ [1m[32;1mAvg. Mistag Rate   [0m │ [1m[32;1mEffective Mistag   [0m │ [1m[32;1mTagging Power      [0m │
├────────┼─────────────────────┼─────────────────────┼─────────────────────┼─────────────────────┤
│ [1m[32mOSMuon[0m │ ( 52.503 ± 0.1921)% │ (47.6029 ± 0.2651)% │ (44.0981 ± 0.0491)% │ ( 0.7315 ± 0.0125)% │
└────────┴─────────────────────┴─────────────────────┴─────────────────────┴─────────────────────┘

[1m[97mBasis representation for OSMuon[0m
Link function: mistag
P_0(x) = 1 
P_1(x) = x -0.4656 
[1m[94m/////////////////////////
//// Running calibrations [0m
[1m[97m-------------------- OSMuon calibration --------------------[0m
[1m[97m INFO [0m iminuit version 2.17.0
[1m[97m INFO [0m Starting minimization for OSMuon
[1m[97m INFO [0m Selection keeps 67579(67579 weighted) out of 67579(67579) events (100.0%)
I MnSeedGenerator Initial state: FCN =       24411.46303 Edm =       11.72784601 NCalls =     13
I VariableMetricBuilder Start iterating until Edm is < 0.0001 with call limit = 680
I VariableMetricBuilder    0 - FCN =       24411.46303 Edm =       11.72784601 NCalls =     13
I VariableMetricBuilder    1 - FCN =       24399.66852 Edm =     0.02189504967 NCalls =     22
I VariableMetricBuilder    2 - FCN =       24399.64534 Edm =   8.839528251e-05 NCalls =     31
I VariableMetricBuilder    3 - FCN =       24399.64524 Edm =   4.042237868e-07 NCalls =     41
[1m[97m INFO [0m Minimum found
[1m[97m INFO [0m Covariance matrix accurate
[1m[97m INFO [0m Applying AVERAGED calibrations p0, p1, ...

╔════════════════════════════════════════════════════════════════════════════════════╗
║ [1mFINAL CALIBRATION PARAMETERS[0m                                                       ║
╠════════╤══════════════════╤══════════════════╤══════════════════╤══════════════════╣
│ [1m[32;1mTagger[0m │ [1m[32;1mp0              [0m │ [1m[32;1mp1              [0m │ [1m[32;1mΔp0             [0m │ [1m[32;1mΔp1             [0m │
├────────┼──────────────────┼──────────────────┼──────────────────┼──────────────────┤
│ [1m[32mOSMuon[0m │  0.0104 ± 0.0026 │ -0.0513 ± 0.0512 │ -0.0054 ± 0.0053 │ -0.2494 ± 0.1023 │
└────────┴──────────────────┴──────────────────┴──────────────────┴──────────────────┘

╔══════════════════════════════════════════════════════════╗
║ [1mCALIBRATED TAGGER STATISTICS[0m                             ║
╠════════╤═══════╤═══════╤═════════════╤═════════╤═════════╣
│ [1m[32;1mTagger[0m │ [1m[32;1m#Evts[0m │ [1m[32;1mΣw   [0m │ [1m[32;1m(Σw)² / Σw²[0m │ [1m[32;1m#Tagged[0m │ [1m[32;1mΣ_tag w[0m │
├────────┼───────┼───────┼─────────────┼─────────┼─────────┤
│ [1m[32mOSMuon[0m │ 67579 │ 67579 │ 67579.0     │ 25690   │ 25690   │
└────────┴───────┴───────┴─────────────┴─────────┴─────────┘

╔════════════════════════════════════════════════════════════════════════════════════════════════════════════════════════════════════════╗
║ [1mCALIBRATED TAGGING PERFORMANCES[0m                                                                                                        ║
╠════════╤═════════════════════╤═════════════════════╤═════════════════════════════════════════╤═════════════════════════════════════════╣
│ [1m[32;1mTagger[0m │ [1m[32;1mTagging Efficiency [0m │ [1m[32;1mAvg. Mistag Rate   [0m │ [1m[32;1mEffective Mistag                       [0m │ [1m[32;1mTagging Power                          [0m │
├────────┼─────────────────────┼─────────────────────┼─────────────────────────────────────────┼─────────────────────────────────────────┤
│ [1m[32mOSMuon[0m │ (38.0148 ± 0.1867)% │ (46.8509 ± 0.3113)% │ (43.9566 ± 0.0462(stat) ± 0.2884(cal))% │ ( 0.5554 ± 0.0089(stat) ±  0.053(cal))% │
└────────┴─────────────────────┴─────────────────────┴─────────────────────────────────────────┴─────────────────────────────────────────┘


[33m[1m ▲▲▲ Warning summary ▲▲▲[0m
[34mOSMuon Tagger[0m
[33m[1m[OverflowWarning][0m 9791 calibrated mistag values > 0.5

[1m----------------------------------------
--------------- Plotting ---------------
----------------------------------------[0m
splitting: [array([0.09720343, 0.10064855, 0.1072765 , ..., 0.4117256 , 0.41173221,
       0.41173836]), array([0.41175093, 0.41175292, 0.41177891, ..., 0.45423968, 0.45425419,
       0.45425651]), array([0.45426203, 0.45426464, 0.45426696, ..., 0.46948806, 0.46948806,
       0.46948874]), array([0.46949759, 0.46950002, 0.46950031, ..., 0.47715232, 0.4771529 ,
       0.4771529 ]), array([0.4771569 , 0.47715884, 0.47715982, ..., 0.48287093, 0.48287102,
       0.48287297]), array([0.48287624, 0.48287725, 0.48287764, ..., 0.48696572, 0.4869686 ,
       0.48696883]), array([0.48696942, 0.48696962, 0.48696977, ..., 0.49020158, 0.49020192,
       0.49020202]), array([0.49020255, 0.49020314, 0.49020314, ..., 0.4931056 , 0.4931059 ,
       0.49310619]), array([0.49310657, 0.49310706, 0.49310765, ..., 0.49618097, 0.49618371,
       0.496184  ]), array([0.49618444, 0.49618654, 0.49618693, ..., 0.4999922 , 0.49999673,
       0.49999839])]
[1m[97m INFO [0m pdf file OSMuon_Calibration.pdf has been created
Tagger parameters saved at /ceph/users/molocco/classical-taggers/results/Bu2JpsiK/OSMuon/moreData_closedVELO_seed42_0.001_500_75_optimized
Applying pre-selections on sample: /ceph/users/molocco/classical-taggers/root/Bu2JpsiK/closedVELO_notSelected.root:DecayTree
The applied cut is: (((Bp_Tr_T_PIDK>5.49 )& ((Bp_Tr_T_PROBNN_K >0.717) | (Bp_Tr_T_PIDe <1.917 & Bp_Tr_T_PROBNN_P <0.99)) & (Bp_Tr_T_ISMUON == 0) & (Bp_Tr_T_BPVZ == Bp_BPVZ) & (Bp_Tr_T_BPVY == Bp_BPVY) & (Bp_Tr_T_BPVX == Bp_BPVX)) & (Bp_Tr_T_IPSig > 2.3727272727272726))
Pre-selections applied. NTuple saved at /ceph/users/molocco/classical-taggers/root/Bu2JpsiK/OSKaon/closedVELO_selected_optimized.root
79045 tracks among the 6328965 total tracks have been selected as tagging particles
Training set has 10710 rows
Validation set has 1190 rows
--------------Epoch:0/499-------------
Train:0.694362, Validation:0.689850, Time:0.34s
--------------Epoch:1/499-------------
Train:0.692169, Validation:0.687998, Time:0.34s
--------------Epoch:2/499-------------
Train:0.691155, Validation:0.686683, Time:0.33s
--------------Epoch:3/499-------------
Train:0.690461, Validation:0.685795, Time:0.33s
--------------Epoch:4/499-------------
Train:0.690528, Validation:0.686303, Time:0.33s
--------------Epoch:5/499-------------
Train:0.690211, Validation:0.686477, Time:0.33s
--------------Epoch:6/499-------------
Train:0.690381, Validation:0.686450, Time:0.33s
--------------Epoch:7/499-------------
Train:0.690629, Validation:0.685333, Time:0.33s
--------------Epoch:8/499-------------
Train:0.689345, Validation:0.685797, Time:0.33s
--------------Epoch:9/499-------------
Train:0.690719, Validation:0.686917, Time:0.34s
--------------Epoch:10/499-------------
Train:0.689293, Validation:0.685288, Time:0.33s
--------------Epoch:11/499-------------
Train:0.690537, Validation:0.686721, Time:0.33s
--------------Epoch:12/499-------------
Train:0.689636, Validation:0.685443, Time:0.33s
--------------Epoch:13/499-------------
Train:0.689190, Validation:0.685779, Time:0.33s
--------------Epoch:14/499-------------
Train:0.689363, Validation:0.686373, Time:0.33s
--------------Epoch:15/499-------------
Train:0.689463, Validation:0.686631, Time:0.34s
--------------Epoch:16/499-------------
Train:0.689897, Validation:0.685900, Time:0.33s
--------------Epoch:17/499-------------
Train:0.689302, Validation:0.685101, Time:0.33s
--------------Epoch:18/499-------------
Train:0.689923, Validation:0.685917, Time:0.33s
--------------Epoch:19/499-------------
Train:0.689675, Validation:0.685804, Time:0.33s
--------------Epoch:20/499-------------
Train:0.688816, Validation:0.685120, Time:0.33s
--------------Epoch:21/499-------------
Train:0.689722, Validation:0.685113, Time:0.33s
--------------Epoch:22/499-------------
Train:0.688791, Validation:0.685318, Time:0.33s
--------------Epoch:23/499-------------
Train:0.689392, Validation:0.686317, Time:0.34s
--------------Epoch:24/499-------------
Train:0.689121, Validation:0.686651, Time:0.34s
--------------Epoch:25/499-------------
Train:0.688012, Validation:0.686223, Time:0.33s
--------------Epoch:26/499-------------
Train:0.688593, Validation:0.686013, Time:0.33s
--------------Epoch:27/499-------------
Train:0.688861, Validation:0.687066, Time:0.34s
--------------Epoch:28/499-------------
Train:0.687541, Validation:0.685959, Time:0.33s
--------------Epoch:29/499-------------
Train:0.687357, Validation:0.686071, Time:0.33s
--------------Epoch:30/499-------------
Train:0.688219, Validation:0.686334, Time:0.33s
--------------Epoch:31/499-------------
Train:0.687881, Validation:0.686351, Time:0.34s
--------------Epoch:32/499-------------
Train:0.687752, Validation:0.686476, Time:0.34s
--------------Epoch:33/499-------------
Train:0.688102, Validation:0.686668, Time:0.34s
--------------Epoch:34/499-------------
Train:0.688178, Validation:0.686824, Time:0.33s
--------------Epoch:35/499-------------
Train:0.688250, Validation:0.686669, Time:0.33s
--------------Epoch:36/499-------------
Train:0.687359, Validation:0.686187, Time:0.33s
--------------Epoch:37/499-------------
Train:0.687597, Validation:0.686314, Time:0.33s
--------------Epoch:38/499-------------
Train:0.687605, Validation:0.686296, Time:0.33s
--------------Epoch:39/499-------------
Train:0.687803, Validation:0.686726, Time:0.5s
--------------Epoch:40/499-------------
Train:0.687753, Validation:0.687281, Time:0.33s
--------------Epoch:41/499-------------
Train:0.686814, Validation:0.686722, Time:0.35s
--------------Epoch:42/499-------------
Train:0.687428, Validation:0.687853, Time:0.33s
--------------Epoch:43/499-------------
Train:0.688198, Validation:0.688221, Time:0.33s
--------------Epoch:44/499-------------
Train:0.687735, Validation:0.688119, Time:0.33s
--------------Epoch:45/499-------------
Train:0.688036, Validation:0.687479, Time:0.33s
--------------Epoch:46/499-------------
Train:0.687715, Validation:0.688083, Time:0.33s
--------------Epoch:47/499-------------
Train:0.687759, Validation:0.688309, Time:0.33s
--------------Epoch:48/499-------------
Train:0.688843, Validation:0.688002, Time:0.33s
--------------Epoch:49/499-------------
Train:0.686134, Validation:0.688534, Time:0.33s
--------------Epoch:50/499-------------
Train:0.686691, Validation:0.688584, Time:0.33s
--------------Epoch:51/499-------------
Train:0.687933, Validation:0.688220, Time:0.33s
--------------Epoch:52/499-------------
Train:0.687912, Validation:0.687887, Time:0.33s
--------------Epoch:53/499-------------
Train:0.688105, Validation:0.688126, Time:0.33s
--------------Epoch:54/499-------------
Train:0.687599, Validation:0.687785, Time:0.33s
--------------Epoch:55/499-------------
Train:0.686539, Validation:0.688861, Time:0.34s
--------------Epoch:56/499-------------
Train:0.687404, Validation:0.688029, Time:0.33s
--------------Epoch:57/499-------------
Train:0.687328, Validation:0.688448, Time:0.33s
--------------Epoch:58/499-------------
Train:0.686426, Validation:0.689203, Time:0.33s
--------------Epoch:59/499-------------
Train:0.687550, Validation:0.689299, Time:0.33s
--------------Epoch:60/499-------------
Train:0.686307, Validation:0.688981, Time:0.33s
--------------Epoch:61/499-------------
Train:0.686196, Validation:0.689814, Time:0.33s
--------------Epoch:62/499-------------
Train:0.686491, Validation:0.689047, Time:0.33s
--------------Epoch:63/499-------------
Train:0.687279, Validation:0.688754, Time:0.33s
--------------Epoch:64/499-------------
Train:0.686404, Validation:0.689139, Time:0.33s
--------------Epoch:65/499-------------
Train:0.686852, Validation:0.689200, Time:0.33s
--------------Epoch:66/499-------------
Train:0.685928, Validation:0.688600, Time:0.33s
--------------Epoch:67/499-------------
Train:0.686878, Validation:0.689700, Time:0.33s
--------------Epoch:68/499-------------
Train:0.687159, Validation:0.688702, Time:0.33s
--------------Epoch:69/499-------------
Train:0.684463, Validation:0.688692, Time:0.34s
--------------Epoch:70/499-------------
Train:0.686184, Validation:0.689853, Time:0.33s
--------------Epoch:71/499-------------
Train:0.685340, Validation:0.689151, Time:0.33s
--------------Epoch:72/499-------------
Train:0.686685, Validation:0.689859, Time:0.33s
--------------Epoch:73/499-------------
Train:0.687569, Validation:0.688618, Time:0.33s
--------------Epoch:74/499-------------
Train:0.686979, Validation:0.688284, Time:0.33s
--------------Epoch:75/499-------------
Train:0.686665, Validation:0.690145, Time:0.33s
--------------Epoch:76/499-------------
Train:0.686005, Validation:0.689600, Time:0.33s
--------------Epoch:77/499-------------
Train:0.687820, Validation:0.689205, Time:0.33s
--------------Epoch:78/499-------------
Train:0.686225, Validation:0.689079, Time:0.33s
Training finished in 0.45 min, 79 epochs, early stopping: True
Test set has 67145 tracks selected as tagging particles
[1m[97m INFO [0m Correlations of selected events
////////////////////////////////////////////////////////////////////////////////
[1mTagger Fire Correlations [%][0m
////////////////////////////////////////////////////////////////////////////////
        OSKaon
OSKaon   100.0 
//////////////////////////////////////////////////////////////////////////////// 

[1m[97m INFO [0m Correlations of selected events
////////////////////////////////////////////////////////////////////////////////
[1mTagger Decision Correlations [%][0m
////////////////////////////////////////////////////////////////////////////////
        OSKaon
OSKaon   100.0 
//////////////////////////////////////////////////////////////////////////////// 

[1m[97m INFO [0m Correlations of selected events
////////////////////////////////////////////////////////////////////////////////
[1mTagger Decision Correlations (dilution weighted) [%][0m
////////////////////////////////////////////////////////////////////////////////
        OSKaon
OSKaon   100.0 
//////////////////////////////////////////////////////////////////////////////// 

[1m[97m INFO [0m Correlations of selected events
////////////////////////////////////////////////////////////////////////////////
[1mTagger Decision Correlations (If both fire) [%][0m
////////////////////////////////////////////////////////////////////////////////
        OSKaon
OSKaon   100.0 
//////////////////////////////////////////////////////////////////////////////// 

╔══════════════════════════════════════════════════════════╗
║ [1mRAW TAGGER STATISTICS[0m                                    ║
╠════════╤═══════╤═══════╤═════════════╤═════════╤═════════╣
│ [1m[32;1mTagger[0m │ [1m[32;1m#Evts[0m │ [1m[32;1mΣw   [0m │ [1m[32;1m(Σw)² / Σw²[0m │ [1m[32;1m#Tagged[0m │ [1m[32;1mΣ_tag w[0m │
├────────┼───────┼───────┼─────────────┼─────────┼─────────┤
│ [1m[32mOSKaon[0m │ 67579 │ 67579 │ 67579.0     │ 39158   │ 39158   │
└────────┴───────┴───────┴─────────────┴─────────┴─────────┘

╔════════════════════════════════════════════════════════════════════════════════════════════════╗
║ [1mRAW TAGGING PERFORMANCES[0m                                                                       ║
╠════════╤═════════════════════╤═════════════════════╤═════════════════════╤═════════════════════╣
│ [1m[32;1mTagger[0m │ [1m[32;1mTagging Efficiency [0m │ [1m[32;1mAvg. Mistag Rate   [0m │ [1m[32;1mEffective Mistag   [0m │ [1m[32;1mTagging Power      [0m │
├────────┼─────────────────────┼─────────────────────┼─────────────────────┼─────────────────────┤
│ [1m[32mOSKaon[0m │ ( 57.944 ± 0.1899)% │ (46.7389 ± 0.2521)% │ (42.1213 ± 0.0322)% │ ( 1.4387 ± 0.0127)% │
└────────┴─────────────────────┴─────────────────────┴─────────────────────┴─────────────────────┘

[1m[97mBasis representation for OSKaon[0m
Link function: mistag
P_0(x) = 1 
P_1(x) = x -0.4399 
[1m[94m/////////////////////////
//// Running calibrations [0m
[1m[97m-------------------- OSKaon calibration --------------------[0m
[1m[97m INFO [0m iminuit version 2.17.0
[1m[97m INFO [0m Starting minimization for OSKaon
[1m[97m INFO [0m Selection keeps 67579(67579 weighted) out of 67579(67579) events (100.0%)
I MnSeedGenerator Initial state: FCN =       27008.48556 Edm =       77.49172572 NCalls =     17
I VariableMetricBuilder Start iterating until Edm is < 0.0001 with call limit = 680
I VariableMetricBuilder    0 - FCN =       27008.48556 Edm =       77.49172572 NCalls =     17
I VariableMetricBuilder    1 - FCN =       26931.95206 Edm =     0.03633708253 NCalls =     26
I VariableMetricBuilder    2 - FCN =       26931.91075 Edm =   2.534831294e-05 NCalls =     36
[1m[97m INFO [0m Minimum found
[1m[97m INFO [0m Covariance matrix accurate
[1m[97m INFO [0m Applying AVERAGED calibrations p0, p1, ...

╔════════════════════════════════════════════════════════════════════════════════════╗
║ [1mFINAL CALIBRATION PARAMETERS[0m                                                       ║
╠════════╤══════════════════╤══════════════════╤══════════════════╤══════════════════╣
│ [1m[32;1mTagger[0m │ [1m[32;1mp0              [0m │ [1m[32;1mp1              [0m │ [1m[32;1mΔp0             [0m │ [1m[32;1mΔp1             [0m │
├────────┼──────────────────┼──────────────────┼──────────────────┼──────────────────┤
│ [1m[32mOSKaon[0m │  0.0275 ± 0.0025 │ -0.2264 ± 0.0482 │  0.0029 ±  0.005 │ -0.2296 ± 0.0965 │
└────────┴──────────────────┴──────────────────┴──────────────────┴──────────────────┘

╔══════════════════════════════════════════════════════════╗
║ [1mCALIBRATED TAGGER STATISTICS[0m                             ║
╠════════╤═══════╤═══════╤═════════════╤═════════╤═════════╣
│ [1m[32;1mTagger[0m │ [1m[32;1m#Evts[0m │ [1m[32;1mΣw   [0m │ [1m[32;1m(Σw)² / Σw²[0m │ [1m[32;1m#Tagged[0m │ [1m[32;1mΣ_tag w[0m │
├────────┼───────┼───────┼─────────────┼─────────┼─────────┤
│ [1m[32mOSKaon[0m │ 67579 │ 67579 │ 67579.0     │ 33598   │ 33598   │
└────────┴───────┴───────┴─────────────┴─────────┴─────────┘

╔════════════════════════════════════════════════════════════════════════════════════════════════════════════════════════════════════════╗
║ [1mCALIBRATED TAGGING PERFORMANCES[0m                                                                                                        ║
╠════════╤═════════════════════╤═════════════════════╤═════════════════════════════════════════╤═════════════════════════════════════════╣
│ [1m[32;1mTagger[0m │ [1m[32;1mTagging Efficiency [0m │ [1m[32;1mAvg. Mistag Rate   [0m │ [1m[32;1mEffective Mistag                       [0m │ [1m[32;1mTagging Power                          [0m │
├────────┼─────────────────────┼─────────────────────┼─────────────────────────────────────────┼─────────────────────────────────────────┤
│ [1m[32mOSKaon[0m │ (49.7166 ± 0.1923)% │ ( 46.095 ± 0.2719)% │ (44.4784 ± 0.0241(stat) ± 0.2651(cal))% │ ( 0.6063 ± 0.0058(stat) ± 0.0582(cal))% │
└────────┴─────────────────────┴─────────────────────┴─────────────────────────────────────────┴─────────────────────────────────────────┘


[33m[1m ▲▲▲ Warning summary ▲▲▲[0m
[34mOSKaon Tagger[0m
[33m[1m[OverflowWarning][0m 5560 calibrated mistag values > 0.5

[1m----------------------------------------
--------------- Plotting ---------------
----------------------------------------[0m
splitting: [array([0.14542552, 0.15359384, 0.16152115, ..., 0.36399154, 0.36399209,
       0.36400594]), array([0.36400905, 0.36401138, 0.36402056, ..., 0.39202942, 0.39203471,
       0.39203551]), array([0.392038  , 0.39205073, 0.39205105, ..., 0.42257546, 0.42257808,
       0.42260826]), array([0.42261909, 0.42262229, 0.42262835, ..., 0.45037856, 0.45039287,
       0.45039603]), array([0.45039637, 0.45039685, 0.45039853, ..., 0.46345595, 0.46345938,
       0.46346046]), array([0.46346431, 0.46346539, 0.46346584, ..., 0.46949658, 0.4694985 ,
       0.46950022]), array([0.46950136, 0.46950177, 0.46950214, ..., 0.47373334, 0.4737343 ,
       0.47373435]), array([0.47373517, 0.47373832, 0.47373832, ..., 0.47823257, 0.47823284,
       0.47823329]), array([0.4782335 , 0.47823351, 0.4782348 , ..., 0.48567994, 0.48568154,
       0.48568243]), array([0.4856828 , 0.48568334, 0.48568809, ..., 0.49997292, 0.49998283,
       0.4999902 ])]
[1m[97m INFO [0m pdf file OSKaon_Calibration.pdf has been created
Tagger parameters saved at /ceph/users/molocco/classical-taggers/results/Bu2JpsiK/OSKaon/moreData_closedVELO_seed42_0.001_500_75_optimized
Applying pre-selections on sample: /ceph/users/molocco/classical-taggers/root/Bu2JpsiK/closedVELO_notSelected.root:DecayTree
The applied cut is: ((Bp_Tr_T_PIDe>0.93) & (Bp_Tr_T_ISMUON == 0) & (Bp_Tr_T_BPVZ == Bp_BPVZ) & (Bp_Tr_T_BPVY == Bp_BPVY) & (Bp_Tr_T_BPVX == Bp_BPVX) )
Pre-selections applied. NTuple saved at /ceph/users/molocco/classical-taggers/root/Bu2JpsiK/OSElectron/closedVELO_selected_optimized.root
109951 tracks among the 6328965 total tracks have been selected as tagging particles
Training set has 14944 rows
Validation set has 1661 rows
--------------Epoch:0/499-------------
Train:0.693156, Validation:0.692112, Time:0.47s
--------------Epoch:1/499-------------
Train:0.692895, Validation:0.692113, Time:0.46s
--------------Epoch:2/499-------------
Train:0.692694, Validation:0.691965, Time:0.45s
--------------Epoch:3/499-------------
Train:0.691828, Validation:0.691613, Time:0.47s
--------------Epoch:4/499-------------
Train:0.692803, Validation:0.691965, Time:0.45s
--------------Epoch:5/499-------------
Train:0.692329, Validation:0.692032, Time:0.45s
--------------Epoch:6/499-------------
Train:0.691700, Validation:0.691762, Time:0.45s
--------------Epoch:7/499-------------
Train:0.691834, Validation:0.691370, Time:0.45s
--------------Epoch:8/499-------------
Train:0.691678, Validation:0.691386, Time:0.45s
--------------Epoch:9/499-------------
Train:0.691776, Validation:0.691584, Time:0.46s
--------------Epoch:10/499-------------
Train:0.691726, Validation:0.691005, Time:0.45s
--------------Epoch:11/499-------------
Train:0.691794, Validation:0.691405, Time:0.45s
--------------Epoch:12/499-------------
Train:0.691283, Validation:0.691155, Time:0.45s
--------------Epoch:13/499-------------
Train:0.691494, Validation:0.690981, Time:0.45s
--------------Epoch:14/499-------------
Train:0.691797, Validation:0.691300, Time:0.45s
--------------Epoch:15/499-------------
Train:0.691425, Validation:0.691650, Time:0.47s
--------------Epoch:16/499-------------
Train:0.691763, Validation:0.691586, Time:0.46s
--------------Epoch:17/499-------------
Train:0.692092, Validation:0.691542, Time:0.46s
--------------Epoch:18/499-------------
Train:0.692149, Validation:0.691676, Time:0.46s
--------------Epoch:19/499-------------
Train:0.691266, Validation:0.691728, Time:0.46s
--------------Epoch:20/499-------------
Train:0.691442, Validation:0.691716, Time:0.45s
--------------Epoch:21/499-------------
Train:0.691713, Validation:0.692202, Time:0.47s
--------------Epoch:22/499-------------
Train:0.692001, Validation:0.692085, Time:0.46s
--------------Epoch:23/499-------------
Train:0.691795, Validation:0.692088, Time:0.46s
--------------Epoch:24/499-------------
Train:0.692140, Validation:0.692012, Time:0.46s
--------------Epoch:25/499-------------
Train:0.691429, Validation:0.691699, Time:0.45s
--------------Epoch:26/499-------------
Train:0.691534, Validation:0.691518, Time:0.45s
--------------Epoch:27/499-------------
Train:0.691807, Validation:0.691845, Time:0.45s
--------------Epoch:28/499-------------
Train:0.691047, Validation:0.691662, Time:0.45s
--------------Epoch:29/499-------------
Train:0.691173, Validation:0.691583, Time:0.45s
--------------Epoch:30/499-------------
Train:0.691369, Validation:0.691439, Time:0.46s
--------------Epoch:31/499-------------
Train:0.691459, Validation:0.691605, Time:0.46s
--------------Epoch:32/499-------------
Train:0.691390, Validation:0.690981, Time:0.46s
--------------Epoch:33/499-------------
Train:0.691423, Validation:0.691174, Time:0.62s
--------------Epoch:34/499-------------
Train:0.691167, Validation:0.691167, Time:0.47s
--------------Epoch:35/499-------------
Train:0.691267, Validation:0.691146, Time:0.46s
--------------Epoch:36/499-------------
Train:0.690672, Validation:0.691215, Time:0.46s
--------------Epoch:37/499-------------
Train:0.691930, Validation:0.691666, Time:0.46s
--------------Epoch:38/499-------------
Train:0.690552, Validation:0.690962, Time:0.46s
--------------Epoch:39/499-------------
Train:0.690810, Validation:0.691651, Time:0.47s
--------------Epoch:40/499-------------
Train:0.691487, Validation:0.691887, Time:0.46s
--------------Epoch:41/499-------------
Train:0.691321, Validation:0.691748, Time:0.46s
--------------Epoch:42/499-------------
Train:0.691523, Validation:0.691716, Time:0.46s
--------------Epoch:43/499-------------
Train:0.690798, Validation:0.691754, Time:0.46s
--------------Epoch:44/499-------------
Train:0.691485, Validation:0.692104, Time:0.46s
--------------Epoch:45/499-------------
Train:0.691769, Validation:0.691720, Time:0.45s
--------------Epoch:46/499-------------
Train:0.690585, Validation:0.692028, Time:0.46s
--------------Epoch:47/499-------------
Train:0.690745, Validation:0.691622, Time:0.46s
--------------Epoch:48/499-------------
Train:0.691012, Validation:0.691877, Time:0.47s
--------------Epoch:49/499-------------
Train:0.691174, Validation:0.691615, Time:0.46s
--------------Epoch:50/499-------------
Train:0.691431, Validation:0.691817, Time:0.46s
--------------Epoch:51/499-------------
Train:0.690869, Validation:0.691778, Time:0.46s
--------------Epoch:52/499-------------
Train:0.691751, Validation:0.692192, Time:0.45s
--------------Epoch:53/499-------------
Train:0.690670, Validation:0.691942, Time:0.46s
--------------Epoch:54/499-------------
Train:0.690739, Validation:0.691574, Time:0.46s
--------------Epoch:55/499-------------
Train:0.690610, Validation:0.691625, Time:0.46s
--------------Epoch:56/499-------------
Train:0.691205, Validation:0.691958, Time:0.46s
--------------Epoch:57/499-------------
Train:0.691200, Validation:0.692220, Time:0.45s
--------------Epoch:58/499-------------
Train:0.690772, Validation:0.691916, Time:0.45s
--------------Epoch:59/499-------------
Train:0.690743, Validation:0.692243, Time:0.45s
--------------Epoch:60/499-------------
Train:0.690778, Validation:0.692385, Time:0.45s
--------------Epoch:61/499-------------
Train:0.691209, Validation:0.692470, Time:0.45s
--------------Epoch:62/499-------------
Train:0.690455, Validation:0.692310, Time:0.46s
--------------Epoch:63/499-------------
Train:0.690310, Validation:0.691917, Time:0.46s
--------------Epoch:64/499-------------
Train:0.690007, Validation:0.692051, Time:0.46s
--------------Epoch:65/499-------------
Train:0.690694, Validation:0.691790, Time:0.46s
--------------Epoch:66/499-------------
Train:0.691370, Validation:0.692053, Time:0.45s
--------------Epoch:67/499-------------
Train:0.690832, Validation:0.692203, Time:0.45s
--------------Epoch:68/499-------------
Train:0.690084, Validation:0.692850, Time:0.45s
--------------Epoch:69/499-------------
Train:0.690274, Validation:0.692460, Time:0.45s
--------------Epoch:70/499-------------
Train:0.690600, Validation:0.692281, Time:0.46s
--------------Epoch:71/499-------------
Train:0.689864, Validation:0.692910, Time:0.45s
--------------Epoch:72/499-------------
Train:0.690520, Validation:0.692570, Time:0.45s
--------------Epoch:73/499-------------
Train:0.690720, Validation:0.692699, Time:0.45s
--------------Epoch:74/499-------------
Train:0.690440, Validation:0.691925, Time:0.45s
--------------Epoch:75/499-------------
Train:0.690162, Validation:0.691591, Time:0.45s
--------------Epoch:76/499-------------
Train:0.690579, Validation:0.692174, Time:0.45s
--------------Epoch:77/499-------------
Train:0.690394, Validation:0.692106, Time:0.45s
--------------Epoch:78/499-------------
Train:0.690443, Validation:0.692281, Time:0.46s
Training finished in 0.6 min, 79 epochs, early stopping: True
Test set has 93346 tracks selected as tagging particles
[1m[97m INFO [0m Correlations of selected events
////////////////////////////////////////////////////////////////////////////////
[1mTagger Fire Correlations [%][0m
////////////////////////////////////////////////////////////////////////////////
            OSElectron
OSElectron       100.0 
//////////////////////////////////////////////////////////////////////////////// 

[1m[97m INFO [0m Correlations of selected events
////////////////////////////////////////////////////////////////////////////////
[1mTagger Decision Correlations [%][0m
////////////////////////////////////////////////////////////////////////////////
            OSElectron
OSElectron       100.0 
//////////////////////////////////////////////////////////////////////////////// 

[1m[97m INFO [0m Correlations of selected events
////////////////////////////////////////////////////////////////////////////////
[1mTagger Decision Correlations (dilution weighted) [%][0m
////////////////////////////////////////////////////////////////////////////////
            OSElectron
OSElectron       100.0 
//////////////////////////////////////////////////////////////////////////////// 

[1m[97m INFO [0m Correlations of selected events
////////////////////////////////////////////////////////////////////////////////
[1mTagger Decision Correlations (If both fire) [%][0m
////////////////////////////////////////////////////////////////////////////////
            OSElectron
OSElectron       100.0 
//////////////////////////////////////////////////////////////////////////////// 

╔══════════════════════════════════════════════════════════════╗
║ [1mRAW TAGGER STATISTICS[0m                                        ║
╠════════════╤═══════╤═══════╤═════════════╤═════════╤═════════╣
│ [1m[32;1mTagger    [0m │ [1m[32;1m#Evts[0m │ [1m[32;1mΣw   [0m │ [1m[32;1m(Σw)² / Σw²[0m │ [1m[32;1m#Tagged[0m │ [1m[32;1mΣ_tag w[0m │
├────────────┼───────┼───────┼─────────────┼─────────┼─────────┤
│ [1m[32mOSElectron[0m │ 67579 │ 67579 │ 67579.0     │ 42858   │ 42858   │
└────────────┴───────┴───────┴─────────────┴─────────┴─────────┘

╔════════════════════════════════════════════════════════════════════════════════════════════════════╗
║ [1mRAW TAGGING PERFORMANCES[0m                                                                           ║
╠════════════╤═════════════════════╤═════════════════════╤═════════════════════╤═════════════════════╣
│ [1m[32;1mTagger    [0m │ [1m[32;1mTagging Efficiency [0m │ [1m[32;1mAvg. Mistag Rate   [0m │ [1m[32;1mEffective Mistag   [0m │ [1m[32;1mTagging Power      [0m │
├────────────┼─────────────────────┼─────────────────────┼─────────────────────┼─────────────────────┤
│ [1m[32mOSElectron[0m │ (63.4191 ± 0.1853)% │ (48.4904 ± 0.2414)% │ (44.8096 ± 0.0476)% │ ( 0.6834 ± 0.0127)% │
└────────────┴─────────────────────┴─────────────────────┴─────────────────────┴─────────────────────┘

[1m[97mBasis representation for OSElectron[0m
Link function: mistag
P_0(x) = 1 
P_1(x) = x -0.4690 
[1m[94m/////////////////////////
//// Running calibrations [0m
[1m[97m-------------------- OSElectron calibration --------------------[0m
[1m[97m INFO [0m iminuit version 2.17.0
[1m[97m INFO [0m Starting minimization for OSElectron
[1m[97m INFO [0m Selection keeps 67579(67579 weighted) out of 67579(67579) events (100.0%)
I MnSeedGenerator Initial state: FCN =       29684.21406 Edm =       49.27512428 NCalls =     17
I VariableMetricBuilder Start iterating until Edm is < 0.0001 with call limit = 680
I VariableMetricBuilder    0 - FCN =       29684.21406 Edm =       49.27512428 NCalls =     17
I VariableMetricBuilder    1 - FCN =       29632.84162 Edm =       1.098145701 NCalls =     26
I VariableMetricBuilder    2 - FCN =       29631.00833 Edm =    0.003506949181 NCalls =     36
I VariableMetricBuilder    3 - FCN =       29631.00418 Edm =   4.221901039e-05 NCalls =     46
[1m[97m INFO [0m Minimum found
[1m[97m INFO [0m Covariance matrix accurate
[1m[97m INFO [0m Applying AVERAGED calibrations p0, p1, ...

╔════════════════════════════════════════════════════════════════════════════════════════╗
║ [1mFINAL CALIBRATION PARAMETERS[0m                                                           ║
╠════════════╤══════════════════╤══════════════════╤══════════════════╤══════════════════╣
│ [1m[32;1mTagger    [0m │ [1m[32;1mp0              [0m │ [1m[32;1mp1              [0m │ [1m[32;1mΔp0             [0m │ [1m[32;1mΔp1             [0m │
├────────────┼──────────────────┼──────────────────┼──────────────────┼──────────────────┤
│ [1m[32mOSElectron[0m │  0.0159 ± 0.0024 │ -0.3985 ± 0.0555 │  0.0018 ± 0.0048 │  0.1395 ±  0.111 │
└────────────┴──────────────────┴──────────────────┴──────────────────┴──────────────────┘

╔══════════════════════════════════════════════════════════════╗
║ [1mCALIBRATED TAGGER STATISTICS[0m                                 ║
╠════════════╤═══════╤═══════╤═════════════╤═════════╤═════════╣
│ [1m[32;1mTagger    [0m │ [1m[32;1m#Evts[0m │ [1m[32;1mΣw   [0m │ [1m[32;1m(Σw)² / Σw²[0m │ [1m[32;1m#Tagged[0m │ [1m[32;1mΣ_tag w[0m │
├────────────┼───────┼───────┼─────────────┼─────────┼─────────┤
│ [1m[32mOSElectron[0m │ 67579 │ 67579 │ 67579.0     │ 38465   │ 38465   │
└────────────┴───────┴───────┴─────────────┴─────────┴─────────┘

╔════════════════════════════════════════════════════════════════════════════════════════════════════════════════════════════════════════════╗
║ [1mCALIBRATED TAGGING PERFORMANCES[0m                                                                                                            ║
╠════════════╤═════════════════════╤═════════════════════╤═════════════════════════════════════════╤═════════════════════════════════════════╣
│ [1m[32;1mTagger    [0m │ [1m[32;1mTagging Efficiency [0m │ [1m[32;1mAvg. Mistag Rate   [0m │ [1m[32;1mEffective Mistag                       [0m │ [1m[32;1mTagging Power                          [0m │
├────────────┼─────────────────────┼─────────────────────┼─────────────────────────────────────────┼─────────────────────────────────────────┤
│ [1m[32mOSElectron[0m │ (56.9186 ± 0.1905)% │ (48.3089 ± 0.2548)% │ (46.9127 ± 0.0292(stat) ± 0.2452(cal))% │ (  0.217 ± 0.0042(stat) ± 0.0345(cal))% │
└────────────┴─────────────────────┴─────────────────────┴─────────────────────────────────────────┴─────────────────────────────────────────┘


[33m[1m ▲▲▲ Warning summary ▲▲▲[0m
[34mOSElectron Tagger[0m
[33m[1m[OverflowWarning][0m 4393 calibrated mistag values > 0.5

[1m----------------------------------------
--------------- Plotting ---------------
----------------------------------------[0m
splitting: [array([0.05021609, 0.06062523, 0.07139591, ..., 0.43829467, 0.43829467,
       0.4383142 ]), array([0.43832903, 0.43833471, 0.43834074, ..., 0.46361189, 0.46361207,
       0.46361261]), array([0.46361395, 0.46361476, 0.46362032, ..., 0.4722138 , 0.47221406,
       0.47221487]), array([0.47221532, 0.47221658, 0.47221748, ..., 0.47740988, 0.47741024,
       0.47741024]), array([0.47741087, 0.47741276, 0.47741357, ..., 0.48105816, 0.48105861,
       0.48105865]), array([0.48105906, 0.48105969, 0.4810609 , ..., 0.48381784, 0.48381793,
       0.48381806]), array([0.4838182 , 0.48381824, 0.4838191 , ..., 0.48656964, 0.48657131,
       0.48657212]), array([0.48657257, 0.48657374, 0.48657374, ..., 0.49001235, 0.49001293,
       0.49001329]), array([0.49001406, 0.49001784, 0.49001843, ..., 0.49424575, 0.4942467 ,
       0.49424809]), array([0.49424809, 0.49424994, 0.49425323, ..., 0.49999412, 0.49999511,
       0.49999795])]
[1m[97m INFO [0m pdf file OSElectron_Calibration.pdf has been created
Tagger parameters saved at /ceph/users/molocco/classical-taggers/results/Bu2JpsiK/OSElectron/moreData_closedVELO_seed42_0.001_500_75_optimized
Applying pre-selections on sample: /ceph/users/molocco/classical-taggers/root/Bu2JpsiK/closedVELO_notSelected.root:DecayTree
The applied cut is: (((Bp_Tr_T_PIDK>5.49 )& ((Bp_Tr_T_PROBNN_K >0.717) | (Bp_Tr_T_PIDe <1.917 & Bp_Tr_T_PROBNN_P <0.99)) & (Bp_Tr_T_ISMUON == 0) & (Bp_Tr_T_BPVZ == Bp_BPVZ) & (Bp_Tr_T_BPVY == Bp_BPVY) & (Bp_Tr_T_BPVX == Bp_BPVX)) & (Bp_Tr_T_IPSig < 2.3727272727272726))
Pre-selections applied. NTuple saved at /ceph/users/molocco/classical-taggers/root/Bu2JpsiK/SSKaon/closedVELO_selected_optimized.root
235435 tracks among the 6328965 total tracks have been selected as tagging particles
Training set has 31884 rows
Validation set has 3543 rows
--------------Epoch:0/499-------------
Train:0.693802, Validation:0.692580, Time:0.97s
--------------Epoch:1/499-------------
Train:0.693168, Validation:0.692533, Time:0.96s
--------------Epoch:2/499-------------
Train:0.692836, Validation:0.692350, Time:0.96s
--------------Epoch:3/499-------------
Train:0.692841, Validation:0.692468, Time:0.95s
--------------Epoch:4/499-------------
Train:0.692797, Validation:0.692462, Time:0.96s
--------------Epoch:5/499-------------
Train:0.692657, Validation:0.692212, Time:0.95s
--------------Epoch:6/499-------------
Train:0.692727, Validation:0.692315, Time:0.96s
--------------Epoch:7/499-------------
Train:0.692815, Validation:0.692446, Time:0.96s
--------------Epoch:8/499-------------
Train:0.692716, Validation:0.692301, Time:0.96s
--------------Epoch:9/499-------------
Train:0.692683, Validation:0.692234, Time:0.96s
--------------Epoch:10/499-------------
Train:0.692794, Validation:0.692350, Time:0.96s
--------------Epoch:11/499-------------
Train:0.692450, Validation:0.691972, Time:0.96s
--------------Epoch:12/499-------------
Train:0.692662, Validation:0.691891, Time:0.96s
--------------Epoch:13/499-------------
Train:0.692275, Validation:0.692080, Time:0.96s
--------------Epoch:14/499-------------
Train:0.692574, Validation:0.692086, Time:0.96s
--------------Epoch:15/499-------------
Train:0.692428, Validation:0.692006, Time:0.96s
--------------Epoch:16/499-------------
Train:0.692584, Validation:0.692252, Time:0.96s
--------------Epoch:17/499-------------
Train:0.692285, Validation:0.692142, Time:0.96s
--------------Epoch:18/499-------------
Train:0.692370, Validation:0.692138, Time:0.96s
--------------Epoch:19/499-------------
Train:0.692405, Validation:0.692061, Time:1.12s
--------------Epoch:20/499-------------
Train:0.692563, Validation:0.692218, Time:0.96s
--------------Epoch:21/499-------------
Train:0.692419, Validation:0.692313, Time:0.96s
--------------Epoch:22/499-------------
Train:0.692274, Validation:0.692297, Time:0.96s
--------------Epoch:23/499-------------
Train:0.692456, Validation:0.692526, Time:0.96s
--------------Epoch:24/499-------------
Train:0.692553, Validation:0.692241, Time:0.96s
--------------Epoch:25/499-------------
Train:0.692384, Validation:0.692347, Time:0.96s
--------------Epoch:26/499-------------
Train:0.692317, Validation:0.691875, Time:0.97s
--------------Epoch:27/499-------------
Train:0.692123, Validation:0.692189, Time:0.96s
--------------Epoch:28/499-------------
Train:0.692354, Validation:0.692083, Time:0.96s
--------------Epoch:29/499-------------
Train:0.692547, Validation:0.692308, Time:0.96s
--------------Epoch:30/499-------------
Train:0.692208, Validation:0.692197, Time:0.96s
--------------Epoch:31/499-------------
Train:0.692169, Validation:0.691840, Time:0.96s
--------------Epoch:32/499-------------
Train:0.692567, Validation:0.691814, Time:0.96s
--------------Epoch:33/499-------------
Train:0.692500, Validation:0.692274, Time:0.96s
--------------Epoch:34/499-------------
Train:0.692437, Validation:0.692026, Time:0.97s
--------------Epoch:35/499-------------
Train:0.692262, Validation:0.691932, Time:0.96s
--------------Epoch:36/499-------------
Train:0.692291, Validation:0.692209, Time:0.96s
--------------Epoch:37/499-------------
Train:0.692357, Validation:0.692275, Time:0.96s
--------------Epoch:38/499-------------
Train:0.692236, Validation:0.692204, Time:0.96s
--------------Epoch:39/499-------------
Train:0.692495, Validation:0.692188, Time:0.96s
--------------Epoch:40/499-------------
Train:0.692001, Validation:0.692042, Time:0.96s
--------------Epoch:41/499-------------
Train:0.692358, Validation:0.692309, Time:0.96s
--------------Epoch:42/499-------------
Train:0.692200, Validation:0.692179, Time:0.96s
--------------Epoch:43/499-------------
Train:0.692278, Validation:0.692162, Time:0.96s
--------------Epoch:44/499-------------
Train:0.692211, Validation:0.692087, Time:0.96s
--------------Epoch:45/499-------------
Train:0.692140, Validation:0.691970, Time:0.96s
--------------Epoch:46/499-------------
Train:0.691911, Validation:0.691846, Time:0.96s
--------------Epoch:47/499-------------
Train:0.692031, Validation:0.692134, Time:0.96s
--------------Epoch:48/499-------------
Train:0.692147, Validation:0.692050, Time:0.96s
--------------Epoch:49/499-------------
Train:0.691976, Validation:0.692188, Time:0.96s
--------------Epoch:50/499-------------
Train:0.692340, Validation:0.691830, Time:0.96s
--------------Epoch:51/499-------------
Train:0.692140, Validation:0.692007, Time:0.96s
--------------Epoch:52/499-------------
Train:0.691974, Validation:0.692122, Time:0.96s
--------------Epoch:53/499-------------
Train:0.692075, Validation:0.692069, Time:0.96s
--------------Epoch:54/499-------------
Train:0.692101, Validation:0.691926, Time:0.96s
--------------Epoch:55/499-------------
Train:0.692112, Validation:0.692009, Time:0.96s
--------------Epoch:56/499-------------
Train:0.692347, Validation:0.691951, Time:0.96s
--------------Epoch:57/499-------------
Train:0.692265, Validation:0.691981, Time:0.96s
--------------Epoch:58/499-------------
Train:0.692386, Validation:0.691924, Time:0.96s
--------------Epoch:59/499-------------
Train:0.692008, Validation:0.691660, Time:0.96s
--------------Epoch:60/499-------------
Train:0.692400, Validation:0.691966, Time:0.96s
--------------Epoch:61/499-------------
Train:0.691959, Validation:0.692094, Time:0.96s
--------------Epoch:62/499-------------
Train:0.692138, Validation:0.691882, Time:0.96s
--------------Epoch:63/499-------------
Train:0.692089, Validation:0.692206, Time:0.96s
--------------Epoch:64/499-------------
Train:0.692101, Validation:0.691892, Time:0.96s
--------------Epoch:65/499-------------
Train:0.692237, Validation:0.691691, Time:0.97s
--------------Epoch:66/499-------------
Train:0.691860, Validation:0.691666, Time:0.96s
--------------Epoch:67/499-------------
Train:0.692134, Validation:0.691744, Time:0.96s
--------------Epoch:68/499-------------
Train:0.692263, Validation:0.691943, Time:1.12s
--------------Epoch:69/499-------------
Train:0.691900, Validation:0.691813, Time:0.96s
--------------Epoch:70/499-------------
Train:0.691896, Validation:0.691703, Time:0.96s
--------------Epoch:71/499-------------
Train:0.692151, Validation:0.691788, Time:0.96s
--------------Epoch:72/499-------------
Train:0.691918, Validation:0.691563, Time:0.96s
--------------Epoch:73/499-------------
Train:0.692222, Validation:0.692065, Time:0.97s
--------------Epoch:74/499-------------
Train:0.692092, Validation:0.691610, Time:0.96s
--------------Epoch:75/499-------------
Train:0.692016, Validation:0.691644, Time:0.96s
--------------Epoch:76/499-------------
Train:0.691872, Validation:0.691964, Time:0.96s
--------------Epoch:77/499-------------
Train:0.691977, Validation:0.691931, Time:0.97s
--------------Epoch:78/499-------------
Train:0.691761, Validation:0.692220, Time:0.97s
--------------Epoch:79/499-------------
Train:0.692019, Validation:0.692149, Time:0.97s
--------------Epoch:80/499-------------
Train:0.691624, Validation:0.692387, Time:0.97s
Training finished in 1.3 min, 81 epochs, early stopping: True
Test set has 200008 tracks selected as tagging particles
[1m[97m INFO [0m Correlations of selected events
////////////////////////////////////////////////////////////////////////////////
[1mTagger Fire Correlations [%][0m
////////////////////////////////////////////////////////////////////////////////
        SSKaon
SSKaon   100.0 
//////////////////////////////////////////////////////////////////////////////// 

[1m[97m INFO [0m Correlations of selected events
////////////////////////////////////////////////////////////////////////////////
[1mTagger Decision Correlations [%][0m
////////////////////////////////////////////////////////////////////////////////
        SSKaon
SSKaon   100.0 
//////////////////////////////////////////////////////////////////////////////// 

[1m[97m INFO [0m Correlations of selected events
////////////////////////////////////////////////////////////////////////////////
[1mTagger Decision Correlations (dilution weighted) [%][0m
////////////////////////////////////////////////////////////////////////////////
        SSKaon
SSKaon   100.0 
//////////////////////////////////////////////////////////////////////////////// 

[1m[97m INFO [0m Correlations of selected events
////////////////////////////////////////////////////////////////////////////////
[1mTagger Decision Correlations (If both fire) [%][0m
////////////////////////////////////////////////////////////////////////////////
        SSKaon
SSKaon   100.0 
//////////////////////////////////////////////////////////////////////////////// 

╔══════════════════════════════════════════════════════════╗
║ [1mRAW TAGGER STATISTICS[0m                                    ║
╠════════╤═══════╤═══════╤═════════════╤═════════╤═════════╣
│ [1m[32;1mTagger[0m │ [1m[32;1m#Evts[0m │ [1m[32;1mΣw   [0m │ [1m[32;1m(Σw)² / Σw²[0m │ [1m[32;1m#Tagged[0m │ [1m[32;1mΣ_tag w[0m │
├────────┼───────┼───────┼─────────────┼─────────┼─────────┤
│ [1m[32mSSKaon[0m │ 67577 │ 67577 │ 67577.0     │ 58795   │ 58795   │
└────────┴───────┴───────┴─────────────┴─────────┴─────────┘

╔════════════════════════════════════════════════════════════════════════════════════════════════╗
║ [1mRAW TAGGING PERFORMANCES[0m                                                                       ║
╠════════╤═════════════════════╤═════════════════════╤═════════════════════╤═════════════════════╣
│ [1m[32;1mTagger[0m │ [1m[32;1mTagging Efficiency [0m │ [1m[32;1mAvg. Mistag Rate   [0m │ [1m[32;1mEffective Mistag   [0m │ [1m[32;1mTagging Power      [0m │
├────────┼─────────────────────┼─────────────────────┼─────────────────────┼─────────────────────┤
│ [1m[32mSSKaon[0m │ (87.0045 ± 0.1294)% │ ( 47.652 ±  0.206)% │ ( 45.826 ± 0.0206)% │ ( 0.6063 ± 0.0061)% │
└────────┴─────────────────────┴─────────────────────┴─────────────────────┴─────────────────────┘

[1m[97mBasis representation for SSKaon[0m
Link function: mistag
P_0(x) = 1 
P_1(x) = x -0.4709 
[1m[94m/////////////////////////
//// Running calibrations [0m
[1m[97m-------------------- SSKaon calibration --------------------[0m
[1m[97m INFO [0m iminuit version 2.17.0
[1m[97m INFO [0m Starting minimization for SSKaon
[1m[97m INFO [0m Selection keeps 67577(67577 weighted) out of 67577(67577) events (100.0%)
I MnSeedGenerator Initial state: FCN =       40650.21798 Edm =       15.31516717 NCalls =     13
I VariableMetricBuilder Start iterating until Edm is < 0.0001 with call limit = 680
I VariableMetricBuilder    0 - FCN =       40650.21798 Edm =       15.31516717 NCalls =     13
I VariableMetricBuilder    1 - FCN =       40634.49468 Edm =      0.0540026398 NCalls =     22
I VariableMetricBuilder    2 - FCN =         40634.433 Edm =   1.431232712e-05 NCalls =     32
[1m[97m INFO [0m Minimum found
[1m[97m INFO [0m Covariance matrix accurate
[1m[97m INFO [0m Applying AVERAGED calibrations p0, p1, ...

╔════════════════════════════════════════════════════════════════════════════════════╗
║ [1mFINAL CALIBRATION PARAMETERS[0m                                                       ║
╠════════╤══════════════════╤══════════════════╤══════════════════╤══════════════════╣
│ [1m[32;1mTagger[0m │ [1m[32;1mp0              [0m │ [1m[32;1mp1              [0m │ [1m[32;1mΔp0             [0m │ [1m[32;1mΔp1             [0m │
├────────┼──────────────────┼──────────────────┼──────────────────┼──────────────────┤
│ [1m[32mSSKaon[0m │  0.0056 ± 0.0021 │ -0.2994 ± 0.0673 │  0.0022 ± 0.0041 │  0.2475 ± 0.1346 │
└────────┴──────────────────┴──────────────────┴──────────────────┴──────────────────┘

╔══════════════════════════════════════════════════════════╗
║ [1mCALIBRATED TAGGER STATISTICS[0m                             ║
╠════════╤═══════╤═══════╤═════════════╤═════════╤═════════╣
│ [1m[32;1mTagger[0m │ [1m[32;1m#Evts[0m │ [1m[32;1mΣw   [0m │ [1m[32;1m(Σw)² / Σw²[0m │ [1m[32;1m#Tagged[0m │ [1m[32;1mΣ_tag w[0m │
├────────┼───────┼───────┼─────────────┼─────────┼─────────┤
│ [1m[32mSSKaon[0m │ 67577 │ 67577 │ 67577.0     │ 58795   │ 58795   │
└────────┴───────┴───────┴─────────────┴─────────┴─────────┘

╔════════════════════════════════════════════════════════════════════════════════════════════════════════════════════════════════════════╗
║ [1mCALIBRATED TAGGING PERFORMANCES[0m                                                                                                        ║
╠════════╤═════════════════════╤═════════════════════╤═════════════════════════════════════════╤═════════════════════════════════════════╣
│ [1m[32;1mTagger[0m │ [1m[32;1mTagging Efficiency [0m │ [1m[32;1mAvg. Mistag Rate   [0m │ [1m[32;1mEffective Mistag                       [0m │ [1m[32;1mTagging Power                          [0m │
├────────┼─────────────────────┼─────────────────────┼─────────────────────────────────────────┼─────────────────────────────────────────┤
│ [1m[32mSSKaon[0m │ (87.0045 ± 0.1294)% │ ( 47.652 ±  0.206)% │ (46.8497 ± 0.0141(stat) ± 0.2031(cal))% │ ( 0.3454 ± 0.0031(stat) ± 0.0445(cal))% │
└────────┴─────────────────────┴─────────────────────┴─────────────────────────────────────────┴─────────────────────────────────────────┘


[1m----------------------------------------
--------------- Plotting ---------------
----------------------------------------[0m
splitting: [array([0.08967627, 0.1083731 , 0.13447809, ..., 0.43084222, 0.43084287,
       0.43084656]), array([0.43084925, 0.43084978, 0.43086053, ..., 0.44755719, 0.44756775,
       0.44756888]), array([0.44757162, 0.44757228, 0.44757689, ..., 0.4599536 , 0.45995415,
       0.45995559]), array([0.4599564 , 0.45995683, 0.45995738, ..., 0.46986957, 0.46987042,
       0.46987358]), array([0.46987557, 0.46987705, 0.4698774 , ..., 0.4809162 , 0.48091968,
       0.48092194]), array([0.48092362, 0.48092577, 0.48092593, ..., 0.49280998, 0.49281049,
       0.49281081]), array([0.49281202, 0.49281343, 0.49281386, ..., 0.4952979 , 0.4952979 ,
       0.4952979 ]), array([0.4952979, 0.4952979, 0.4952979, ..., 0.4952979, 0.4952979,
       0.4952979]), array([0.4952979, 0.4952979, 0.4952979, ..., 0.4952979, 0.4952979,
       0.4952979]), array([0.4952979 , 0.4952979 , 0.4952979 , ..., 0.49545119, 0.49545851,
       0.49551755])]
[1m[97m INFO [0m pdf file SSKaon_Calibration.pdf has been created
Tagger parameters saved at /ceph/users/molocco/classical-taggers/results/Bu2JpsiK/SSKaon/moreData_closedVELO_seed42_0.001_500_75_optimized
Applying pre-selections on sample: /ceph/users/molocco/classical-taggers/root/Bu2JpsiK/closedVELO_notSelected.root:DecayTree
The applied cut is: (((Bp_Tr_T_CHI2DOF < 0.74) & (Bp_Tr_T_PIDP<-2.386)) | ((Bp_Tr_T_PIDP > 6.477) &(Bp_Tr_T_GHOSTPROB < 0.37) & ((Bp_Tr_T_PROBNN_P > 0.604) | ((Bp_Tr_T_PROBNN_P < 0.604) & (Bp_Tr_T_PROBNN_K < 0.999) & (Bp_Tr_T_PIDe <3.298)) )) & (Bp_Tr_T_ISMUON == 0) & (Bp_Tr_T_BPVZ == Bp_BPVZ) & (Bp_Tr_T_BPVY == Bp_BPVY) & (Bp_Tr_T_BPVX == Bp_BPVX))
Pre-selections applied. NTuple saved at /ceph/users/molocco/classical-taggers/root/Bu2JpsiK/SSProton/closedVELO_selected_optimized.root
563998 tracks among the 6328965 total tracks have been selected as tagging particles
Training set has 76176 rows
Validation set has 8464 rows
--------------Epoch:0/499-------------
Train:0.693524, Validation:0.693409, Time:2.38s
--------------Epoch:1/499-------------
Train:0.693122, Validation:0.693265, Time:2.38s
--------------Epoch:2/499-------------
Train:0.693078, Validation:0.693173, Time:2.38s
--------------Epoch:3/499-------------
Train:0.692987, Validation:0.693303, Time:2.38s
--------------Epoch:4/499-------------
Train:0.693036, Validation:0.693160, Time:2.38s
--------------Epoch:5/499-------------
Train:0.692984, Validation:0.693294, Time:2.39s
--------------Epoch:6/499-------------
Train:0.692918, Validation:0.693183, Time:2.43s
--------------Epoch:7/499-------------
Train:0.692933, Validation:0.693249, Time:2.57s
--------------Epoch:8/499-------------
Train:0.692967, Validation:0.693160, Time:2.41s
--------------Epoch:9/499-------------
Train:0.692904, Validation:0.693055, Time:2.42s
--------------Epoch:10/499-------------
Train:0.692890, Validation:0.693104, Time:2.42s
--------------Epoch:11/499-------------
Train:0.692865, Validation:0.693140, Time:2.41s
--------------Epoch:12/499-------------
Train:0.692922, Validation:0.693212, Time:2.4s
--------------Epoch:13/499-------------
Train:0.692857, Validation:0.693176, Time:2.42s
--------------Epoch:14/499-------------
Train:0.693002, Validation:0.693117, Time:2.42s
--------------Epoch:15/499-------------
Train:0.692885, Validation:0.693086, Time:2.39s
--------------Epoch:16/499-------------
Train:0.692872, Validation:0.693218, Time:2.38s
--------------Epoch:17/499-------------
Train:0.692843, Validation:0.693173, Time:2.37s
--------------Epoch:18/499-------------
Train:0.693002, Validation:0.693224, Time:2.38s
--------------Epoch:19/499-------------
Train:0.692898, Validation:0.693175, Time:2.38s
--------------Epoch:20/499-------------
Train:0.692975, Validation:0.693190, Time:2.4s
--------------Epoch:21/499-------------
Train:0.692916, Validation:0.693116, Time:2.38s
--------------Epoch:22/499-------------
Train:0.692927, Validation:0.693099, Time:2.39s
--------------Epoch:23/499-------------
Train:0.692868, Validation:0.693030, Time:2.44s
--------------Epoch:24/499-------------
Train:0.692916, Validation:0.693115, Time:2.43s
--------------Epoch:25/499-------------
Train:0.692843, Validation:0.693124, Time:2.59s
--------------Epoch:26/499-------------
Train:0.692817, Validation:0.693091, Time:2.4s
--------------Epoch:27/499-------------
Train:0.692842, Validation:0.693108, Time:2.4s
--------------Epoch:28/499-------------
Train:0.692844, Validation:0.693146, Time:2.37s
--------------Epoch:29/499-------------
Train:0.692827, Validation:0.693173, Time:2.33s
--------------Epoch:30/499-------------
Train:0.692853, Validation:0.693083, Time:2.34s
--------------Epoch:31/499-------------
Train:0.692946, Validation:0.693059, Time:2.34s
--------------Epoch:32/499-------------
Train:0.692839, Validation:0.693067, Time:2.33s
--------------Epoch:33/499-------------
Train:0.692950, Validation:0.693033, Time:2.32s
--------------Epoch:34/499-------------
Train:0.692848, Validation:0.693037, Time:2.36s
--------------Epoch:35/499-------------
Train:0.692716, Validation:0.693037, Time:2.42s
--------------Epoch:36/499-------------
Train:0.692852, Validation:0.693001, Time:2.41s
--------------Epoch:37/499-------------
Train:0.692828, Validation:0.693071, Time:2.4s
--------------Epoch:38/499-------------
Train:0.692744, Validation:0.693054, Time:2.42s
--------------Epoch:39/499-------------
Train:0.692687, Validation:0.693181, Time:2.43s
--------------Epoch:40/499-------------
Train:0.692875, Validation:0.693026, Time:2.42s
--------------Epoch:41/499-------------
Train:0.692810, Validation:0.693047, Time:2.4s
--------------Epoch:42/499-------------
Train:0.692881, Validation:0.692930, Time:2.39s
--------------Epoch:43/499-------------
Train:0.692852, Validation:0.693011, Time:2.57s
--------------Epoch:44/499-------------
Train:0.692932, Validation:0.693126, Time:2.43s
--------------Epoch:45/499-------------
Train:0.692863, Validation:0.693019, Time:2.43s
--------------Epoch:46/499-------------
Train:0.692829, Validation:0.693014, Time:2.45s
--------------Epoch:47/499-------------
Train:0.692789, Validation:0.692861, Time:2.43s
--------------Epoch:48/499-------------
Train:0.692829, Validation:0.693034, Time:2.43s
--------------Epoch:49/499-------------
Train:0.692790, Validation:0.692973, Time:2.43s
--------------Epoch:50/499-------------
Train:0.692802, Validation:0.692918, Time:2.46s
--------------Epoch:51/499-------------
Train:0.692898, Validation:0.692978, Time:2.47s
--------------Epoch:52/499-------------
Train:0.692892, Validation:0.692970, Time:2.55s
--------------Epoch:53/499-------------
Train:0.692859, Validation:0.692931, Time:2.45s
--------------Epoch:54/499-------------
Train:0.692722, Validation:0.692839, Time:2.44s
--------------Epoch:55/499-------------
Train:0.692833, Validation:0.692995, Time:2.44s
--------------Epoch:56/499-------------
Train:0.692778, Validation:0.693033, Time:2.44s
--------------Epoch:57/499-------------
Train:0.692898, Validation:0.692975, Time:2.46s
--------------Epoch:58/499-------------
Train:0.692827, Validation:0.692992, Time:2.43s
--------------Epoch:59/499-------------
Train:0.692794, Validation:0.692991, Time:2.43s
--------------Epoch:60/499-------------
Train:0.692796, Validation:0.692981, Time:2.42s
--------------Epoch:61/499-------------
Train:0.692841, Validation:0.693049, Time:2.61s
--------------Epoch:62/499-------------
Train:0.692845, Validation:0.693057, Time:2.43s
--------------Epoch:63/499-------------
Train:0.692676, Validation:0.692936, Time:2.43s
--------------Epoch:64/499-------------
Train:0.692899, Validation:0.693056, Time:2.44s
--------------Epoch:65/499-------------
Train:0.692754, Validation:0.692939, Time:2.45s
--------------Epoch:66/499-------------
Train:0.692726, Validation:0.692799, Time:2.43s
--------------Epoch:67/499-------------
Train:0.692861, Validation:0.692957, Time:2.42s
--------------Epoch:68/499-------------
Train:0.692709, Validation:0.692891, Time:2.43s
--------------Epoch:69/499-------------
Train:0.692826, Validation:0.693002, Time:2.44s
--------------Epoch:70/499-------------
Train:0.692746, Validation:0.692994, Time:2.43s
--------------Epoch:71/499-------------
Train:0.692684, Validation:0.692912, Time:2.43s
--------------Epoch:72/499-------------
Train:0.692816, Validation:0.692950, Time:2.44s
--------------Epoch:73/499-------------
Train:0.692694, Validation:0.692990, Time:2.44s
--------------Epoch:74/499-------------
Train:0.692717, Validation:0.692966, Time:2.44s
--------------Epoch:75/499-------------
Train:0.692750, Validation:0.693016, Time:2.44s
--------------Epoch:76/499-------------
Train:0.692757, Validation:0.693014, Time:2.44s
--------------Epoch:77/499-------------
Train:0.692730, Validation:0.692990, Time:2.45s
--------------Epoch:78/499-------------
Train:0.692745, Validation:0.692980, Time:2.46s
--------------Epoch:79/499-------------
Train:0.692848, Validation:0.693022, Time:2.61s
--------------Epoch:80/499-------------
Train:0.692733, Validation:0.693037, Time:2.46s
--------------Epoch:81/499-------------
Train:0.692689, Validation:0.693029, Time:2.44s
--------------Epoch:82/499-------------
Train:0.692783, Validation:0.693060, Time:2.44s
--------------Epoch:83/499-------------
Train:0.692671, Validation:0.693070, Time:2.46s
--------------Epoch:84/499-------------
Train:0.692582, Validation:0.692967, Time:2.46s
--------------Epoch:85/499-------------
Train:0.692712, Validation:0.693243, Time:2.46s
Training finished in 3.5 min, 86 epochs, early stopping: True
Test set has 479358 tracks selected as tagging particles
[1m[97m INFO [0m Correlations of selected events
////////////////////////////////////////////////////////////////////////////////
[1mTagger Fire Correlations [%][0m
////////////////////////////////////////////////////////////////////////////////
          SSProton
SSProton     100.0 
//////////////////////////////////////////////////////////////////////////////// 

[1m[97m INFO [0m Correlations of selected events
////////////////////////////////////////////////////////////////////////////////
[1mTagger Decision Correlations [%][0m
////////////////////////////////////////////////////////////////////////////////
          SSProton
SSProton     100.0 
//////////////////////////////////////////////////////////////////////////////// 

[1m[97m INFO [0m Correlations of selected events
////////////////////////////////////////////////////////////////////////////////
[1mTagger Decision Correlations (dilution weighted) [%][0m
////////////////////////////////////////////////////////////////////////////////
          SSProton
SSProton     100.0 
//////////////////////////////////////////////////////////////////////////////// 

[1m[97m INFO [0m Correlations of selected events
////////////////////////////////////////////////////////////////////////////////
[1mTagger Decision Correlations (If both fire) [%][0m
////////////////////////////////////////////////////////////////////////////////
          SSProton
SSProton     100.0 
//////////////////////////////////////////////////////////////////////////////// 

╔════════════════════════════════════════════════════════════╗
║ [1mRAW TAGGER STATISTICS[0m                                      ║
╠══════════╤═══════╤═══════╤═════════════╤═════════╤═════════╣
│ [1m[32;1mTagger  [0m │ [1m[32;1m#Evts[0m │ [1m[32;1mΣw   [0m │ [1m[32;1m(Σw)² / Σw²[0m │ [1m[32;1m#Tagged[0m │ [1m[32;1mΣ_tag w[0m │
├──────────┼───────┼───────┼─────────────┼─────────┼─────────┤
│ [1m[32mSSProton[0m │ 67579 │ 67579 │ 67579.0     │ 67190   │ 67190   │
└──────────┴───────┴───────┴─────────────┴─────────┴─────────┘

╔══════════════════════════════════════════════════════════════════════════════════════════════════╗
║ [1mRAW TAGGING PERFORMANCES[0m                                                                         ║
╠══════════╤═════════════════════╤═════════════════════╤═════════════════════╤═════════════════════╣
│ [1m[32;1mTagger  [0m │ [1m[32;1mTagging Efficiency [0m │ [1m[32;1mAvg. Mistag Rate   [0m │ [1m[32;1mEffective Mistag   [0m │ [1m[32;1mTagging Power      [0m │
├──────────┼─────────────────────┼─────────────────────┼─────────────────────┼─────────────────────┤
│ [1m[32mSSProton[0m │ (99.4244 ± 0.0291)% │ (47.4029 ± 0.1926)% │ (46.4474 ± 0.0275)% │ ( 0.5019 ± 0.0078)% │
└──────────┴─────────────────────┴─────────────────────┴─────────────────────┴─────────────────────┘

[1m[97mBasis representation for SSProton[0m
Link function: mistag
P_0(x) = 1 
P_1(x) = x -0.4768 
[1m[94m/////////////////////////
//// Running calibrations [0m
[1m[97m-------------------- SSProton calibration --------------------[0m
[1m[97m INFO [0m iminuit version 2.17.0
[1m[97m INFO [0m Starting minimization for SSProton
[1m[97m INFO [0m Selection keeps 67579(67579 weighted) out of 67579(67579) events (100.0%)
I MnSeedGenerator Initial state: FCN =       46387.57147 Edm =       13.39415339 NCalls =     13
I VariableMetricBuilder Start iterating until Edm is < 0.0001 with call limit = 680
I VariableMetricBuilder    0 - FCN =       46387.57147 Edm =       13.39415339 NCalls =     13
I VariableMetricBuilder    1 - FCN =       46374.15383 Edm =    0.006492386824 NCalls =     22
I VariableMetricBuilder    2 - FCN =       46374.14747 Edm =   3.422097776e-06 NCalls =     31
[1m[97m INFO [0m Minimum found
[1m[97m INFO [0m Covariance matrix accurate
[1m[97m INFO [0m Applying AVERAGED calibrations p0, p1, ...

╔══════════════════════════════════════════════════════════════════════════════════════╗
║ [1mFINAL CALIBRATION PARAMETERS[0m                                                         ║
╠══════════╤══════════════════╤══════════════════╤══════════════════╤══════════════════╣
│ [1m[32;1mTagger  [0m │ [1m[32;1mp0              [0m │ [1m[32;1mp1              [0m │ [1m[32;1mΔp0             [0m │ [1m[32;1mΔp1             [0m │
├──────────┼──────────────────┼──────────────────┼──────────────────┼──────────────────┤
│ [1m[32mSSProton[0m │ -0.0029 ± 0.0019 │  -0.015 ± 0.0682 │  0.0191 ± 0.0038 │  0.0495 ± 0.1363 │
└──────────┴──────────────────┴──────────────────┴──────────────────┴──────────────────┘

╔════════════════════════════════════════════════════════════╗
║ [1mCALIBRATED TAGGER STATISTICS[0m                               ║
╠══════════╤═══════╤═══════╤═════════════╤═════════╤═════════╣
│ [1m[32;1mTagger  [0m │ [1m[32;1m#Evts[0m │ [1m[32;1mΣw   [0m │ [1m[32;1m(Σw)² / Σw²[0m │ [1m[32;1m#Tagged[0m │ [1m[32;1mΣ_tag w[0m │
├──────────┼───────┼───────┼─────────────┼─────────┼─────────┤
│ [1m[32mSSProton[0m │ 67579 │ 67579 │ 67579.0     │ 67190   │ 67190   │
└──────────┴───────┴───────┴─────────────┴─────────┴─────────┘

╔══════════════════════════════════════════════════════════════════════════════════════════════════════════════════════════════════════════╗
║ [1mCALIBRATED TAGGING PERFORMANCES[0m                                                                                                          ║
╠══════════╤═════════════════════╤═════════════════════╤═════════════════════════════════════════╤═════════════════════════════════════════╣
│ [1m[32;1mTagger  [0m │ [1m[32;1mTagging Efficiency [0m │ [1m[32;1mAvg. Mistag Rate   [0m │ [1m[32;1mEffective Mistag                       [0m │ [1m[32;1mTagging Power                          [0m │
├──────────┼─────────────────────┼─────────────────────┼─────────────────────────────────────────┼─────────────────────────────────────────┤
│ [1m[32mSSProton[0m │ (99.4244 ± 0.0291)% │ (47.4029 ± 0.1926)% │ (46.2829 ± 0.0263(stat) ±  0.186(cal))% │ ( 0.5495 ± 0.0078(stat) ±  0.055(cal))% │
└──────────┴─────────────────────┴─────────────────────┴─────────────────────────────────────────┴─────────────────────────────────────────┘


[1m----------------------------------------
--------------- Plotting ---------------
----------------------------------------[0m
splitting: [array([0.11614974, 0.1299727 , 0.13229385, ..., 0.45667004, 0.45667263,
       0.45668567]), array([0.45668582, 0.45668693, 0.45669375, ..., 0.46964855, 0.46964878,
       0.46964878]), array([0.46964989, 0.46965101, 0.46965116, ..., 0.47345807, 0.47345822,
       0.47345956]), array([0.47345985, 0.47346037, 0.47346105, ..., 0.47844338, 0.47844457,
       0.47844614]), array([0.47844837, 0.4784486 , 0.47844934, ..., 0.48377064, 0.48377064,
       0.48377303]), array([0.4837731 , 0.48377541, 0.48377579, ..., 0.48862449, 0.48862471,
       0.48862479]), array([0.48862501, 0.48862725, 0.4886274 , ..., 0.49213596, 0.49213619,
       0.49213656]), array([0.49213671, 0.49213671, 0.49213731, ..., 0.49333342, 0.49333342,
       0.49333342]), array([0.49333342, 0.49333342, 0.49333342, ..., 0.49333342, 0.49333342,
       0.49333342]), array([0.49333342, 0.49333342, 0.49333342, ..., 0.49333342, 0.49333342,
       0.49333342])]
[1m[97m INFO [0m pdf file SSProton_Calibration.pdf has been created
Tagger parameters saved at /ceph/users/molocco/classical-taggers/results/Bu2JpsiK/SSProton/moreData_closedVELO_seed42_0.001_500_75_optimized
Applying pre-selections on sample: /ceph/users/molocco/classical-taggers/root/Bu2JpsiK/closedVELO_notSelected.root:DecayTree
The applied cut is: (((Bp_Tr_T_PIDK<-0.001) & (Bp_Tr_T_PIDe<0.727)) | ((Bp_Tr_T_PIDK>-0.001) & (Bp_Tr_T_PROBNN_PI>0.392) & (Bp_Tr_T_PT>113.238)))
Pre-selections applied. NTuple saved at /ceph/users/molocco/classical-taggers/root/Bu2JpsiK/SSPion/closedVELO_selected_optimized.root
3506052 tracks among the 6328965 total tracks have been selected as tagging particles
Training set has 473277 rows
Validation set has 52587 rows
--------------Epoch:0/499-------------
Train:0.693335, Validation:0.693225, Time:15.01s
--------------Epoch:1/499-------------
Train:0.693223, Validation:0.693191, Time:15.3s
--------------Epoch:2/499-------------
Train:0.693241, Validation:0.693179, Time:15.0s
--------------Epoch:3/499-------------
Train:0.693226, Validation:0.693174, Time:15.18s
--------------Epoch:4/499-------------
Train:0.693207, Validation:0.693202, Time:15.26s
--------------Epoch:5/499-------------
Train:0.693196, Validation:0.693183, Time:15.28s
--------------Epoch:6/499-------------
Train:0.693186, Validation:0.693190, Time:15.45s
--------------Epoch:7/499-------------
Train:0.693193, Validation:0.693177, Time:15.6s
--------------Epoch:8/499-------------
Train:0.693194, Validation:0.693187, Time:15.85s
--------------Epoch:9/499-------------
Train:0.693186, Validation:0.693179, Time:16.04s
--------------Epoch:10/499-------------
Train:0.693181, Validation:0.693178, Time:15.7s
--------------Epoch:11/499-------------
Train:0.693183, Validation:0.693182, Time:15.83s
--------------Epoch:12/499-------------
Train:0.693182, Validation:0.693180, Time:16.3s
--------------Epoch:13/499-------------
Train:0.693183, Validation:0.693180, Time:16.9s
--------------Epoch:14/499-------------
Train:0.693173, Validation:0.693181, Time:16.91s
--------------Epoch:15/499-------------
Train:0.693176, Validation:0.693181, Time:17.26s
--------------Epoch:16/499-------------
Train:0.693191, Validation:0.693180, Time:16.97s
--------------Epoch:17/499-------------
Train:0.693190, Validation:0.693179, Time:16.78s
--------------Epoch:18/499-------------
Train:0.693170, Validation:0.693181, Time:16.96s
--------------Epoch:19/499-------------
Train:0.693178, Validation:0.693180, Time:16.83s
--------------Epoch:20/499-------------
Train:0.693182, Validation:0.693178, Time:16.83s
--------------Epoch:21/499-------------
Train:0.693180, Validation:0.693181, Time:17.02s
--------------Epoch:22/499-------------
Train:0.693182, Validation:0.693184, Time:16.89s
--------------Epoch:23/499-------------
Train:0.693175, Validation:0.693181, Time:16.85s
--------------Epoch:24/499-------------
Train:0.693176, Validation:0.693180, Time:16.96s
--------------Epoch:25/499-------------
Train:0.693185, Validation:0.693183, Time:16.61s
--------------Epoch:26/499-------------
Train:0.693179, Validation:0.693184, Time:16.62s
--------------Epoch:27/499-------------
Train:0.693194, Validation:0.693182, Time:16.42s
--------------Epoch:28/499-------------
Train:0.693186, Validation:0.693182, Time:16.48s
--------------Epoch:29/499-------------
Train:0.693174, Validation:0.693179, Time:16.75s
--------------Epoch:30/499-------------
Train:0.693210, Validation:0.693181, Time:16.57s
--------------Epoch:31/499-------------
Train:0.693194, Validation:0.693181, Time:16.7s
--------------Epoch:32/499-------------
Train:0.693173, Validation:0.693179, Time:16.77s
--------------Epoch:33/499-------------
Train:0.693176, Validation:0.693179, Time:16.64s
--------------Epoch:34/499-------------
Train:0.693178, Validation:0.693182, Time:16.73s
--------------Epoch:35/499-------------
Train:0.693178, Validation:0.693185, Time:16.97s
--------------Epoch:36/499-------------
Train:0.693176, Validation:0.693180, Time:16.69s
--------------Epoch:37/499-------------
Train:0.693172, Validation:0.693180, Time:16.72s
--------------Epoch:38/499-------------
Train:0.693177, Validation:0.693180, Time:16.88s
--------------Epoch:39/499-------------
Train:0.693174, Validation:0.693180, Time:16.62s
--------------Epoch:40/499-------------
Train:0.693170, Validation:0.693181, Time:16.64s
--------------Epoch:41/499-------------
Train:0.693165, Validation:0.693182, Time:16.94s
--------------Epoch:42/499-------------
Train:0.693178, Validation:0.693180, Time:16.8s
--------------Epoch:43/499-------------
Train:0.693168, Validation:0.693181, Time:17.2s
--------------Epoch:44/499-------------
Train:0.693174, Validation:0.693183, Time:17.2s
--------------Epoch:45/499-------------
Train:0.693172, Validation:0.693180, Time:16.77s
--------------Epoch:46/499-------------
Train:0.693173, Validation:0.693180, Time:16.98s
--------------Epoch:47/499-------------
Train:0.693191, Validation:0.693181, Time:16.82s
--------------Epoch:48/499-------------
Train:0.693178, Validation:0.693179, Time:16.8s
--------------Epoch:49/499-------------
Train:0.693182, Validation:0.693181, Time:17.04s
--------------Epoch:50/499-------------
Train:0.693176, Validation:0.693181, Time:16.96s
--------------Epoch:51/499-------------
Train:0.693173, Validation:0.693181, Time:17.07s
--------------Epoch:52/499-------------
Train:0.693168, Validation:0.693181, Time:17.3s
--------------Epoch:53/499-------------
Train:0.693181, Validation:0.693181, Time:17.47s
--------------Epoch:54/499-------------
Train:0.693174, Validation:0.693181, Time:17.53s
--------------Epoch:55/499-------------
Train:0.693170, Validation:0.693180, Time:17.58s
--------------Epoch:56/499-------------
Train:0.693185, Validation:0.693180, Time:17.39s
--------------Epoch:57/499-------------
Train:0.693178, Validation:0.693180, Time:17.38s
--------------Epoch:58/499-------------
Train:0.693172, Validation:0.693180, Time:17.62s
--------------Epoch:59/499-------------
Train:0.693168, Validation:0.693180, Time:17.4s
--------------Epoch:60/499-------------
Train:0.693168, Validation:0.693180, Time:17.62s
--------------Epoch:61/499-------------
Train:0.693165, Validation:0.693180, Time:17.51s
--------------Epoch:62/499-------------
Train:0.693166, Validation:0.693180, Time:17.7s
--------------Epoch:63/499-------------
Train:0.693181, Validation:0.693180, Time:17.69s
--------------Epoch:64/499-------------
Train:0.693173, Validation:0.693180, Time:17.59s
--------------Epoch:65/499-------------
Train:0.693166, Validation:0.693180, Time:17.59s
--------------Epoch:66/499-------------
Train:0.693166, Validation:0.693180, Time:17.66s
--------------Epoch:67/499-------------
Train:0.693169, Validation:0.693180, Time:17.54s
--------------Epoch:68/499-------------
Train:0.693165, Validation:0.693180, Time:17.61s
--------------Epoch:69/499-------------
Train:0.693166, Validation:0.693180, Time:17.63s
--------------Epoch:70/499-------------
Train:0.693165, Validation:0.693180, Time:17.56s
--------------Epoch:71/499-------------
Train:0.693168, Validation:0.693180, Time:17.6s
--------------Epoch:72/499-------------
Train:0.693166, Validation:0.693180, Time:18.02s
--------------Epoch:73/499-------------
Train:0.693166, Validation:0.693180, Time:17.93s
--------------Epoch:74/499-------------
Train:0.693166, Validation:0.693180, Time:17.98s
--------------Epoch:75/499-------------
Train:0.693166, Validation:0.693180, Time:18.16s
--------------Epoch:76/499-------------
Train:0.693166, Validation:0.693180, Time:18.09s
--------------Epoch:77/499-------------
Train:0.693165, Validation:0.693180, Time:18.0s
--------------Epoch:78/499-------------
Train:0.693166, Validation:0.693180, Time:17.94s
Training finished in 22.27 min, 79 epochs, early stopping: True
Test set has 2980188 tracks selected as tagging particles
[1m[97m INFO [0m Correlations of selected events
////////////////////////////////////////////////////////////////////////////////
[1mTagger Fire Correlations [%][0m
////////////////////////////////////////////////////////////////////////////////
        SSPion
SSPion   100.0 
//////////////////////////////////////////////////////////////////////////////// 

[1m[97m INFO [0m Correlations of selected events
////////////////////////////////////////////////////////////////////////////////
[1mTagger Decision Correlations [%][0m
////////////////////////////////////////////////////////////////////////////////
        SSPion
SSPion   100.0 
//////////////////////////////////////////////////////////////////////////////// 

[1m[97m INFO [0m Correlations of selected events
////////////////////////////////////////////////////////////////////////////////
[1mTagger Decision Correlations (dilution weighted) [%][0m
////////////////////////////////////////////////////////////////////////////////
        SSPion
SSPion   100.0 
//////////////////////////////////////////////////////////////////////////////// 

[1m[97m INFO [0m Correlations of selected events
////////////////////////////////////////////////////////////////////////////////
[1mTagger Decision Correlations (If both fire) [%][0m
////////////////////////////////////////////////////////////////////////////////
        SSPion
SSPion   100.0 
//////////////////////////////////////////////////////////////////////////////// 

╔══════════════════════════════════════════════════════════╗
║ [1mRAW TAGGER STATISTICS[0m                                    ║
╠════════╤═══════╤═══════╤═════════════╤═════════╤═════════╣
│ [1m[32;1mTagger[0m │ [1m[32;1m#Evts[0m │ [1m[32;1mΣw   [0m │ [1m[32;1m(Σw)² / Σw²[0m │ [1m[32;1m#Tagged[0m │ [1m[32;1mΣ_tag w[0m │
├────────┼───────┼───────┼─────────────┼─────────┼─────────┤
│ [1m[32mSSPion[0m │ 67578 │ 67578 │ 67578.0     │ 67578   │ 67578   │
└────────┴───────┴───────┴─────────────┴─────────┴─────────┘

╔════════════════════════════════════════════════════════════════════════════════════════════════╗
║ [1mRAW TAGGING PERFORMANCES[0m                                                                       ║
╠════════╤═════════════════════╤═════════════════════╤═════════════════════╤═════════════════════╣
│ [1m[32;1mTagger[0m │ [1m[32;1mTagging Efficiency [0m │ [1m[32;1mAvg. Mistag Rate   [0m │ [1m[32;1mEffective Mistag   [0m │ [1m[32;1mTagging Power      [0m │
├────────┼─────────────────────┼─────────────────────┼─────────────────────┼─────────────────────┤
│ [1m[32mSSPion[0m │ (  100.0 ±    0.0)% │ (50.0636 ± 0.1923)% │ (49.8057 ±    nan)% │ ( 0.0015 ±    nan)% │
└────────┴─────────────────────┴─────────────────────┴─────────────────────┴─────────────────────┘

[1m[97mBasis representation for SSPion[0m
Link function: mistag
P_0(x) = 1 
P_1(x) = x -0.4981 
[1m[94m/////////////////////////
//// Running calibrations [0m
[1m[97m-------------------- SSPion calibration --------------------[0m
[1m[97m INFO [0m iminuit version 2.17.0
[1m[97m INFO [0m Starting minimization for SSPion
[1m[97m INFO [0m Selection keeps 67578(67578 weighted) out of 67578(67578) events (100.0%)
I MnSeedGenerator Initial state: FCN =        46842.3445 Edm =       1.917547243 NCalls =     17
I MnSeedGenerator Negative G2 found - new state: 
  Minimum value : 46842.3445
  Edm           : 1.917547243
  Internal parameters:
                0
                0
                0
                0
  Internal gradient  :
     -723.6000089
                0
      26.41305472
                0
  Internal covariance matrix:
  1.4629088e-05              0              0              0
              0              2              0              0
              0              0  1.4968469e-05              0
              0              0              0              2
I VariableMetricBuilder Start iterating until Edm is < 0.0001 with call limit = 680
I VariableMetricBuilder    0 - FCN =        46842.3445 Edm =       1.917547243 NCalls =     17
I VariableMetricBuilder    1 - FCN =       46840.42682 Edm =   1.266274027e-08 NCalls =     26
W MnPosDef Matrix forced pos-def by adding to diagonal 0.521348
[1m[97m INFO [0m Minimum found
[1m[33m ▲ WARNING ▲ [0m Covariance matrix -NOT- accurate
[1m[97m INFO [0m Applying AVERAGED calibrations p0, p1, ...

╔═══════════════════════════════════════════════════════════════════════════════════════════════════════════╗
║ [1mFINAL CALIBRATION PARAMETERS[0m                                                                              ║
╠════════╤══════════════════╤══════════════════════════════╤══════════════════╤═════════════════════════════╣
│ [1m[32;1mTagger[0m │ [1m[32;1mp0              [0m │ [1m[32;1mp1                          [0m │ [1m[32;1mΔp0             [0m │ [1m[32;1mΔp1                        [0m │
├────────┼──────────────────┼──────────────────────────────┼──────────────────┼─────────────────────────────┤
│ [1m[32mSSPion[0m │  0.0025 ± 0.0034 │     0.0 ± 27610985065049.984 │  0.0055 ± 0.0068 │     0.0 ± 55221959240742.29 │
└────────┴──────────────────┴──────────────────────────────┴──────────────────┴─────────────────────────────┘

╔══════════════════════════════════════════════════════════╗
║ [1mCALIBRATED TAGGER STATISTICS[0m                             ║
╠════════╤═══════╤═══════╤═════════════╤═════════╤═════════╣
│ [1m[32;1mTagger[0m │ [1m[32;1m#Evts[0m │ [1m[32;1mΣw   [0m │ [1m[32;1m(Σw)² / Σw²[0m │ [1m[32;1m#Tagged[0m │ [1m[32;1mΣ_tag w[0m │
├────────┼───────┼───────┼─────────────┼─────────┼─────────┤
│ [1m[32mSSPion[0m │ 67578 │ 67578 │ 67578.0     │ 0       │ 0       │
└────────┴───────┴───────┴─────────────┴─────────┴─────────┘

╔════════════════════════════════════════════════════════════════════════════════════════════════════════════════════════════════════════╗
║ [1mCALIBRATED TAGGING PERFORMANCES[0m                                                                                                        ║
╠════════╤═════════════════════╤═════════════════════╤═════════════════════════════════════════╤═════════════════════════════════════════╣
│ [1m[32;1mTagger[0m │ [1m[32;1mTagging Efficiency [0m │ [1m[32;1mAvg. Mistag Rate   [0m │ [1m[32;1mEffective Mistag                       [0m │ [1m[32;1mTagging Power                          [0m │
├────────┼─────────────────────┼─────────────────────┼─────────────────────────────────────────┼─────────────────────────────────────────┤
│ [1m[32mSSPion[0m │ (    0.0 ±    0.0)% │ (    nan ±    nan)% │ (   -inf ±    nan(stat) ±    nan(cal))% │ (    nan ±    nan(stat) ±    nan(cal))% │
└────────┴─────────────────────┴─────────────────────┴─────────────────────────────────────────┴─────────────────────────────────────────┘


[33m[1m ▲▲▲ Warning summary ▲▲▲[0m
[34mSSPion Tagger[0m
[33m[1m[MinimizerWarning][0m Minimization did not converge!
[33m[1m[OverflowWarning][0m 67578 calibrated mistag values > 0.5

[1m----------------------------------------
--------------- Plotting ---------------
----------------------------------------[0m
splitting: [array([0.49805717, 0.49805717, 0.49805717, ..., 0.49805717, 0.49805717,
       0.49805717]), array([0.49805717, 0.49805717, 0.49805717, ..., 0.49805717, 0.49805717,
       0.49805717]), array([0.49805717, 0.49805717, 0.49805717, ..., 0.49805717, 0.49805717,
       0.49805717]), array([0.49805717, 0.49805717, 0.49805717, ..., 0.49805717, 0.49805717,
       0.49805717]), array([0.49805717, 0.49805717, 0.49805717, ..., 0.49805717, 0.49805717,
       0.49805717]), array([0.49805717, 0.49805717, 0.49805717, ..., 0.49805717, 0.49805717,
       0.49805717]), array([0.49805717, 0.49805717, 0.49805717, ..., 0.49805717, 0.49805717,
       0.49805717]), array([0.49805717, 0.49805717, 0.49805717, ..., 0.49805717, 0.49805717,
       0.49805717]), array([0.49805717, 0.49805717, 0.49805717, ..., 0.49805717, 0.49805717,
       0.49805717]), array([0.49805717, 0.49805717, 0.49805717, ..., 0.49805717, 0.49805717,
       0.49805717])]
