Applying pre-selections
Applying pre-selections
Saved NTuple with pre-selections at /ceph/users/molocco/classical-taggers/root/Bu2JpsiK/OSMuon/selected_optimized.root
18032 tracks among the 786792 total tracks have been selected as tagging particles
Training set has 2449 rows
Validation set has 273 rows
--------------Epoch:0/499-------------
Train:0.695587, Validation:0.696090, Time:0.08s
--------------Epoch:1/499-------------
Train:0.688812, Validation:0.696949, Time:0.08s
--------------Epoch:2/499-------------
Train:0.690922, Validation:0.696389, Time:0.08s
--------------Epoch:3/499-------------
Train:0.687584, Validation:0.696437, Time:0.08s
--------------Epoch:4/499-------------
Train:0.691990, Validation:0.696056, Time:0.08s
--------------Epoch:5/499-------------
Train:0.686036, Validation:0.695376, Time:0.08s
--------------Epoch:6/499-------------
Train:0.687342, Validation:0.695898, Time:0.08s
--------------Epoch:7/499-------------
Train:0.686753, Validation:0.694569, Time:0.08s
--------------Epoch:8/499-------------
Train:0.687716, Validation:0.695309, Time:0.08s
--------------Epoch:9/499-------------
Train:0.688285, Validation:0.695962, Time:0.08s
--------------Epoch:10/499-------------
Train:0.687540, Validation:0.695492, Time:0.08s
--------------Epoch:11/499-------------
Train:0.685944, Validation:0.695163, Time:0.08s
--------------Epoch:12/499-------------
Train:0.685329, Validation:0.695758, Time:0.08s
--------------Epoch:13/499-------------
Train:0.685243, Validation:0.695756, Time:0.08s
--------------Epoch:14/499-------------
Train:0.687484, Validation:0.694979, Time:0.08s
--------------Epoch:15/499-------------
Train:0.684700, Validation:0.696307, Time:0.08s
--------------Epoch:16/499-------------
Train:0.683712, Validation:0.696379, Time:0.08s
--------------Epoch:17/499-------------
Train:0.685206, Validation:0.696144, Time:0.08s
--------------Epoch:18/499-------------
Train:0.686514, Validation:0.695817, Time:0.08s
--------------Epoch:19/499-------------
Train:0.684695, Validation:0.696009, Time:0.09s
--------------Epoch:20/499-------------
Train:0.684683, Validation:0.696120, Time:0.1s
--------------Epoch:21/499-------------
Train:0.684948, Validation:0.696445, Time:0.08s
--------------Epoch:22/499-------------
Train:0.685122, Validation:0.697583, Time:0.08s
--------------Epoch:23/499-------------
Train:0.684188, Validation:0.695368, Time:0.08s
--------------Epoch:24/499-------------
Train:0.684080, Validation:0.695642, Time:0.08s
--------------Epoch:25/499-------------
Train:0.684998, Validation:0.696522, Time:0.08s
--------------Epoch:26/499-------------
Train:0.681336, Validation:0.697658, Time:0.08s
--------------Epoch:27/499-------------
Train:0.682734, Validation:0.698238, Time:0.08s
--------------Epoch:28/499-------------
Train:0.681698, Validation:0.698825, Time:0.08s
--------------Epoch:29/499-------------
Train:0.681332, Validation:0.698598, Time:0.08s
--------------Epoch:30/499-------------
Train:0.682922, Validation:0.699437, Time:0.08s
--------------Epoch:31/499-------------
Train:0.683664, Validation:0.697824, Time:0.08s
--------------Epoch:32/499-------------
Train:0.685040, Validation:0.698027, Time:0.08s
--------------Epoch:33/499-------------
Train:0.680992, Validation:0.700634, Time:0.08s
--------------Epoch:34/499-------------
Train:0.683760, Validation:0.698168, Time:0.08s
--------------Epoch:35/499-------------
Train:0.682162, Validation:0.700055, Time:0.08s
--------------Epoch:36/499-------------
Train:0.682024, Validation:0.699212, Time:0.08s
--------------Epoch:37/499-------------
Train:0.682763, Validation:0.698732, Time:0.08s
--------------Epoch:38/499-------------
Train:0.684886, Validation:0.697498, Time:0.08s
--------------Epoch:39/499-------------
Train:0.678554, Validation:0.698794, Time:0.08s
--------------Epoch:40/499-------------
Train:0.681172, Validation:0.700370, Time:0.08s
--------------Epoch:41/499-------------
Train:0.682657, Validation:0.699720, Time:0.08s
--------------Epoch:42/499-------------
Train:0.683103, Validation:0.698899, Time:0.08s
--------------Epoch:43/499-------------
Train:0.683384, Validation:0.697431, Time:0.08s
--------------Epoch:44/499-------------
Train:0.679533, Validation:0.698559, Time:0.08s
--------------Epoch:45/499-------------
Train:0.679387, Validation:0.700015, Time:0.08s
--------------Epoch:46/499-------------
Train:0.681073, Validation:0.700209, Time:0.08s
--------------Epoch:47/499-------------
Train:0.679311, Validation:0.700347, Time:0.08s
--------------Epoch:48/499-------------
Train:0.680740, Validation:0.699294, Time:0.08s
--------------Epoch:49/499-------------
Train:0.678117, Validation:0.700706, Time:0.08s
--------------Epoch:50/499-------------
Train:0.678791, Validation:0.702875, Time:0.08s
--------------Epoch:51/499-------------
Train:0.676006, Validation:0.703039, Time:0.08s
--------------Epoch:52/499-------------
Train:0.680805, Validation:0.702734, Time:0.08s
--------------Epoch:53/499-------------
Train:0.677273, Validation:0.704650, Time:0.08s
--------------Epoch:54/499-------------
Train:0.681120, Validation:0.701463, Time:0.08s
--------------Epoch:55/499-------------
Train:0.679354, Validation:0.701547, Time:0.08s
--------------Epoch:56/499-------------
Train:0.680311, Validation:0.700848, Time:0.08s
--------------Epoch:57/499-------------
Train:0.682244, Validation:0.699394, Time:0.08s
--------------Epoch:58/499-------------
Train:0.680087, Validation:0.699415, Time:0.08s
--------------Epoch:59/499-------------
Train:0.680779, Validation:0.700369, Time:0.08s
--------------Epoch:60/499-------------
Train:0.679341, Validation:0.701465, Time:0.08s
--------------Epoch:61/499-------------
Train:0.678619, Validation:0.701932, Time:0.08s
--------------Epoch:62/499-------------
Train:0.679047, Validation:0.702241, Time:0.08s
--------------Epoch:63/499-------------
Train:0.681516, Validation:0.702248, Time:0.08s
--------------Epoch:64/499-------------
Train:0.675575, Validation:0.705103, Time:0.08s
--------------Epoch:65/499-------------
Train:0.676674, Validation:0.702140, Time:0.08s
--------------Epoch:66/499-------------
Train:0.677083, Validation:0.701284, Time:0.08s
--------------Epoch:67/499-------------
Train:0.677915, Validation:0.700735, Time:0.08s
--------------Epoch:68/499-------------
Train:0.677643, Validation:0.701632, Time:0.08s
--------------Epoch:69/499-------------
Train:0.678018, Validation:0.700332, Time:0.08s
--------------Epoch:70/499-------------
Train:0.680474, Validation:0.702242, Time:0.08s
--------------Epoch:71/499-------------
Train:0.677224, Validation:0.700945, Time:0.08s
--------------Epoch:72/499-------------
Train:0.678634, Validation:0.701389, Time:0.08s
--------------Epoch:73/499-------------
Train:0.681871, Validation:0.701684, Time:0.08s
--------------Epoch:74/499-------------
Train:0.676826, Validation:0.703078, Time:0.08s
--------------Epoch:75/499-------------
Train:0.676951, Validation:0.701709, Time:0.08s
--------------Epoch:76/499-------------
Train:0.679555, Validation:0.700596, Time:0.08s
--------------Epoch:77/499-------------
Train:0.677607, Validation:0.701102, Time:0.08s
--------------Epoch:78/499-------------
Train:0.676616, Validation:0.700834, Time:0.08s
Training finished in 0.1 min, 79 epochs, early stopping: True
Test set has 15310 tracks selected as tagging particles
668773
71785
[1m[97m INFO [0m Correlations of selected events
////////////////////////////////////////////////////////////////////////////////
[1mTagger Fire Correlations [%][0m
////////////////////////////////////////////////////////////////////////////////
        OSMuon
OSMuon   100.0 
//////////////////////////////////////////////////////////////////////////////// 

[1m[97m INFO [0m Correlations of selected events
////////////////////////////////////////////////////////////////////////////////
[1mTagger Decision Correlations [%][0m
////////////////////////////////////////////////////////////////////////////////
        OSMuon
OSMuon   100.0 
//////////////////////////////////////////////////////////////////////////////// 

[1m[97m INFO [0m Correlations of selected events
////////////////////////////////////////////////////////////////////////////////
[1mTagger Decision Correlations (dilution weighted) [%][0m
////////////////////////////////////////////////////////////////////////////////
        OSMuon
OSMuon   100.0 
//////////////////////////////////////////////////////////////////////////////// 

[1m[97m INFO [0m Correlations of selected events
////////////////////////////////////////////////////////////////////////////////
[1mTagger Decision Correlations (If both fire) [%][0m
////////////////////////////////////////////////////////////////////////////////
        OSMuon
OSMuon   100.0 
//////////////////////////////////////////////////////////////////////////////// 

╔══════════════════════════════════════════════════════════╗
║ [1mRAW TAGGER STATISTICS[0m                                    ║
╠════════╤═══════╤═══════╤═════════════╤═════════╤═════════╣
│ [1m[32;1mTagger[0m │ [1m[32;1m#Evts[0m │ [1m[32;1mΣw   [0m │ [1m[32;1m(Σw)² / Σw²[0m │ [1m[32;1m#Tagged[0m │ [1m[32;1mΣ_tag w[0m │
├────────┼───────┼───────┼─────────────┼─────────┼─────────┤
│ [1m[32mOSMuon[0m │ 71785 │ 71785 │ 71785.0     │ 13196   │ 13196   │
└────────┴───────┴───────┴─────────────┴─────────┴─────────┘

╔════════════════════════════════════════════════════════════════════════════════════════════════╗
║ [1mRAW TAGGING PERFORMANCES[0m                                                                       ║
╠════════╤═════════════════════╤═════════════════════╤═════════════════════╤═════════════════════╣
│ [1m[32;1mTagger[0m │ [1m[32;1mTagging Efficiency [0m │ [1m[32;1mAvg. Mistag Rate   [0m │ [1m[32;1mEffective Mistag   [0m │ [1m[32;1mTagging Power      [0m │
├────────┼─────────────────────┼─────────────────────┼─────────────────────┼─────────────────────┤
│ [1m[32mOSMuon[0m │ (18.3827 ± 0.1446)% │ (45.9761 ± 0.4338)% │ ( 41.353 ± 0.0568)% │ ( 0.5498 ± 0.0084)% │
└────────┴─────────────────────┴─────────────────────┴─────────────────────┴─────────────────────┘

[1m[97mBasis representation for OSMuon[0m
Link function: mistag
P_0(x) = 1 
P_1(x) = x -0.4318 
[1m[94m/////////////////////////
//// Running calibrations [0m
[1m[97m-------------------- OSMuon calibration --------------------[0m
[1m[97m INFO [0m iminuit version 2.17.0
[1m[97m INFO [0m Starting minimization for OSMuon
[1m[97m INFO [0m Selection keeps 71785(71785 weighted) out of 71785(71785) events (100.0%)
I MnSeedGenerator Initial state: FCN =       9111.199385 Edm =        36.3504854 NCalls =     13
I VariableMetricBuilder Start iterating until Edm is < 0.0001 with call limit = 680
I VariableMetricBuilder    0 - FCN =       9111.199385 Edm =        36.3504854 NCalls =     13
I VariableMetricBuilder    1 - FCN =       9074.559259 Edm =      0.3134060825 NCalls =     22
I VariableMetricBuilder    2 - FCN =       9074.051083 Edm =    0.005427853544 NCalls =     32
I VariableMetricBuilder    3 - FCN =       9074.043774 Edm =   0.0001575522649 NCalls =     42
I VariableMetricBuilder    4 - FCN =       9074.043571 Edm =   1.095836435e-07 NCalls =     52
[1m[97m INFO [0m Minimum found
[1m[97m INFO [0m Covariance matrix accurate
[1m[97m INFO [0m Applying AVERAGED calibrations p0, p1, ...

╔════════════════════════════════════════════════════════════════════════════════════╗
║ [1mFINAL CALIBRATION PARAMETERS[0m                                                       ║
╠════════╤══════════════════╤══════════════════╤══════════════════╤══════════════════╣
│ [1m[32;1mTagger[0m │ [1m[32;1mp0              [0m │ [1m[32;1mp1              [0m │ [1m[32;1mΔp0             [0m │ [1m[32;1mΔp1             [0m │
├────────┼──────────────────┼──────────────────┼──────────────────┼──────────────────┤
│ [1m[32mOSMuon[0m │   0.028 ± 0.0043 │ -0.3872 ± 0.0789 │  0.0133 ± 0.0087 │ -0.0572 ± 0.1579 │
└────────┴──────────────────┴──────────────────┴──────────────────┴──────────────────┘

╔══════════════════════════════════════════════════════════╗
║ [1mCALIBRATED TAGGER STATISTICS[0m                             ║
╠════════╤═══════╤═══════╤═════════════╤═════════╤═════════╣
│ [1m[32;1mTagger[0m │ [1m[32;1m#Evts[0m │ [1m[32;1mΣw   [0m │ [1m[32;1m(Σw)² / Σw²[0m │ [1m[32;1m#Tagged[0m │ [1m[32;1mΣ_tag w[0m │
├────────┼───────┼───────┼─────────────┼─────────┼─────────┤
│ [1m[32mOSMuon[0m │ 71785 │ 71785 │ 71785.0     │ 12806   │ 12806   │
└────────┴───────┴───────┴─────────────┴─────────┴─────────┘

╔════════════════════════════════════════════════════════════════════════════════════════════════════════════════════════════════════════╗
║ [1mCALIBRATED TAGGING PERFORMANCES[0m                                                                                                        ║
╠════════╤═════════════════════╤═════════════════════╤═════════════════════════════════════════╤═════════════════════════════════════════╣
│ [1m[32;1mTagger[0m │ [1m[32;1mTagging Efficiency [0m │ [1m[32;1mAvg. Mistag Rate   [0m │ [1m[32;1mEffective Mistag                       [0m │ [1m[32;1mTagging Power                          [0m │
├────────┼─────────────────────┼─────────────────────┼─────────────────────────────────────────┼─────────────────────────────────────────┤
│ [1m[32mOSMuon[0m │ (17.8394 ± 0.1429)% │ (45.9082 ± 0.4404)% │ (44.7478 ± 0.0346(stat) ±   0.43(cal))% │ ( 0.1968 ±  0.003(stat) ± 0.0322(cal))% │
└────────┴─────────────────────┴─────────────────────┴─────────────────────────────────────────┴─────────────────────────────────────────┘


[33m[1m ▲▲▲ Warning summary ▲▲▲[0m
[34mOSMuon Tagger[0m
[33m[1m[OverflowWarning][0m 390 calibrated mistag values > 0.5

[1m----------------------------------------
--------------- Plotting ---------------
----------------------------------------[0m
[1m[97m INFO [0m pdf file OSMuon_Calibration.pdf has been created
Tagger parameters saved at /ceph/users/molocco/classical-taggers/results/Bu2JpsiK/OSMuon/Jonas_seed42_0.001_500_75_optimized
Applying pre-selections
Saved NTuple with pre-selections at /ceph/users/molocco/classical-taggers/root/Bu2JpsiK/OSElectron/selected_optimized.root
21955 tracks among the 786792 total tracks have been selected as tagging particles
Training set has 3022 rows
Validation set has 336 rows
--------------Epoch:0/499-------------
Train:0.694935, Validation:0.691842, Time:0.1s
--------------Epoch:1/499-------------
Train:0.690798, Validation:0.691350, Time:0.09s
--------------Epoch:2/499-------------
Train:0.689586, Validation:0.691065, Time:0.09s
--------------Epoch:3/499-------------
Train:0.691954, Validation:0.689577, Time:0.09s
--------------Epoch:4/499-------------
Train:0.687457, Validation:0.688932, Time:0.09s
--------------Epoch:5/499-------------
Train:0.689972, Validation:0.688488, Time:0.09s
--------------Epoch:6/499-------------
Train:0.691550, Validation:0.688901, Time:0.09s
--------------Epoch:7/499-------------
Train:0.689612, Validation:0.689442, Time:0.09s
--------------Epoch:8/499-------------
Train:0.688990, Validation:0.688853, Time:0.09s
--------------Epoch:9/499-------------
Train:0.690185, Validation:0.688416, Time:0.09s
--------------Epoch:10/499-------------
Train:0.688841, Validation:0.688079, Time:0.09s
--------------Epoch:11/499-------------
Train:0.688621, Validation:0.688328, Time:0.09s
--------------Epoch:12/499-------------
Train:0.688354, Validation:0.688512, Time:0.09s
--------------Epoch:13/499-------------
Train:0.688645, Validation:0.688626, Time:0.1s
--------------Epoch:14/499-------------
Train:0.686660, Validation:0.688169, Time:0.12s
--------------Epoch:15/499-------------
Train:0.687822, Validation:0.688736, Time:0.09s
--------------Epoch:16/499-------------
Train:0.689237, Validation:0.688457, Time:0.09s
--------------Epoch:17/499-------------
Train:0.689856, Validation:0.688251, Time:0.09s
--------------Epoch:18/499-------------
Train:0.686818, Validation:0.688061, Time:0.09s
--------------Epoch:19/499-------------
Train:0.687425, Validation:0.688212, Time:0.09s
--------------Epoch:20/499-------------
Train:0.690040, Validation:0.688221, Time:0.09s
--------------Epoch:21/499-------------
Train:0.687062, Validation:0.688690, Time:0.09s
--------------Epoch:22/499-------------
Train:0.688494, Validation:0.688983, Time:0.09s
--------------Epoch:23/499-------------
Train:0.685517, Validation:0.689033, Time:0.09s
--------------Epoch:24/499-------------
Train:0.689085, Validation:0.689672, Time:0.09s
--------------Epoch:25/499-------------
Train:0.685616, Validation:0.690697, Time:0.09s
--------------Epoch:26/499-------------
Train:0.687067, Validation:0.689646, Time:0.09s
--------------Epoch:27/499-------------
Train:0.687220, Validation:0.689976, Time:0.09s
--------------Epoch:28/499-------------
Train:0.687586, Validation:0.690406, Time:0.09s
--------------Epoch:29/499-------------
Train:0.688392, Validation:0.690287, Time:0.1s
--------------Epoch:30/499-------------
Train:0.686428, Validation:0.689952, Time:0.09s
--------------Epoch:31/499-------------
Train:0.688116, Validation:0.690025, Time:0.09s
--------------Epoch:32/499-------------
Train:0.686177, Validation:0.689578, Time:0.09s
--------------Epoch:33/499-------------
Train:0.685312, Validation:0.689766, Time:0.09s
--------------Epoch:34/499-------------
Train:0.684730, Validation:0.690661, Time:0.09s
--------------Epoch:35/499-------------
Train:0.681113, Validation:0.691893, Time:0.09s
--------------Epoch:36/499-------------
Train:0.687925, Validation:0.690639, Time:0.09s
--------------Epoch:37/499-------------
Train:0.686562, Validation:0.690177, Time:0.09s
--------------Epoch:38/499-------------
Train:0.686660, Validation:0.690128, Time:0.09s
--------------Epoch:39/499-------------
Train:0.686405, Validation:0.690587, Time:0.09s
--------------Epoch:40/499-------------
Train:0.683967, Validation:0.690170, Time:0.09s
--------------Epoch:41/499-------------
Train:0.684879, Validation:0.689812, Time:0.09s
--------------Epoch:42/499-------------
Train:0.685170, Validation:0.690608, Time:0.09s
--------------Epoch:43/499-------------
Train:0.685578, Validation:0.690417, Time:0.09s
--------------Epoch:44/499-------------
Train:0.685495, Validation:0.690417, Time:0.09s
--------------Epoch:45/499-------------
Train:0.685462, Validation:0.691430, Time:0.09s
--------------Epoch:46/499-------------
Train:0.684164, Validation:0.691083, Time:0.09s
--------------Epoch:47/499-------------
Train:0.686796, Validation:0.690286, Time:0.09s
--------------Epoch:48/499-------------
Train:0.684476, Validation:0.690884, Time:0.09s
--------------Epoch:49/499-------------
Train:0.685525, Validation:0.690463, Time:0.09s
--------------Epoch:50/499-------------
Train:0.684663, Validation:0.690859, Time:0.09s
--------------Epoch:51/499-------------
Train:0.682727, Validation:0.692204, Time:0.09s
--------------Epoch:52/499-------------
Train:0.681528, Validation:0.693549, Time:0.09s
--------------Epoch:53/499-------------
Train:0.686922, Validation:0.692429, Time:0.09s
--------------Epoch:54/499-------------
Train:0.683550, Validation:0.693565, Time:0.09s
--------------Epoch:55/499-------------
Train:0.683787, Validation:0.692876, Time:0.09s
--------------Epoch:56/499-------------
Train:0.683063, Validation:0.692938, Time:0.09s
--------------Epoch:57/499-------------
Train:0.684527, Validation:0.692228, Time:0.09s
--------------Epoch:58/499-------------
Train:0.681839, Validation:0.692135, Time:0.09s
--------------Epoch:59/499-------------
Train:0.681420, Validation:0.692870, Time:0.09s
--------------Epoch:60/499-------------
Train:0.681689, Validation:0.693409, Time:0.09s
--------------Epoch:61/499-------------
Train:0.682800, Validation:0.693897, Time:0.09s
--------------Epoch:62/499-------------
Train:0.682460, Validation:0.694877, Time:0.09s
--------------Epoch:63/499-------------
Train:0.683519, Validation:0.694048, Time:0.09s
--------------Epoch:64/499-------------
Train:0.682817, Validation:0.694320, Time:0.09s
--------------Epoch:65/499-------------
Train:0.683811, Validation:0.694261, Time:0.09s
--------------Epoch:66/499-------------
Train:0.683154, Validation:0.694226, Time:0.09s
--------------Epoch:67/499-------------
Train:0.681561, Validation:0.695290, Time:0.09s
--------------Epoch:68/499-------------
Train:0.685023, Validation:0.694168, Time:0.09s
--------------Epoch:69/499-------------
Train:0.680918, Validation:0.694098, Time:0.09s
--------------Epoch:70/499-------------
Train:0.683806, Validation:0.692778, Time:0.09s
--------------Epoch:71/499-------------
Train:0.679251, Validation:0.696342, Time:0.09s
--------------Epoch:72/499-------------
Train:0.682880, Validation:0.694542, Time:0.09s
--------------Epoch:73/499-------------
Train:0.680641, Validation:0.694538, Time:0.09s
--------------Epoch:74/499-------------
Train:0.681753, Validation:0.693084, Time:0.09s
--------------Epoch:75/499-------------
Train:0.681977, Validation:0.694106, Time:0.1s
--------------Epoch:76/499-------------
Train:0.682116, Validation:0.693309, Time:0.09s
--------------Epoch:77/499-------------
Train:0.681596, Validation:0.694321, Time:0.09s
--------------Epoch:78/499-------------
Train:0.678036, Validation:0.696164, Time:0.09s
Training finished in 0.12 min, 79 epochs, early stopping: True
Test set has 18597 tracks selected as tagging particles
668773
71786
[1m[97m INFO [0m Correlations of selected events
////////////////////////////////////////////////////////////////////////////////
[1mTagger Fire Correlations [%][0m
////////////////////////////////////////////////////////////////////////////////
            OSElectron
OSElectron       100.0 
//////////////////////////////////////////////////////////////////////////////// 

[1m[97m INFO [0m Correlations of selected events
////////////////////////////////////////////////////////////////////////////////
[1mTagger Decision Correlations [%][0m
////////////////////////////////////////////////////////////////////////////////
            OSElectron
OSElectron       100.0 
//////////////////////////////////////////////////////////////////////////////// 

[1m[97m INFO [0m Correlations of selected events
////////////////////////////////////////////////////////////////////////////////
[1mTagger Decision Correlations (dilution weighted) [%][0m
////////////////////////////////////////////////////////////////////////////////
            OSElectron
OSElectron       100.0 
//////////////////////////////////////////////////////////////////////////////// 

[1m[97m INFO [0m Correlations of selected events
////////////////////////////////////////////////////////////////////////////////
[1mTagger Decision Correlations (If both fire) [%][0m
////////////////////////////////////////////////////////////////////////////////
            OSElectron
OSElectron       100.0 
//////////////////////////////////////////////////////////////////////////////// 

╔══════════════════════════════════════════════════════════════╗
║ [1mRAW TAGGER STATISTICS[0m                                        ║
╠════════════╤═══════╤═══════╤═════════════╤═════════╤═════════╣
│ [1m[32;1mTagger    [0m │ [1m[32;1m#Evts[0m │ [1m[32;1mΣw   [0m │ [1m[32;1m(Σw)² / Σw²[0m │ [1m[32;1m#Tagged[0m │ [1m[32;1mΣ_tag w[0m │
├────────────┼───────┼───────┼─────────────┼─────────┼─────────┤
│ [1m[32mOSElectron[0m │ 71786 │ 71786 │ 71786.0     │ 13818   │ 13818   │
└────────────┴───────┴───────┴─────────────┴─────────┴─────────┘

╔════════════════════════════════════════════════════════════════════════════════════════════════════╗
║ [1mRAW TAGGING PERFORMANCES[0m                                                                           ║
╠════════════╤═════════════════════╤═════════════════════╤═════════════════════╤═════════════════════╣
│ [1m[32;1mTagger    [0m │ [1m[32;1mTagging Efficiency [0m │ [1m[32;1mAvg. Mistag Rate   [0m │ [1m[32;1mEffective Mistag   [0m │ [1m[32;1mTagging Power      [0m │
├────────────┼─────────────────────┼─────────────────────┼─────────────────────┼─────────────────────┤
│ [1m[32mOSElectron[0m │ (19.2489 ± 0.1471)% │ (47.2427 ± 0.4247)% │ (42.2785 ± 0.0724)% │ ( 0.4591 ± 0.0093)% │
└────────────┴─────────────────────┴─────────────────────┴─────────────────────┴─────────────────────┘

[1m[97mBasis representation for OSElectron[0m
Link function: mistag
P_0(x) = 1 
P_1(x) = x -0.4459 
[1m[94m/////////////////////////
//// Running calibrations [0m
[1m[97m-------------------- OSElectron calibration --------------------[0m
[1m[97m INFO [0m iminuit version 2.17.0
[1m[97m INFO [0m Starting minimization for OSElectron
[1m[97m INFO [0m Selection keeps 71786(71786 weighted) out of 71786(71786) events (100.0%)
I MnSeedGenerator Initial state: FCN =       9539.901363 Edm =       32.96918428 NCalls =     13
I VariableMetricBuilder Start iterating until Edm is < 0.0001 with call limit = 680
I VariableMetricBuilder    0 - FCN =       9539.901363 Edm =       32.96918428 NCalls =     13
I VariableMetricBuilder    1 - FCN =       9506.431853 Edm =      0.4918485987 NCalls =     22
I VariableMetricBuilder    2 - FCN =       9505.486894 Edm =    0.009901468321 NCalls =     32
I VariableMetricBuilder    3 - FCN =       9505.475043 Edm =   9.933430524e-06 NCalls =     42
[1m[97m INFO [0m Minimum found
[1m[97m INFO [0m Covariance matrix accurate
[1m[97m INFO [0m Applying AVERAGED calibrations p0, p1, ...

╔════════════════════════════════════════════════════════════════════════════════════════╗
║ [1mFINAL CALIBRATION PARAMETERS[0m                                                           ║
╠════════════╤══════════════════╤══════════════════╤══════════════════╤══════════════════╣
│ [1m[32;1mTagger    [0m │ [1m[32;1mp0              [0m │ [1m[32;1mp1              [0m │ [1m[32;1mΔp0             [0m │ [1m[32;1mΔp1             [0m │
├────────────┼──────────────────┼──────────────────┼──────────────────┼──────────────────┤
│ [1m[32mOSElectron[0m │  0.0268 ± 0.0042 │ -0.2751 ±  0.073 │ -0.0173 ± 0.0085 │  0.3655 ±  0.146 │
└────────────┴──────────────────┴──────────────────┴──────────────────┴──────────────────┘

╔══════════════════════════════════════════════════════════════╗
║ [1mCALIBRATED TAGGER STATISTICS[0m                                 ║
╠════════════╤═══════╤═══════╤═════════════╤═════════╤═════════╣
│ [1m[32;1mTagger    [0m │ [1m[32;1m#Evts[0m │ [1m[32;1mΣw   [0m │ [1m[32;1m(Σw)² / Σw²[0m │ [1m[32;1m#Tagged[0m │ [1m[32;1mΣ_tag w[0m │
├────────────┼───────┼───────┼─────────────┼─────────┼─────────┤
│ [1m[32mOSElectron[0m │ 71786 │ 71786 │ 71786.0     │ 10695   │ 10695   │
└────────────┴───────┴───────┴─────────────┴─────────┴─────────┘

╔════════════════════════════════════════════════════════════════════════════════════════════════════════════════════════════════════════════╗
║ [1mCALIBRATED TAGGING PERFORMANCES[0m                                                                                                            ║
╠════════════╤═════════════════════╤═════════════════════╤═════════════════════════════════════════╤═════════════════════════════════════════╣
│ [1m[32;1mTagger    [0m │ [1m[32;1mTagging Efficiency [0m │ [1m[32;1mAvg. Mistag Rate   [0m │ [1m[32;1mEffective Mistag                       [0m │ [1m[32;1mTagging Power                          [0m │
├────────────┼─────────────────────┼─────────────────────┼─────────────────────────────────────────┼─────────────────────────────────────────┤
│ [1m[32mOSElectron[0m │ (14.8984 ± 0.1329)% │ (46.4516 ± 0.4823)% │ (44.4999 ± 0.0519(stat) ±  0.459(cal))% │ ( 0.1803 ± 0.0038(stat) ± 0.0301(cal))% │
└────────────┴─────────────────────┴─────────────────────┴─────────────────────────────────────────┴─────────────────────────────────────────┘


[33m[1m ▲▲▲ Warning summary ▲▲▲[0m
[34mOSElectron Tagger[0m
[33m[1m[OverflowWarning][0m 3123 calibrated mistag values > 0.5

[1m----------------------------------------
--------------- Plotting ---------------
----------------------------------------[0m
[1m[97m INFO [0m pdf file OSElectron_Calibration.pdf has been created
Tagger parameters saved at /ceph/users/molocco/classical-taggers/results/Bu2JpsiK/OSElectron/Jonas_seed42_0.001_500_75_optimized
Applying pre-selections
Saved NTuple with pre-selections at /ceph/users/molocco/classical-taggers/root/Bu2JpsiK/OSKaon/selected_optimized.root
25408 tracks among the 786792 total tracks have been selected as tagging particles
Training set has 3399 rows
Validation set has 378 rows
--------------Epoch:0/499-------------
Train:0.694636, Validation:0.691164, Time:0.11s
--------------Epoch:1/499-------------
Train:0.690384, Validation:0.690044, Time:0.11s
--------------Epoch:2/499-------------
Train:0.689099, Validation:0.689820, Time:0.1s
--------------Epoch:3/499-------------
Train:0.687638, Validation:0.689284, Time:0.1s
--------------Epoch:4/499-------------
Train:0.686654, Validation:0.688379, Time:0.11s
--------------Epoch:5/499-------------
Train:0.687710, Validation:0.689055, Time:0.11s
--------------Epoch:6/499-------------
Train:0.687856, Validation:0.688692, Time:0.11s
--------------Epoch:7/499-------------
Train:0.685957, Validation:0.688829, Time:0.11s
--------------Epoch:8/499-------------
Train:0.685768, Validation:0.688541, Time:0.11s
--------------Epoch:9/499-------------
Train:0.684452, Validation:0.689022, Time:0.1s
--------------Epoch:10/499-------------
Train:0.684029, Validation:0.688080, Time:0.1s
--------------Epoch:11/499-------------
Train:0.685441, Validation:0.687533, Time:0.11s
--------------Epoch:12/499-------------
Train:0.682504, Validation:0.688119, Time:0.11s
--------------Epoch:13/499-------------
Train:0.682660, Validation:0.686910, Time:0.11s
--------------Epoch:14/499-------------
Train:0.683508, Validation:0.687149, Time:0.11s
--------------Epoch:15/499-------------
Train:0.681710, Validation:0.687762, Time:0.1s
--------------Epoch:16/499-------------
Train:0.686013, Validation:0.687710, Time:0.1s
--------------Epoch:17/499-------------
Train:0.686697, Validation:0.687769, Time:0.1s
--------------Epoch:18/499-------------
Train:0.684712, Validation:0.686907, Time:0.14s
--------------Epoch:19/499-------------
Train:0.683904, Validation:0.686592, Time:0.11s
--------------Epoch:20/499-------------
Train:0.681534, Validation:0.686310, Time:0.1s
--------------Epoch:21/499-------------
Train:0.681466, Validation:0.687313, Time:0.1s
--------------Epoch:22/499-------------
Train:0.683726, Validation:0.687520, Time:0.1s
--------------Epoch:23/499-------------
Train:0.683201, Validation:0.687681, Time:0.1s
--------------Epoch:24/499-------------
Train:0.681208, Validation:0.687471, Time:0.1s
--------------Epoch:25/499-------------
Train:0.683970, Validation:0.686896, Time:0.1s
--------------Epoch:26/499-------------
Train:0.683835, Validation:0.687163, Time:0.1s
--------------Epoch:27/499-------------
Train:0.681918, Validation:0.687275, Time:0.1s
--------------Epoch:28/499-------------
Train:0.682816, Validation:0.686841, Time:0.1s
--------------Epoch:29/499-------------
Train:0.681137, Validation:0.687447, Time:0.1s
--------------Epoch:30/499-------------
Train:0.681998, Validation:0.687675, Time:0.1s
--------------Epoch:31/499-------------
Train:0.680607, Validation:0.687141, Time:0.1s
--------------Epoch:32/499-------------
Train:0.681884, Validation:0.687752, Time:0.1s
--------------Epoch:33/499-------------
Train:0.681636, Validation:0.688461, Time:0.1s
--------------Epoch:34/499-------------
Train:0.680838, Validation:0.687447, Time:0.1s
--------------Epoch:35/499-------------
Train:0.682039, Validation:0.687077, Time:0.1s
--------------Epoch:36/499-------------
Train:0.684521, Validation:0.687504, Time:0.1s
--------------Epoch:37/499-------------
Train:0.680460, Validation:0.686811, Time:0.1s
--------------Epoch:38/499-------------
Train:0.680527, Validation:0.686275, Time:0.1s
--------------Epoch:39/499-------------
Train:0.681178, Validation:0.685896, Time:0.1s
--------------Epoch:40/499-------------
Train:0.681898, Validation:0.686129, Time:0.1s
--------------Epoch:41/499-------------
Train:0.682396, Validation:0.685310, Time:0.1s
--------------Epoch:42/499-------------
Train:0.680470, Validation:0.684977, Time:0.1s
--------------Epoch:43/499-------------
Train:0.680605, Validation:0.685334, Time:0.1s
--------------Epoch:44/499-------------
Train:0.680227, Validation:0.686284, Time:0.1s
--------------Epoch:45/499-------------
Train:0.682938, Validation:0.685837, Time:0.1s
--------------Epoch:46/499-------------
Train:0.681071, Validation:0.685581, Time:0.1s
--------------Epoch:47/499-------------
Train:0.679213, Validation:0.684342, Time:0.1s
--------------Epoch:48/499-------------
Train:0.679168, Validation:0.684735, Time:0.1s
--------------Epoch:49/499-------------
Train:0.677886, Validation:0.684276, Time:0.1s
--------------Epoch:50/499-------------
Train:0.679854, Validation:0.684527, Time:0.1s
--------------Epoch:51/499-------------
Train:0.679753, Validation:0.685172, Time:0.1s
--------------Epoch:52/499-------------
Train:0.679705, Validation:0.685122, Time:0.1s
--------------Epoch:53/499-------------
Train:0.679462, Validation:0.684335, Time:0.1s
--------------Epoch:54/499-------------
Train:0.678043, Validation:0.684410, Time:0.1s
--------------Epoch:55/499-------------
Train:0.680585, Validation:0.684885, Time:0.1s
--------------Epoch:56/499-------------
Train:0.680219, Validation:0.685357, Time:0.1s
--------------Epoch:57/499-------------
Train:0.678323, Validation:0.685155, Time:0.1s
--------------Epoch:58/499-------------
Train:0.680035, Validation:0.684943, Time:0.1s
--------------Epoch:59/499-------------
Train:0.679486, Validation:0.685724, Time:0.1s
--------------Epoch:60/499-------------
Train:0.681694, Validation:0.686970, Time:0.1s
--------------Epoch:61/499-------------
Train:0.681302, Validation:0.686086, Time:0.1s
--------------Epoch:62/499-------------
Train:0.680786, Validation:0.685438, Time:0.1s
--------------Epoch:63/499-------------
Train:0.680205, Validation:0.686536, Time:0.1s
--------------Epoch:64/499-------------
Train:0.679753, Validation:0.685193, Time:0.1s
--------------Epoch:65/499-------------
Train:0.679708, Validation:0.685639, Time:0.1s
--------------Epoch:66/499-------------
Train:0.680001, Validation:0.686894, Time:0.1s
--------------Epoch:67/499-------------
Train:0.680267, Validation:0.686756, Time:0.1s
--------------Epoch:68/499-------------
Train:0.680498, Validation:0.686407, Time:0.1s
--------------Epoch:69/499-------------
Train:0.679019, Validation:0.685977, Time:0.1s
--------------Epoch:70/499-------------
Train:0.677066, Validation:0.686374, Time:0.1s
--------------Epoch:71/499-------------
Train:0.679474, Validation:0.686611, Time:0.1s
--------------Epoch:72/499-------------
Train:0.679832, Validation:0.686276, Time:0.1s
--------------Epoch:73/499-------------
Train:0.679528, Validation:0.686044, Time:0.1s
--------------Epoch:74/499-------------
Train:0.677443, Validation:0.685454, Time:0.1s
--------------Epoch:75/499-------------
Train:0.677780, Validation:0.685595, Time:0.1s
--------------Epoch:76/499-------------
Train:0.675356, Validation:0.685389, Time:0.1s
--------------Epoch:77/499-------------
Train:0.679301, Validation:0.685385, Time:0.1s
--------------Epoch:78/499-------------
Train:0.677473, Validation:0.685241, Time:0.17s
--------------Epoch:79/499-------------
Train:0.678772, Validation:0.684836, Time:0.1s
--------------Epoch:80/499-------------
Train:0.676615, Validation:0.685367, Time:0.11s
--------------Epoch:81/499-------------
Train:0.678906, Validation:0.685456, Time:0.1s
--------------Epoch:82/499-------------
Train:0.677843, Validation:0.685132, Time:0.1s
--------------Epoch:83/499-------------
Train:0.678307, Validation:0.684843, Time:0.1s
--------------Epoch:84/499-------------
Train:0.679035, Validation:0.685404, Time:0.1s
--------------Epoch:85/499-------------
Train:0.679356, Validation:0.684793, Time:0.1s
--------------Epoch:86/499-------------
Train:0.678266, Validation:0.684517, Time:0.1s
--------------Epoch:87/499-------------
Train:0.677042, Validation:0.684824, Time:0.11s
--------------Epoch:88/499-------------
Train:0.676942, Validation:0.685315, Time:0.13s
--------------Epoch:89/499-------------
Train:0.675439, Validation:0.685790, Time:0.1s
--------------Epoch:90/499-------------
Train:0.675992, Validation:0.686694, Time:0.1s
--------------Epoch:91/499-------------
Train:0.676213, Validation:0.686105, Time:0.1s
--------------Epoch:92/499-------------
Train:0.673679, Validation:0.684666, Time:0.1s
--------------Epoch:93/499-------------
Train:0.678739, Validation:0.684822, Time:0.1s
--------------Epoch:94/499-------------
Train:0.677079, Validation:0.683951, Time:0.1s
--------------Epoch:95/499-------------
Train:0.676949, Validation:0.683852, Time:0.1s
--------------Epoch:96/499-------------
Train:0.676370, Validation:0.683679, Time:0.1s
--------------Epoch:97/499-------------
Train:0.674913, Validation:0.683997, Time:0.1s
--------------Epoch:98/499-------------
Train:0.678591, Validation:0.684560, Time:0.1s
--------------Epoch:99/499-------------
Train:0.678094, Validation:0.684419, Time:0.1s
--------------Epoch:100/499-------------
Train:0.677432, Validation:0.684151, Time:0.1s
--------------Epoch:101/499-------------
Train:0.678328, Validation:0.684334, Time:0.11s
--------------Epoch:102/499-------------
Train:0.675218, Validation:0.684472, Time:0.1s
--------------Epoch:103/499-------------
Train:0.678367, Validation:0.684354, Time:0.1s
--------------Epoch:104/499-------------
Train:0.677660, Validation:0.684711, Time:0.1s
--------------Epoch:105/499-------------
Train:0.677647, Validation:0.685273, Time:0.1s
--------------Epoch:106/499-------------
Train:0.676188, Validation:0.685388, Time:0.1s
--------------Epoch:107/499-------------
Train:0.675234, Validation:0.685758, Time:0.1s
--------------Epoch:108/499-------------
Train:0.676642, Validation:0.684650, Time:0.1s
--------------Epoch:109/499-------------
Train:0.673337, Validation:0.684638, Time:0.11s
--------------Epoch:110/499-------------
Train:0.676046, Validation:0.684258, Time:0.11s
--------------Epoch:111/499-------------
Train:0.678968, Validation:0.684354, Time:0.12s
--------------Epoch:112/499-------------
Train:0.676705, Validation:0.684036, Time:0.1s
--------------Epoch:113/499-------------
Train:0.675387, Validation:0.683446, Time:0.1s
--------------Epoch:114/499-------------
Train:0.678412, Validation:0.683236, Time:0.11s
--------------Epoch:115/499-------------
Train:0.676328, Validation:0.682235, Time:0.1s
--------------Epoch:116/499-------------
Train:0.676607, Validation:0.681809, Time:0.11s
--------------Epoch:117/499-------------
Train:0.675845, Validation:0.681518, Time:0.1s
--------------Epoch:118/499-------------
Train:0.674857, Validation:0.681874, Time:0.1s
--------------Epoch:119/499-------------
Train:0.674827, Validation:0.681806, Time:0.1s
--------------Epoch:120/499-------------
Train:0.677927, Validation:0.681472, Time:0.1s
--------------Epoch:121/499-------------
Train:0.675837, Validation:0.681437, Time:0.16s
--------------Epoch:122/499-------------
Train:0.674688, Validation:0.682374, Time:0.12s
--------------Epoch:123/499-------------
Train:0.677361, Validation:0.682482, Time:0.1s
--------------Epoch:124/499-------------
Train:0.676226, Validation:0.682538, Time:0.1s
--------------Epoch:125/499-------------
Train:0.677603, Validation:0.682439, Time:0.1s
--------------Epoch:126/499-------------
Train:0.675139, Validation:0.681975, Time:0.1s
--------------Epoch:127/499-------------
Train:0.675511, Validation:0.682794, Time:0.1s
--------------Epoch:128/499-------------
Train:0.678186, Validation:0.682007, Time:0.1s
--------------Epoch:129/499-------------
Train:0.675721, Validation:0.681826, Time:0.1s
--------------Epoch:130/499-------------
Train:0.676021, Validation:0.681814, Time:0.1s
--------------Epoch:131/499-------------
Train:0.676797, Validation:0.681057, Time:0.1s
--------------Epoch:132/499-------------
Train:0.674204, Validation:0.681381, Time:0.11s
--------------Epoch:133/499-------------
Train:0.670443, Validation:0.680696, Time:0.1s
--------------Epoch:134/499-------------
Train:0.677579, Validation:0.681157, Time:0.11s
--------------Epoch:135/499-------------
Train:0.674805, Validation:0.682148, Time:0.1s
--------------Epoch:136/499-------------
Train:0.677716, Validation:0.681395, Time:0.1s
--------------Epoch:137/499-------------
Train:0.678419, Validation:0.681754, Time:0.1s
--------------Epoch:138/499-------------
Train:0.674275, Validation:0.681324, Time:0.1s
--------------Epoch:139/499-------------
Train:0.676861, Validation:0.682066, Time:0.1s
--------------Epoch:140/499-------------
Train:0.672591, Validation:0.681563, Time:0.1s
--------------Epoch:141/499-------------
Train:0.674224, Validation:0.681119, Time:0.1s
--------------Epoch:142/499-------------
Train:0.676771, Validation:0.681314, Time:0.1s
--------------Epoch:143/499-------------
Train:0.674118, Validation:0.681103, Time:0.1s
--------------Epoch:144/499-------------
Train:0.676547, Validation:0.681045, Time:0.1s
--------------Epoch:145/499-------------
Train:0.671319, Validation:0.679789, Time:0.1s
--------------Epoch:146/499-------------
Train:0.675584, Validation:0.679178, Time:0.11s
--------------Epoch:147/499-------------
Train:0.676500, Validation:0.680659, Time:0.1s
--------------Epoch:148/499-------------
Train:0.676366, Validation:0.680568, Time:0.1s
--------------Epoch:149/499-------------
Train:0.675843, Validation:0.680724, Time:0.1s
--------------Epoch:150/499-------------
Train:0.672033, Validation:0.679460, Time:0.1s
--------------Epoch:151/499-------------
Train:0.674519, Validation:0.681132, Time:0.1s
--------------Epoch:152/499-------------
Train:0.668785, Validation:0.679482, Time:0.1s
--------------Epoch:153/499-------------
Train:0.672483, Validation:0.680705, Time:0.1s
--------------Epoch:154/499-------------
Train:0.676899, Validation:0.681737, Time:0.1s
--------------Epoch:155/499-------------
Train:0.672658, Validation:0.679432, Time:0.1s
--------------Epoch:156/499-------------
Train:0.671089, Validation:0.679652, Time:0.1s
--------------Epoch:157/499-------------
Train:0.673562, Validation:0.680638, Time:0.1s
--------------Epoch:158/499-------------
Train:0.675750, Validation:0.680371, Time:0.1s
--------------Epoch:159/499-------------
Train:0.679361, Validation:0.680997, Time:0.1s
--------------Epoch:160/499-------------
Train:0.673418, Validation:0.680079, Time:0.1s
--------------Epoch:161/499-------------
Train:0.674888, Validation:0.680422, Time:0.1s
--------------Epoch:162/499-------------
Train:0.675727, Validation:0.681817, Time:0.1s
--------------Epoch:163/499-------------
Train:0.673708, Validation:0.681632, Time:0.1s
--------------Epoch:164/499-------------
Train:0.670905, Validation:0.680057, Time:0.1s
--------------Epoch:165/499-------------
Train:0.675474, Validation:0.680212, Time:0.1s
--------------Epoch:166/499-------------
Train:0.673423, Validation:0.679276, Time:0.1s
--------------Epoch:167/499-------------
Train:0.673980, Validation:0.680308, Time:0.1s
--------------Epoch:168/499-------------
Train:0.673581, Validation:0.680141, Time:0.11s
--------------Epoch:169/499-------------
Train:0.670440, Validation:0.679156, Time:0.1s
--------------Epoch:170/499-------------
Train:0.677768, Validation:0.679707, Time:0.1s
--------------Epoch:171/499-------------
Train:0.672890, Validation:0.679283, Time:0.1s
--------------Epoch:172/499-------------
Train:0.674233, Validation:0.680444, Time:0.1s
--------------Epoch:173/499-------------
Train:0.672409, Validation:0.680919, Time:0.1s
--------------Epoch:174/499-------------
Train:0.673776, Validation:0.681867, Time:0.1s
--------------Epoch:175/499-------------
Train:0.670802, Validation:0.680283, Time:0.1s
--------------Epoch:176/499-------------
Train:0.671996, Validation:0.680383, Time:0.1s
--------------Epoch:177/499-------------
Train:0.671237, Validation:0.680088, Time:0.1s
--------------Epoch:178/499-------------
Train:0.671833, Validation:0.680873, Time:0.1s
--------------Epoch:179/499-------------
Train:0.670652, Validation:0.679146, Time:0.1s
--------------Epoch:180/499-------------
Train:0.670606, Validation:0.681386, Time:0.1s
--------------Epoch:181/499-------------
Train:0.673786, Validation:0.681073, Time:0.1s
--------------Epoch:182/499-------------
Train:0.673485, Validation:0.681095, Time:0.1s
--------------Epoch:183/499-------------
Train:0.673375, Validation:0.682751, Time:0.1s
--------------Epoch:184/499-------------
Train:0.675123, Validation:0.680545, Time:0.1s
--------------Epoch:185/499-------------
Train:0.675055, Validation:0.680113, Time:0.11s
--------------Epoch:186/499-------------
Train:0.670966, Validation:0.679800, Time:0.11s
--------------Epoch:187/499-------------
Train:0.669159, Validation:0.681374, Time:0.1s
--------------Epoch:188/499-------------
Train:0.670054, Validation:0.679310, Time:0.1s
--------------Epoch:189/499-------------
Train:0.671431, Validation:0.679955, Time:0.11s
--------------Epoch:190/499-------------
Train:0.676116, Validation:0.679880, Time:0.1s
--------------Epoch:191/499-------------
Train:0.675909, Validation:0.679511, Time:0.1s
--------------Epoch:192/499-------------
Train:0.668900, Validation:0.678400, Time:0.1s
--------------Epoch:193/499-------------
Train:0.675388, Validation:0.678140, Time:0.1s
--------------Epoch:194/499-------------
Train:0.669559, Validation:0.676545, Time:0.1s
--------------Epoch:195/499-------------
Train:0.669057, Validation:0.678434, Time:0.1s
--------------Epoch:196/499-------------
Train:0.670720, Validation:0.680851, Time:0.1s
--------------Epoch:197/499-------------
Train:0.670403, Validation:0.679547, Time:0.1s
--------------Epoch:198/499-------------
Train:0.674909, Validation:0.678600, Time:0.1s
--------------Epoch:199/499-------------
Train:0.672101, Validation:0.678671, Time:0.1s
--------------Epoch:200/499-------------
Train:0.670167, Validation:0.678040, Time:0.1s
--------------Epoch:201/499-------------
Train:0.671951, Validation:0.677645, Time:0.1s
--------------Epoch:202/499-------------
Train:0.670409, Validation:0.678787, Time:0.1s
--------------Epoch:203/499-------------
Train:0.671827, Validation:0.678399, Time:0.1s
--------------Epoch:204/499-------------
Train:0.671352, Validation:0.677637, Time:0.1s
--------------Epoch:205/499-------------
Train:0.673147, Validation:0.676887, Time:0.1s
--------------Epoch:206/499-------------
Train:0.669000, Validation:0.679115, Time:0.1s
--------------Epoch:207/499-------------
Train:0.670102, Validation:0.679428, Time:0.1s
--------------Epoch:208/499-------------
Train:0.671857, Validation:0.680320, Time:0.1s
--------------Epoch:209/499-------------
Train:0.671514, Validation:0.680331, Time:0.11s
--------------Epoch:210/499-------------
Train:0.670138, Validation:0.680110, Time:0.1s
--------------Epoch:211/499-------------
Train:0.674245, Validation:0.680427, Time:0.1s
--------------Epoch:212/499-------------
Train:0.672847, Validation:0.680488, Time:0.1s
--------------Epoch:213/499-------------
Train:0.673340, Validation:0.679111, Time:0.1s
--------------Epoch:214/499-------------
Train:0.671025, Validation:0.679935, Time:0.1s
--------------Epoch:215/499-------------
Train:0.669053, Validation:0.678998, Time:0.13s
--------------Epoch:216/499-------------
Train:0.669912, Validation:0.680948, Time:0.12s
--------------Epoch:217/499-------------
Train:0.668000, Validation:0.679924, Time:0.11s
--------------Epoch:218/499-------------
Train:0.670375, Validation:0.679535, Time:0.1s
--------------Epoch:219/499-------------
Train:0.669656, Validation:0.679609, Time:0.1s
--------------Epoch:220/499-------------
Train:0.669898, Validation:0.680196, Time:0.1s
Training finished in 0.45 min, 221 epochs, early stopping: True
Test set has 21631 tracks selected as tagging particles
668773
71794
[1m[97m INFO [0m Correlations of selected events
////////////////////////////////////////////////////////////////////////////////
[1mTagger Fire Correlations [%][0m
////////////////////////////////////////////////////////////////////////////////
        OSKaon
OSKaon   100.0 
//////////////////////////////////////////////////////////////////////////////// 

[1m[97m INFO [0m Correlations of selected events
////////////////////////////////////////////////////////////////////////////////
[1mTagger Decision Correlations [%][0m
////////////////////////////////////////////////////////////////////////////////
        OSKaon
OSKaon   100.0 
//////////////////////////////////////////////////////////////////////////////// 

[1m[97m INFO [0m Correlations of selected events
////////////////////////////////////////////////////////////////////////////////
[1mTagger Decision Correlations (dilution weighted) [%][0m
////////////////////////////////////////////////////////////////////////////////
        OSKaon
OSKaon   100.0 
//////////////////////////////////////////////////////////////////////////////// 

[1m[97m INFO [0m Correlations of selected events
////////////////////////////////////////////////////////////////////////////////
[1mTagger Decision Correlations (If both fire) [%][0m
////////////////////////////////////////////////////////////////////////////////
        OSKaon
OSKaon   100.0 
//////////////////////////////////////////////////////////////////////////////// 

╔══════════════════════════════════════════════════════════╗
║ [1mRAW TAGGER STATISTICS[0m                                    ║
╠════════╤═══════╤═══════╤═════════════╤═════════╤═════════╣
│ [1m[32;1mTagger[0m │ [1m[32;1m#Evts[0m │ [1m[32;1mΣw   [0m │ [1m[32;1m(Σw)² / Σw²[0m │ [1m[32;1m#Tagged[0m │ [1m[32;1mΣ_tag w[0m │
├────────┼───────┼───────┼─────────────┼─────────┼─────────┤
│ [1m[32mOSKaon[0m │ 71794 │ 71794 │ 71794.0     │ 17814   │ 17814   │
└────────┴───────┴───────┴─────────────┴─────────┴─────────┘

╔════════════════════════════════════════════════════════════════════════════════════════════════╗
║ [1mRAW TAGGING PERFORMANCES[0m                                                                       ║
╠════════╤═════════════════════╤═════════════════════╤═════════════════════╤═════════════════════╣
│ [1m[32;1mTagger[0m │ [1m[32;1mTagging Efficiency [0m │ [1m[32;1mAvg. Mistag Rate   [0m │ [1m[32;1mEffective Mistag   [0m │ [1m[32;1mTagging Power      [0m │
├────────┼─────────────────────┼─────────────────────┼─────────────────────┼─────────────────────┤
│ [1m[32mOSKaon[0m │ (24.8127 ± 0.1612)% │ (45.1499 ± 0.3729)% │ ( 38.901 ± 0.0292)% │ ( 1.2227 ± 0.0102)% │
└────────┴─────────────────────┴─────────────────────┴─────────────────────┴─────────────────────┘

[1m[97mBasis representation for OSKaon[0m
Link function: mistag
P_0(x) = 1 
P_1(x) = x -0.3985 
[1m[94m/////////////////////////
//// Running calibrations [0m
[1m[97m-------------------- OSKaon calibration --------------------[0m
[1m[97m INFO [0m iminuit version 2.17.0
[1m[97m INFO [0m Starting minimization for OSKaon
[1m[97m INFO [0m Selection keeps 71794(71794 weighted) out of 71794(71794) events (100.0%)
I MnSeedGenerator Initial state: FCN =       12350.49815 Edm =       117.7256612 NCalls =     13
I VariableMetricBuilder Start iterating until Edm is < 0.0001 with call limit = 680
I VariableMetricBuilder    0 - FCN =       12350.49815 Edm =       117.7256612 NCalls =     13
I VariableMetricBuilder    1 - FCN =       12231.38722 Edm =      0.1796256315 NCalls =     22
I VariableMetricBuilder    2 - FCN =       12231.19089 Edm =   0.0004282317692 NCalls =     31
I VariableMetricBuilder    3 - FCN =       12231.19044 Edm =   2.542310991e-07 NCalls =     40
[1m[97m INFO [0m Minimum found
[1m[97m INFO [0m Covariance matrix accurate
[1m[97m INFO [0m Applying AVERAGED calibrations p0, p1, ...

╔════════════════════════════════════════════════════════════════════════════════════╗
║ [1mFINAL CALIBRATION PARAMETERS[0m                                                       ║
╠════════╤══════════════════╤══════════════════╤══════════════════╤══════════════════╣
│ [1m[32;1mTagger[0m │ [1m[32;1mp0              [0m │ [1m[32;1mp1              [0m │ [1m[32;1mΔp0             [0m │ [1m[32;1mΔp1             [0m │
├────────┼──────────────────┼──────────────────┼──────────────────┼──────────────────┤
│ [1m[32mOSKaon[0m │   0.053 ± 0.0037 │ -0.3669 ± 0.0827 │ -0.0099 ± 0.0074 │ -0.3869 ± 0.1654 │
└────────┴──────────────────┴──────────────────┴──────────────────┴──────────────────┘

╔══════════════════════════════════════════════════════════╗
║ [1mCALIBRATED TAGGER STATISTICS[0m                             ║
╠════════╤═══════╤═══════╤═════════════╤═════════╤═════════╣
│ [1m[32;1mTagger[0m │ [1m[32;1m#Evts[0m │ [1m[32;1mΣw   [0m │ [1m[32;1m(Σw)² / Σw²[0m │ [1m[32;1m#Tagged[0m │ [1m[32;1mΣ_tag w[0m │
├────────┼───────┼───────┼─────────────┼─────────┼─────────┤
│ [1m[32mOSKaon[0m │ 71794 │ 71794 │ 71794.0     │ 16414   │ 16414   │
└────────┴───────┴───────┴─────────────┴─────────┴─────────┘

╔════════════════════════════════════════════════════════════════════════════════════════════════════════════════════════════════════════╗
║ [1mCALIBRATED TAGGING PERFORMANCES[0m                                                                                                        ║
╠════════╤═════════════════════╤═════════════════════╤═════════════════════════════════════════╤═════════════════════════════════════════╣
│ [1m[32;1mTagger[0m │ [1m[32;1mTagging Efficiency [0m │ [1m[32;1mAvg. Mistag Rate   [0m │ [1m[32;1mEffective Mistag                       [0m │ [1m[32;1mTagging Power                          [0m │
├────────┼─────────────────────┼─────────────────────┼─────────────────────────────────────────┼─────────────────────────────────────────┤
│ [1m[32mOSKaon[0m │ (22.8626 ± 0.1567)% │ (44.8885 ± 0.3882)% │ (44.1421 ± 0.0164(stat) ± 0.3859(cal))% │ ( 0.3138 ± 0.0028(stat) ± 0.0413(cal))% │
└────────┴─────────────────────┴─────────────────────┴─────────────────────────────────────────┴─────────────────────────────────────────┘


[33m[1m ▲▲▲ Warning summary ▲▲▲[0m
[34mOSKaon Tagger[0m
[33m[1m[OverflowWarning][0m 1400 calibrated mistag values > 0.5

[1m----------------------------------------
--------------- Plotting ---------------
----------------------------------------[0m
[1m[97m INFO [0m pdf file OSKaon_Calibration.pdf has been created
Tagger parameters saved at /ceph/users/molocco/classical-taggers/results/Bu2JpsiK/OSKaon/Jonas_seed42_0.001_500_75_optimized
Applying pre-selections
Saved NTuple with pre-selections at /ceph/users/molocco/classical-taggers/root/Bu2JpsiK/SSKaon/selected_optimized.root
95586 tracks among the 786792 total tracks have been selected as tagging particles
Training set has 12927 rows
Validation set has 1437 rows
--------------Epoch:0/499-------------
Train:0.692311, Validation:0.690668, Time:0.41s
--------------Epoch:1/499-------------
Train:0.691568, Validation:0.690143, Time:0.4s
--------------Epoch:2/499-------------
Train:0.691484, Validation:0.690836, Time:0.4s
--------------Epoch:3/499-------------
Train:0.691145, Validation:0.690299, Time:0.4s
--------------Epoch:4/499-------------
Train:0.691160, Validation:0.690625, Time:0.47s
--------------Epoch:5/499-------------
Train:0.690846, Validation:0.690664, Time:0.41s
--------------Epoch:6/499-------------
Train:0.690854, Validation:0.690510, Time:0.4s
--------------Epoch:7/499-------------
Train:0.690531, Validation:0.690890, Time:0.4s
--------------Epoch:8/499-------------
Train:0.691086, Validation:0.690487, Time:0.4s
--------------Epoch:9/499-------------
Train:0.690661, Validation:0.690969, Time:0.4s
--------------Epoch:10/499-------------
Train:0.690574, Validation:0.690647, Time:0.4s
--------------Epoch:11/499-------------
Train:0.690889, Validation:0.690549, Time:0.4s
--------------Epoch:12/499-------------
Train:0.690209, Validation:0.690427, Time:0.4s
--------------Epoch:13/499-------------
Train:0.690126, Validation:0.690754, Time:0.4s
--------------Epoch:14/499-------------
Train:0.690692, Validation:0.690839, Time:0.4s
--------------Epoch:15/499-------------
Train:0.690444, Validation:0.690438, Time:0.4s
--------------Epoch:16/499-------------
Train:0.690501, Validation:0.690107, Time:0.4s
--------------Epoch:17/499-------------
Train:0.690111, Validation:0.690376, Time:0.4s
--------------Epoch:18/499-------------
Train:0.689926, Validation:0.690338, Time:0.41s
--------------Epoch:19/499-------------
Train:0.689952, Validation:0.689910, Time:0.4s
--------------Epoch:20/499-------------
Train:0.690302, Validation:0.689908, Time:0.4s
--------------Epoch:21/499-------------
Train:0.690410, Validation:0.690026, Time:0.4s
--------------Epoch:22/499-------------
Train:0.690715, Validation:0.690350, Time:0.4s
--------------Epoch:23/499-------------
Train:0.689784, Validation:0.690168, Time:0.4s
--------------Epoch:24/499-------------
Train:0.690143, Validation:0.690166, Time:0.4s
--------------Epoch:25/499-------------
Train:0.690043, Validation:0.690341, Time:0.4s
--------------Epoch:26/499-------------
Train:0.690777, Validation:0.690417, Time:0.4s
--------------Epoch:27/499-------------
Train:0.690183, Validation:0.690282, Time:0.4s
--------------Epoch:28/499-------------
Train:0.690035, Validation:0.689576, Time:0.41s
--------------Epoch:29/499-------------
Train:0.689665, Validation:0.689874, Time:0.4s
--------------Epoch:30/499-------------
Train:0.689920, Validation:0.689909, Time:0.4s
--------------Epoch:31/499-------------
Train:0.689930, Validation:0.689823, Time:0.4s
--------------Epoch:32/499-------------
Train:0.689578, Validation:0.689646, Time:0.4s
--------------Epoch:33/499-------------
Train:0.689819, Validation:0.689675, Time:0.4s
--------------Epoch:34/499-------------
Train:0.689497, Validation:0.689088, Time:0.4s
--------------Epoch:35/499-------------
Train:0.689164, Validation:0.689426, Time:0.44s
--------------Epoch:36/499-------------
Train:0.689278, Validation:0.689823, Time:0.4s
--------------Epoch:37/499-------------
Train:0.689316, Validation:0.689424, Time:0.4s
--------------Epoch:38/499-------------
Train:0.688800, Validation:0.689740, Time:0.41s
--------------Epoch:39/499-------------
Train:0.689642, Validation:0.689791, Time:0.4s
--------------Epoch:40/499-------------
Train:0.689508, Validation:0.690014, Time:0.44s
--------------Epoch:41/499-------------
Train:0.689802, Validation:0.689896, Time:0.4s
--------------Epoch:42/499-------------
Train:0.689653, Validation:0.690073, Time:0.4s
--------------Epoch:43/499-------------
Train:0.689505, Validation:0.690007, Time:0.4s
--------------Epoch:44/499-------------
Train:0.688899, Validation:0.689773, Time:0.4s
--------------Epoch:45/499-------------
Train:0.688951, Validation:0.689374, Time:0.4s
--------------Epoch:46/499-------------
Train:0.688972, Validation:0.689321, Time:0.4s
--------------Epoch:47/499-------------
Train:0.689406, Validation:0.689536, Time:0.4s
--------------Epoch:48/499-------------
Train:0.688876, Validation:0.689648, Time:0.4s
--------------Epoch:49/499-------------
Train:0.688891, Validation:0.690155, Time:0.4s
--------------Epoch:50/499-------------
Train:0.689701, Validation:0.690099, Time:0.44s
--------------Epoch:51/499-------------
Train:0.689080, Validation:0.690407, Time:0.56s
--------------Epoch:52/499-------------
Train:0.689128, Validation:0.690005, Time:0.4s
--------------Epoch:53/499-------------
Train:0.688862, Validation:0.689753, Time:0.4s
--------------Epoch:54/499-------------
Train:0.689025, Validation:0.689573, Time:0.45s
--------------Epoch:55/499-------------
Train:0.688533, Validation:0.689390, Time:0.4s
--------------Epoch:56/499-------------
Train:0.688885, Validation:0.689185, Time:0.4s
--------------Epoch:57/499-------------
Train:0.689201, Validation:0.688994, Time:0.4s
--------------Epoch:58/499-------------
Train:0.688552, Validation:0.689093, Time:0.4s
--------------Epoch:59/499-------------
Train:0.688439, Validation:0.688777, Time:0.4s
--------------Epoch:60/499-------------
Train:0.688943, Validation:0.689456, Time:0.4s
--------------Epoch:61/499-------------
Train:0.688688, Validation:0.689452, Time:0.4s
--------------Epoch:62/499-------------
Train:0.688795, Validation:0.689252, Time:0.4s
--------------Epoch:63/499-------------
Train:0.689114, Validation:0.689469, Time:0.4s
--------------Epoch:64/499-------------
Train:0.688120, Validation:0.689086, Time:0.4s
--------------Epoch:65/499-------------
Train:0.688846, Validation:0.688688, Time:0.4s
--------------Epoch:66/499-------------
Train:0.688341, Validation:0.688826, Time:0.4s
--------------Epoch:67/499-------------
Train:0.689091, Validation:0.688962, Time:0.4s
--------------Epoch:68/499-------------
Train:0.688171, Validation:0.688901, Time:0.4s
--------------Epoch:69/499-------------
Train:0.687699, Validation:0.688743, Time:0.4s
--------------Epoch:70/499-------------
Train:0.688331, Validation:0.689244, Time:0.41s
--------------Epoch:71/499-------------
Train:0.688446, Validation:0.688925, Time:0.41s
--------------Epoch:72/499-------------
Train:0.687662, Validation:0.688770, Time:0.4s
--------------Epoch:73/499-------------
Train:0.688277, Validation:0.689196, Time:0.4s
--------------Epoch:74/499-------------
Train:0.688099, Validation:0.689927, Time:0.4s
--------------Epoch:75/499-------------
Train:0.688289, Validation:0.689515, Time:0.4s
--------------Epoch:76/499-------------
Train:0.688393, Validation:0.689399, Time:0.4s
--------------Epoch:77/499-------------
Train:0.687707, Validation:0.689457, Time:0.4s
--------------Epoch:78/499-------------
Train:0.688505, Validation:0.688919, Time:0.41s
--------------Epoch:79/499-------------
Train:0.687302, Validation:0.689961, Time:0.41s
--------------Epoch:80/499-------------
Train:0.687835, Validation:0.689476, Time:0.4s
--------------Epoch:81/499-------------
Train:0.688653, Validation:0.689557, Time:0.4s
--------------Epoch:82/499-------------
Train:0.687379, Validation:0.688989, Time:0.4s
--------------Epoch:83/499-------------
Train:0.687276, Validation:0.689519, Time:0.4s
--------------Epoch:84/499-------------
Train:0.687478, Validation:0.689280, Time:0.44s
--------------Epoch:85/499-------------
Train:0.687575, Validation:0.689993, Time:0.4s
--------------Epoch:86/499-------------
Train:0.687687, Validation:0.689467, Time:0.4s
--------------Epoch:87/499-------------
Train:0.687843, Validation:0.689087, Time:0.4s
--------------Epoch:88/499-------------
Train:0.687908, Validation:0.689551, Time:0.4s
--------------Epoch:89/499-------------
Train:0.686865, Validation:0.690111, Time:0.4s
--------------Epoch:90/499-------------
Train:0.686536, Validation:0.688942, Time:0.4s
--------------Epoch:91/499-------------
Train:0.687883, Validation:0.688668, Time:0.4s
--------------Epoch:92/499-------------
Train:0.687386, Validation:0.688940, Time:0.4s
--------------Epoch:93/499-------------
Train:0.687817, Validation:0.688531, Time:0.4s
--------------Epoch:94/499-------------
Train:0.687342, Validation:0.689657, Time:0.4s
--------------Epoch:95/499-------------
Train:0.687784, Validation:0.688790, Time:0.4s
--------------Epoch:96/499-------------
Train:0.687451, Validation:0.689125, Time:0.4s
--------------Epoch:97/499-------------
Train:0.687579, Validation:0.689357, Time:0.4s
--------------Epoch:98/499-------------
Train:0.687551, Validation:0.689025, Time:0.4s
--------------Epoch:99/499-------------
Train:0.687533, Validation:0.689203, Time:0.4s
--------------Epoch:100/499-------------
Train:0.687512, Validation:0.689170, Time:0.4s
--------------Epoch:101/499-------------
Train:0.686614, Validation:0.688662, Time:0.4s
--------------Epoch:102/499-------------
Train:0.687884, Validation:0.689212, Time:0.4s
--------------Epoch:103/499-------------
Train:0.687886, Validation:0.689451, Time:0.4s
--------------Epoch:104/499-------------
Train:0.686967, Validation:0.689015, Time:0.4s
--------------Epoch:105/499-------------
Train:0.687415, Validation:0.689465, Time:0.4s
--------------Epoch:106/499-------------
Train:0.687036, Validation:0.689251, Time:0.4s
--------------Epoch:107/499-------------
Train:0.687354, Validation:0.689087, Time:0.41s
--------------Epoch:108/499-------------
Train:0.687255, Validation:0.689124, Time:0.4s
--------------Epoch:109/499-------------
Train:0.687042, Validation:0.689025, Time:0.4s
--------------Epoch:110/499-------------
Train:0.686957, Validation:0.688951, Time:0.4s
--------------Epoch:111/499-------------
Train:0.687740, Validation:0.689379, Time:0.4s
--------------Epoch:112/499-------------
Train:0.687033, Validation:0.689754, Time:0.4s
Training finished in 0.78 min, 113 epochs, early stopping: True
Test set has 81222 tracks selected as tagging particles
668773
71786
[1m[97m INFO [0m Correlations of selected events
////////////////////////////////////////////////////////////////////////////////
[1mTagger Fire Correlations [%][0m
////////////////////////////////////////////////////////////////////////////////
        SSKaon
SSKaon   100.0 
//////////////////////////////////////////////////////////////////////////////// 

[1m[97m INFO [0m Correlations of selected events
////////////////////////////////////////////////////////////////////////////////
[1mTagger Decision Correlations [%][0m
////////////////////////////////////////////////////////////////////////////////
        SSKaon
SSKaon   100.0 
//////////////////////////////////////////////////////////////////////////////// 

[1m[97m INFO [0m Correlations of selected events
////////////////////////////////////////////////////////////////////////////////
[1mTagger Decision Correlations (dilution weighted) [%][0m
////////////////////////////////////////////////////////////////////////////////
        SSKaon
SSKaon   100.0 
//////////////////////////////////////////////////////////////////////////////// 

[1m[97m INFO [0m Correlations of selected events
////////////////////////////////////////////////////////////////////////////////
[1mTagger Decision Correlations (If both fire) [%][0m
////////////////////////////////////////////////////////////////////////////////
        SSKaon
SSKaon   100.0 
//////////////////////////////////////////////////////////////////////////////// 

╔══════════════════════════════════════════════════════════╗
║ [1mRAW TAGGER STATISTICS[0m                                    ║
╠════════╤═══════╤═══════╤═════════════╤═════════╤═════════╣
│ [1m[32;1mTagger[0m │ [1m[32;1m#Evts[0m │ [1m[32;1mΣw   [0m │ [1m[32;1m(Σw)² / Σw²[0m │ [1m[32;1m#Tagged[0m │ [1m[32;1mΣ_tag w[0m │
├────────┼───────┼───────┼─────────────┼─────────┼─────────┤
│ [1m[32mSSKaon[0m │ 71786 │ 71786 │ 71786.0     │ 44676   │ 44676   │
└────────┴───────┴───────┴─────────────┴─────────┴─────────┘

╔════════════════════════════════════════════════════════════════════════════════════════════════╗
║ [1mRAW TAGGING PERFORMANCES[0m                                                                       ║
╠════════╤═════════════════════╤═════════════════════╤═════════════════════╤═════════════════════╣
│ [1m[32;1mTagger[0m │ [1m[32;1mTagging Efficiency [0m │ [1m[32;1mAvg. Mistag Rate   [0m │ [1m[32;1mEffective Mistag   [0m │ [1m[32;1mTagging Power      [0m │
├────────┼─────────────────────┼─────────────────────┼─────────────────────┼─────────────────────┤
│ [1m[32mSSKaon[0m │ ( 62.235 ± 0.1809)% │ (47.2804 ± 0.2362)% │ (42.8214 ± 0.0385)% │ ( 1.2828 ± 0.0142)% │
└────────┴─────────────────────┴─────────────────────┴─────────────────────┴─────────────────────┘

[1m[97mBasis representation for SSKaon[0m
Link function: mistag
P_0(x) = 1 
P_1(x) = x -0.4528 
[1m[94m/////////////////////////
//// Running calibrations [0m
[1m[97m-------------------- SSKaon calibration --------------------[0m
[1m[97m INFO [0m iminuit version 2.17.0
[1m[97m INFO [0m Starting minimization for SSKaon
[1m[97m INFO [0m Selection keeps 71786(71786 weighted) out of 71786(71786) events (100.0%)
I MnSeedGenerator Initial state: FCN =       30773.51759 Edm =        49.8890234 NCalls =     17
I VariableMetricBuilder Start iterating until Edm is < 0.0001 with call limit = 680
I VariableMetricBuilder    0 - FCN =       30773.51759 Edm =        49.8890234 NCalls =     17
I VariableMetricBuilder    1 - FCN =       30724.39194 Edm =    0.003033278561 NCalls =     26
I VariableMetricBuilder    2 - FCN =       30724.38871 Edm =   1.185122724e-05 NCalls =     36
[1m[97m INFO [0m Minimum found
[1m[97m INFO [0m Covariance matrix accurate
[1m[97m INFO [0m Applying AVERAGED calibrations p0, p1, ...

╔════════════════════════════════════════════════════════════════════════════════════╗
║ [1mFINAL CALIBRATION PARAMETERS[0m                                                       ║
╠════════╤══════════════════╤══════════════════╤══════════════════╤══════════════════╣
│ [1m[32;1mTagger[0m │ [1m[32;1mp0              [0m │ [1m[32;1mp1              [0m │ [1m[32;1mΔp0             [0m │ [1m[32;1mΔp1             [0m │
├────────┼──────────────────┼──────────────────┼──────────────────┼──────────────────┤
│ [1m[32mSSKaon[0m │  0.0198 ± 0.0024 │ -0.1806 ± 0.0429 │  0.0108 ± 0.0047 │ -0.0696 ± 0.0858 │
└────────┴──────────────────┴──────────────────┴──────────────────┴──────────────────┘

╔══════════════════════════════════════════════════════════╗
║ [1mCALIBRATED TAGGER STATISTICS[0m                             ║
╠════════╤═══════╤═══════╤═════════════╤═════════╤═════════╣
│ [1m[32;1mTagger[0m │ [1m[32;1m#Evts[0m │ [1m[32;1mΣw   [0m │ [1m[32;1m(Σw)² / Σw²[0m │ [1m[32;1m#Tagged[0m │ [1m[32;1mΣ_tag w[0m │
├────────┼───────┼───────┼─────────────┼─────────┼─────────┤
│ [1m[32mSSKaon[0m │ 71786 │ 71786 │ 71786.0     │ 30186   │ 30186   │
└────────┴───────┴───────┴─────────────┴─────────┴─────────┘

╔════════════════════════════════════════════════════════════════════════════════════════════════════════════════════════════════════════╗
║ [1mCALIBRATED TAGGING PERFORMANCES[0m                                                                                                        ║
╠════════╤═════════════════════╤═════════════════════╤═════════════════════════════════════════╤═════════════════════════════════════════╣
│ [1m[32;1mTagger[0m │ [1m[32;1mTagging Efficiency [0m │ [1m[32;1mAvg. Mistag Rate   [0m │ [1m[32;1mEffective Mistag                       [0m │ [1m[32;1mTagging Power                          [0m │
├────────┼─────────────────────┼─────────────────────┼─────────────────────────────────────────┼─────────────────────────────────────────┤
│ [1m[32mSSKaon[0m │ (  42.05 ± 0.1842)% │ (45.8159 ± 0.2868)% │ (43.6588 ± 0.0303(stat) ± 0.2811(cal))% │ ( 0.6763 ± 0.0071(stat) ±   0.06(cal))% │
└────────┴─────────────────────┴─────────────────────┴─────────────────────────────────────────┴─────────────────────────────────────────┘


[33m[1m ▲▲▲ Warning summary ▲▲▲[0m
[34mSSKaon Tagger[0m
[33m[1m[OverflowWarning][0m 14490 calibrated mistag values > 0.5

[1m----------------------------------------
--------------- Plotting ---------------
----------------------------------------[0m
[1m[97m INFO [0m pdf file SSKaon_Calibration.pdf has been created
Tagger parameters saved at /ceph/users/molocco/classical-taggers/results/Bu2JpsiK/SSKaon/Jonas_seed42_0.001_500_75_optimized
Applying pre-selections
Saved NTuple with pre-selections at /ceph/users/molocco/classical-taggers/root/Bu2JpsiK/SSPion/selected_optimized.root
564678 tracks among the 786792 total tracks have been selected as tagging particles
Training set has 76231 rows
Validation set has 8471 rows
--------------Epoch:0/499-------------
Train:0.693350, Validation:0.693324, Time:2.43s
--------------Epoch:1/499-------------
Train:0.692961, Validation:0.693293, Time:2.35s
--------------Epoch:2/499-------------
Train:0.692744, Validation:0.693094, Time:2.35s
--------------Epoch:3/499-------------
Train:0.692847, Validation:0.693167, Time:2.4s
--------------Epoch:4/499-------------
Train:0.692864, Validation:0.693249, Time:2.38s
--------------Epoch:5/499-------------
Train:0.692761, Validation:0.693055, Time:2.35s
--------------Epoch:6/499-------------
Train:0.692771, Validation:0.693093, Time:2.36s
--------------Epoch:7/499-------------
Train:0.692719, Validation:0.693071, Time:2.35s
--------------Epoch:8/499-------------
Train:0.692693, Validation:0.692919, Time:2.51s
--------------Epoch:9/499-------------
Train:0.692619, Validation:0.692843, Time:2.35s
--------------Epoch:10/499-------------
Train:0.692639, Validation:0.693000, Time:2.35s
--------------Epoch:11/499-------------
Train:0.692642, Validation:0.692921, Time:2.44s
--------------Epoch:12/499-------------
Train:0.692591, Validation:0.692818, Time:2.36s
--------------Epoch:13/499-------------
Train:0.692656, Validation:0.693025, Time:2.39s
--------------Epoch:14/499-------------
Train:0.692740, Validation:0.692934, Time:2.36s
--------------Epoch:15/499-------------
Train:0.692623, Validation:0.692726, Time:2.34s
--------------Epoch:16/499-------------
Train:0.692499, Validation:0.692650, Time:2.32s
--------------Epoch:17/499-------------
Train:0.692522, Validation:0.692759, Time:2.41s
--------------Epoch:18/499-------------
Train:0.692599, Validation:0.692912, Time:2.39s
--------------Epoch:19/499-------------
Train:0.692670, Validation:0.693005, Time:2.33s
--------------Epoch:20/499-------------
Train:0.692515, Validation:0.692892, Time:2.32s
--------------Epoch:21/499-------------
Train:0.692491, Validation:0.692636, Time:2.31s
--------------Epoch:22/499-------------
Train:0.692527, Validation:0.692832, Time:2.32s
--------------Epoch:23/499-------------
Train:0.692443, Validation:0.692907, Time:2.38s
--------------Epoch:24/499-------------
Train:0.692684, Validation:0.692971, Time:2.33s
--------------Epoch:25/499-------------
Train:0.692540, Validation:0.692844, Time:2.49s
--------------Epoch:26/499-------------
Train:0.692510, Validation:0.692881, Time:2.37s
--------------Epoch:27/499-------------
Train:0.692486, Validation:0.692915, Time:2.32s
--------------Epoch:28/499-------------
Train:0.692556, Validation:0.693006, Time:2.37s
--------------Epoch:29/499-------------
Train:0.692421, Validation:0.692898, Time:2.36s
--------------Epoch:30/499-------------
Train:0.692490, Validation:0.692873, Time:2.31s
--------------Epoch:31/499-------------
Train:0.692532, Validation:0.692988, Time:2.38s
--------------Epoch:32/499-------------
Train:0.692429, Validation:0.692824, Time:2.38s
--------------Epoch:33/499-------------
Train:0.692476, Validation:0.692901, Time:2.34s
--------------Epoch:34/499-------------
Train:0.692381, Validation:0.692768, Time:2.36s
--------------Epoch:35/499-------------
Train:0.692522, Validation:0.692793, Time:2.36s
--------------Epoch:36/499-------------
Train:0.692546, Validation:0.692697, Time:2.4s
--------------Epoch:37/499-------------
Train:0.692541, Validation:0.692712, Time:2.39s
--------------Epoch:38/499-------------
Train:0.692518, Validation:0.692647, Time:2.35s
--------------Epoch:39/499-------------
Train:0.692494, Validation:0.692821, Time:2.39s
--------------Epoch:40/499-------------
Train:0.692406, Validation:0.692804, Time:2.38s
--------------Epoch:41/499-------------
Train:0.692434, Validation:0.692612, Time:2.38s
--------------Epoch:42/499-------------
Train:0.692523, Validation:0.692692, Time:2.36s
--------------Epoch:43/499-------------
Train:0.692243, Validation:0.692600, Time:2.53s
--------------Epoch:44/499-------------
Train:0.692410, Validation:0.692695, Time:2.36s
--------------Epoch:45/499-------------
Train:0.692593, Validation:0.692876, Time:2.38s
--------------Epoch:46/499-------------
Train:0.692345, Validation:0.692902, Time:2.37s
--------------Epoch:47/499-------------
Train:0.692508, Validation:0.692788, Time:2.44s
--------------Epoch:48/499-------------
Train:0.692256, Validation:0.692562, Time:2.43s
--------------Epoch:49/499-------------
Train:0.692576, Validation:0.692915, Time:2.4s
--------------Epoch:50/499-------------
Train:0.692463, Validation:0.692603, Time:2.44s
--------------Epoch:51/499-------------
Train:0.692372, Validation:0.692714, Time:2.45s
--------------Epoch:52/499-------------
Train:0.692486, Validation:0.692932, Time:2.45s
--------------Epoch:53/499-------------
Train:0.692551, Validation:0.693079, Time:2.52s
--------------Epoch:54/499-------------
Train:0.692326, Validation:0.692901, Time:2.54s
--------------Epoch:55/499-------------
Train:0.692446, Validation:0.692779, Time:2.42s
--------------Epoch:56/499-------------
Train:0.692413, Validation:0.692792, Time:2.65s
--------------Epoch:57/499-------------
Train:0.692492, Validation:0.692902, Time:2.41s
--------------Epoch:58/499-------------
Train:0.692328, Validation:0.692538, Time:2.41s
--------------Epoch:59/499-------------
Train:0.692266, Validation:0.692818, Time:2.46s
--------------Epoch:60/499-------------
Train:0.692436, Validation:0.692754, Time:2.59s
--------------Epoch:61/499-------------
Train:0.692471, Validation:0.692765, Time:2.47s
--------------Epoch:62/499-------------
Train:0.692517, Validation:0.692809, Time:2.42s
--------------Epoch:63/499-------------
Train:0.692343, Validation:0.692603, Time:2.43s
--------------Epoch:64/499-------------
Train:0.692403, Validation:0.692724, Time:2.62s
--------------Epoch:65/499-------------
Train:0.692407, Validation:0.692740, Time:2.45s
--------------Epoch:66/499-------------
Train:0.692434, Validation:0.692732, Time:2.45s
--------------Epoch:67/499-------------
Train:0.692458, Validation:0.692745, Time:2.44s
--------------Epoch:68/499-------------
Train:0.692287, Validation:0.692702, Time:2.51s
--------------Epoch:69/499-------------
Train:0.692468, Validation:0.692753, Time:2.61s
--------------Epoch:70/499-------------
Train:0.692280, Validation:0.692605, Time:2.46s
--------------Epoch:71/499-------------
Train:0.692565, Validation:0.692533, Time:2.46s
--------------Epoch:72/499-------------
Train:0.692387, Validation:0.692729, Time:2.43s
--------------Epoch:73/499-------------
Train:0.692275, Validation:0.692508, Time:2.44s
--------------Epoch:74/499-------------
Train:0.692407, Validation:0.692585, Time:2.41s
--------------Epoch:75/499-------------
Train:0.692403, Validation:0.692746, Time:2.49s
--------------Epoch:76/499-------------
Train:0.692530, Validation:0.692803, Time:2.46s
--------------Epoch:77/499-------------
Train:0.692443, Validation:0.692677, Time:2.44s
--------------Epoch:78/499-------------
Train:0.692251, Validation:0.692504, Time:2.59s
--------------Epoch:79/499-------------
Train:0.692490, Validation:0.692762, Time:2.42s
--------------Epoch:80/499-------------
Train:0.692423, Validation:0.692573, Time:2.43s
--------------Epoch:81/499-------------
Train:0.692365, Validation:0.692775, Time:2.45s
--------------Epoch:82/499-------------
Train:0.692375, Validation:0.692946, Time:2.48s
--------------Epoch:83/499-------------
Train:0.692400, Validation:0.692890, Time:2.7s
--------------Epoch:84/499-------------
Train:0.692337, Validation:0.692704, Time:2.53s
--------------Epoch:85/499-------------
Train:0.692392, Validation:0.692780, Time:2.47s
--------------Epoch:86/499-------------
Train:0.692342, Validation:0.692744, Time:2.44s
--------------Epoch:87/499-------------
Train:0.692310, Validation:0.692678, Time:2.43s
--------------Epoch:88/499-------------
Train:0.692379, Validation:0.692711, Time:2.44s
--------------Epoch:89/499-------------
Train:0.692312, Validation:0.692530, Time:2.44s
--------------Epoch:90/499-------------
Train:0.692225, Validation:0.692472, Time:2.46s
--------------Epoch:91/499-------------
Train:0.692187, Validation:0.692627, Time:2.47s
--------------Epoch:92/499-------------
Train:0.692462, Validation:0.692681, Time:2.65s
--------------Epoch:93/499-------------
Train:0.692314, Validation:0.692570, Time:2.53s
--------------Epoch:94/499-------------
Train:0.692298, Validation:0.692650, Time:2.52s
--------------Epoch:95/499-------------
Train:0.692283, Validation:0.692545, Time:2.81s
--------------Epoch:96/499-------------
Train:0.692432, Validation:0.692343, Time:2.57s
--------------Epoch:97/499-------------
Train:0.692286, Validation:0.692387, Time:2.54s
--------------Epoch:98/499-------------
Train:0.692310, Validation:0.692536, Time:2.49s
--------------Epoch:99/499-------------
Train:0.692280, Validation:0.692558, Time:2.47s
--------------Epoch:100/499-------------
Train:0.692556, Validation:0.692684, Time:2.48s
--------------Epoch:101/499-------------
Train:0.692365, Validation:0.692579, Time:2.51s
--------------Epoch:102/499-------------
Train:0.692399, Validation:0.692590, Time:2.47s
--------------Epoch:103/499-------------
Train:0.692282, Validation:0.692644, Time:2.48s
--------------Epoch:104/499-------------
Train:0.692344, Validation:0.692574, Time:2.51s
--------------Epoch:105/499-------------
Train:0.692423, Validation:0.692655, Time:2.5s
--------------Epoch:106/499-------------
Train:0.692440, Validation:0.692759, Time:2.51s
--------------Epoch:107/499-------------
Train:0.692184, Validation:0.692559, Time:2.48s
--------------Epoch:108/499-------------
Train:0.692198, Validation:0.692458, Time:2.56s
--------------Epoch:109/499-------------
Train:0.692329, Validation:0.692571, Time:2.5s
--------------Epoch:110/499-------------
Train:0.692390, Validation:0.692602, Time:2.5s
--------------Epoch:111/499-------------
Train:0.692345, Validation:0.692396, Time:2.52s
--------------Epoch:112/499-------------
Train:0.692426, Validation:0.692636, Time:2.64s
--------------Epoch:113/499-------------
Train:0.692372, Validation:0.692396, Time:2.5s
--------------Epoch:114/499-------------
Train:0.692339, Validation:0.692735, Time:2.55s
--------------Epoch:115/499-------------
Train:0.692377, Validation:0.692636, Time:2.58s
--------------Epoch:116/499-------------
Train:0.692283, Validation:0.692555, Time:2.59s
--------------Epoch:117/499-------------
Train:0.692457, Validation:0.692503, Time:2.51s
--------------Epoch:118/499-------------
Train:0.692415, Validation:0.692582, Time:2.48s
--------------Epoch:119/499-------------
Train:0.692298, Validation:0.692574, Time:2.51s
--------------Epoch:120/499-------------
Train:0.692404, Validation:0.692540, Time:2.48s
--------------Epoch:121/499-------------
Train:0.692311, Validation:0.692449, Time:2.49s
--------------Epoch:122/499-------------
Train:0.692335, Validation:0.692656, Time:2.5s
--------------Epoch:123/499-------------
Train:0.692352, Validation:0.692630, Time:2.5s
Training finished in 5.07 min, 124 epochs, early stopping: True
Test set has 479976 tracks selected as tagging particles
668773
71804
[1m[97m INFO [0m Correlations of selected events
////////////////////////////////////////////////////////////////////////////////
[1mTagger Fire Correlations [%][0m
////////////////////////////////////////////////////////////////////////////////
        SSPion
SSPion   100.0 
//////////////////////////////////////////////////////////////////////////////// 

[1m[97m INFO [0m Correlations of selected events
////////////////////////////////////////////////////////////////////////////////
[1mTagger Decision Correlations [%][0m
////////////////////////////////////////////////////////////////////////////////
        SSPion
SSPion   100.0 
//////////////////////////////////////////////////////////////////////////////// 

[1m[97m INFO [0m Correlations of selected events
////////////////////////////////////////////////////////////////////////////////
[1mTagger Decision Correlations (dilution weighted) [%][0m
////////////////////////////////////////////////////////////////////////////////
        SSPion
SSPion   100.0 
//////////////////////////////////////////////////////////////////////////////// 

[1m[97m INFO [0m Correlations of selected events
////////////////////////////////////////////////////////////////////////////////
[1mTagger Decision Correlations (If both fire) [%][0m
////////////////////////////////////////////////////////////////////////////////
        SSPion
SSPion   100.0 
//////////////////////////////////////////////////////////////////////////////// 

╔══════════════════════════════════════════════════════════╗
║ [1mRAW TAGGER STATISTICS[0m                                    ║
╠════════╤═══════╤═══════╤═════════════╤═════════╤═════════╣
│ [1m[32;1mTagger[0m │ [1m[32;1m#Evts[0m │ [1m[32;1mΣw   [0m │ [1m[32;1m(Σw)² / Σw²[0m │ [1m[32;1m#Tagged[0m │ [1m[32;1mΣ_tag w[0m │
├────────┼───────┼───────┼─────────────┼─────────┼─────────┤
│ [1m[32mSSPion[0m │ 71804 │ 71804 │ 71804.0     │ 70983   │ 70983   │
└────────┴───────┴───────┴─────────────┴─────────┴─────────┘

╔════════════════════════════════════════════════════════════════════════════════════════════════╗
║ [1mRAW TAGGING PERFORMANCES[0m                                                                       ║
╠════════╤═════════════════════╤═════════════════════╤═════════════════════╤═════════════════════╣
│ [1m[32;1mTagger[0m │ [1m[32;1mTagging Efficiency [0m │ [1m[32;1mAvg. Mistag Rate   [0m │ [1m[32;1mEffective Mistag   [0m │ [1m[32;1mTagging Power      [0m │
├────────┼─────────────────────┼─────────────────────┼─────────────────────┼─────────────────────┤
│ [1m[32mSSPion[0m │ (98.8566 ± 0.0397)% │ (46.4816 ± 0.1872)% │ (45.3912 ± 0.0183)% │ ( 0.8399 ± 0.0067)% │
└────────┴─────────────────────┴─────────────────────┴─────────────────────┴─────────────────────┘

[1m[97mBasis representation for SSPion[0m
Link function: mistag
P_0(x) = 1 
P_1(x) = x -0.4708 
[1m[94m/////////////////////////
//// Running calibrations [0m
[1m[97m-------------------- SSPion calibration --------------------[0m
[1m[97m INFO [0m iminuit version 2.17.0
[1m[97m INFO [0m Starting minimization for SSPion
[1m[97m INFO [0m Selection keeps 71804(71804 weighted) out of 71804(71804) events (100.0%)
I MnSeedGenerator Initial state: FCN =        48804.8606 Edm =       8.602944848 NCalls =     13
I VariableMetricBuilder Start iterating until Edm is < 0.0001 with call limit = 680
I VariableMetricBuilder    0 - FCN =        48804.8606 Edm =       8.602944848 NCalls =     13
I VariableMetricBuilder    1 - FCN =       48796.38927 Edm =    0.004088262606 NCalls =     22
I VariableMetricBuilder    2 - FCN =       48796.38535 Edm =   1.371980348e-06 NCalls =     31
[1m[97m INFO [0m Minimum found
[1m[97m INFO [0m Covariance matrix accurate
[1m[97m INFO [0m Applying AVERAGED calibrations p0, p1, ...

╔════════════════════════════════════════════════════════════════════════════════════╗
║ [1mFINAL CALIBRATION PARAMETERS[0m                                                       ║
╠════════╤══════════════════╤══════════════════╤══════════════════╤══════════════════╣
│ [1m[32;1mTagger[0m │ [1m[32;1mp0              [0m │ [1m[32;1mp1              [0m │ [1m[32;1mΔp0             [0m │ [1m[32;1mΔp1             [0m │
├────────┼──────────────────┼──────────────────┼──────────────────┼──────────────────┤
│ [1m[32mSSPion[0m │ -0.0061 ± 0.0019 │  0.1257 ± 0.0516 │  0.0015 ± 0.0037 │  0.0239 ± 0.1033 │
└────────┴──────────────────┴──────────────────┴──────────────────┴──────────────────┘

╔══════════════════════════════════════════════════════════╗
║ [1mCALIBRATED TAGGER STATISTICS[0m                             ║
╠════════╤═══════╤═══════╤═════════════╤═════════╤═════════╣
│ [1m[32;1mTagger[0m │ [1m[32;1m#Evts[0m │ [1m[32;1mΣw   [0m │ [1m[32;1m(Σw)² / Σw²[0m │ [1m[32;1m#Tagged[0m │ [1m[32;1mΣ_tag w[0m │
├────────┼───────┼───────┼─────────────┼─────────┼─────────┤
│ [1m[32mSSPion[0m │ 71804 │ 71804 │ 71804.0     │ 70983   │ 70983   │
└────────┴───────┴───────┴─────────────┴─────────┴─────────┘

╔════════════════════════════════════════════════════════════════════════════════════════════════════════════════════════════════════════╗
║ [1mCALIBRATED TAGGING PERFORMANCES[0m                                                                                                        ║
╠════════╤═════════════════════╤═════════════════════╤═════════════════════════════════════════╤═════════════════════════════════════════╣
│ [1m[32;1mTagger[0m │ [1m[32;1mTagging Efficiency [0m │ [1m[32;1mAvg. Mistag Rate   [0m │ [1m[32;1mEffective Mistag                       [0m │ [1m[32;1mTagging Power                          [0m │
├────────┼─────────────────────┼─────────────────────┼─────────────────────────────────────────┼─────────────────────────────────────────┤
│ [1m[32mSSPion[0m │ (98.8566 ± 0.0397)% │ (46.4816 ± 0.1872)% │ (44.6554 ± 0.0207(stat) ± 0.1835(cal))% │ ( 1.1295 ± 0.0088(stat) ± 0.0776(cal))% │
└────────┴─────────────────────┴─────────────────────┴─────────────────────────────────────────┴─────────────────────────────────────────┘


[1m----------------------------------------
--------------- Plotting ---------------
----------------------------------------[0m
[1m[97m INFO [0m pdf file SSPion_Calibration.pdf has been created
Tagger parameters saved at /ceph/users/molocco/classical-taggers/results/Bu2JpsiK/SSPion/Jonas_seed42_0.001_500_75_optimized
:2.46s
--------------Epoch:50/499-------------
Train:0.692331, Validation:0.692295, Time:2.5s
--------------Epoch:51/499-------------
Train:0.692328, Validation:0.692228, Time:2.47s
--------------Epoch:52/499-------------
Train:0.692201, Validation:0.692003, Time:2.63s
--------------Epoch:53/499-------------
Train:0.692225, Validation:0.691969, Time:2.6s
--------------Epoch:54/499-------------
Train:0.692355, Validation:0.692033, Time:2.53s
--------------Epoch:55/499-------------
Train:0.692169, Validation:0.691998, Time:2.55s
--------------Epoch:56/499-------------
Train:0.692313, Validation:0.692311, Time:2.54s
--------------Epoch:57/499-------------
Train:0.692299, Validation:0.692218, Time:2.49s
--------------Epoch:58/499-------------
Train:0.692243, Validation:0.692420, Time:2.58s
--------------Epoch:59/499-------------
Train:0.692284, Validation:0.692227, Time:2.72s
--------------Epoch:60/499-------------
Train:0.692261, Validation:0.692314, Time:2.51s
--------------Epoch:61/499-------------
Train:0.692131, Validation:0.692002, Time:2.53s
--------------Epoch:62/499-------------
Train:0.692345, Validation:0.692297, Time:2.52s
--------------Epoch:63/499-------------
Train:0.692269, Validation:0.692175, Time:2.42s
--------------Epoch:64/499-------------
Train:0.692100, Validation:0.692254, Time:2.57s
--------------Epoch:65/499-------------
Train:0.692268, Validation:0.692305, Time:2.48s
--------------Epoch:66/499-------------
Train:0.692369, Validation:0.692171, Time:2.46s
--------------Epoch:67/499-------------
Train:0.692183, Validation:0.692216, Time:2.43s
--------------Epoch:68/499-------------
Train:0.692280, Validation:0.692443, Time:2.41s
--------------Epoch:69/499-------------
Train:0.692346, Validation:0.692144, Time:2.41s
--------------Epoch:70/499-------------
Train:0.692227, Validation:0.692211, Time:2.46s
--------------Epoch:71/499-------------
Train:0.692227, Validation:0.692282, Time:2.42s
--------------Epoch:72/499-------------
Train:0.692042, Validation:0.691923, Time:2.43s
--------------Epoch:73/499-------------
Train:0.692197, Validation:0.692334, Time:2.43s
--------------Epoch:74/499-------------
Train:0.692335, Validation:0.692031, Time:2.44s
--------------Epoch:75/499-------------
Train:0.692094, Validation:0.691736, Time:2.49s
--------------Epoch:76/499-------------
Train:0.692376, Validation:0.692181, Time:2.58s
--------------Epoch:77/499-------------
Train:0.692063, Validation:0.691998, Time:2.48s
--------------Epoch:78/499-------------
Train:0.692137, Validation:0.692233, Time:2.44s
--------------Epoch:79/499-------------
Train:0.692282, Validation:0.692206, Time:2.42s
--------------Epoch:80/499-------------
Train:0.692101, Validation:0.691868, Time:2.47s
--------------Epoch:81/499-------------
Train:0.692210, Validation:0.691999, Time:2.66s
--------------Epoch:82/499-------------
Train:0.692103, Validation:0.692010, Time:2.45s
--------------Epoch:83/499-------------
Train:0.692020, Validation:0.692061, Time:2.44s
Training finished in 3.43 min, 84 epochs, early stopping: True
Test set has 479948 tracks selected as tagging particles
668773
71768
[1m[97m INFO [0m Correlations of selected events
////////////////////////////////////////////////////////////////////////////////
[1mTagger Fire Correlations [%][0m
////////////////////////////////////////////////////////////////////////////////
        SSPion
SSPion   100.0 
//////////////////////////////////////////////////////////////////////////////// 

[1m[97m INFO [0m Correlations of selected events
////////////////////////////////////////////////////////////////////////////////
[1mTagger Decision Correlations [%][0m
////////////////////////////////////////////////////////////////////////////////
        SSPion
SSPion   100.0 
//////////////////////////////////////////////////////////////////////////////// 

[1m[97m INFO [0m Correlations of selected events
////////////////////////////////////////////////////////////////////////////////
[1mTagger Decision Correlations (dilution weighted) [%][0m
////////////////////////////////////////////////////////////////////////////////
        SSPion
SSPion   100.0 
//////////////////////////////////////////////////////////////////////////////// 

[1m[97m INFO [0m Correlations of selected events
////////////////////////////////////////////////////////////////////////////////
[1mTagger Decision Correlations (If both fire) [%][0m
////////////////////////////////////////////////////////////////////////////////
        SSPion
SSPion   100.0 
//////////////////////////////////////////////////////////////////////////////// 

╔══════════════════════════════════════════════════════════╗
║ [1mRAW TAGGER STATISTICS[0m                                    ║
╠════════╤═══════╤═══════╤═════════════╤═════════╤═════════╣
│ [1m[32;1mTagger[0m │ [1m[32;1m#Evts[0m │ [1m[32;1mΣw   [0m │ [1m[32;1m(Σw)² / Σw²[0m │ [1m[32;1m#Tagged[0m │ [1m[32;1mΣ_tag w[0m │
├────────┼───────┼───────┼─────────────┼─────────┼─────────┤
│ [1m[32mSSPion[0m │ 71768 │ 71768 │ 71768.0     │ 70953   │ 70953   │
└────────┴───────┴───────┴─────────────┴─────────┴─────────┘

╔════════════════════════════════════════════════════════════════════════════════════════════════╗
║ [1mRAW TAGGING PERFORMANCES[0m                                                                       ║
╠════════╤═════════════════════╤═════════════════════╤═════════════════════╤═════════════════════╣
│ [1m[32;1mTagger[0m │ [1m[32;1mTagging Efficiency [0m │ [1m[32;1mAvg. Mistag Rate   [0m │ [1m[32;1mEffective Mistag   [0m │ [1m[32;1mTagging Power      [0m │
├────────┼─────────────────────┼─────────────────────┼─────────────────────┼─────────────────────┤
│ [1m[32mSSPion[0m │ (98.8644 ± 0.0396)% │ (45.9375 ± 0.1871)% │ (44.6224 ± 0.0215)% │ ( 1.1436 ± 0.0092)% │
└────────┴─────────────────────┴─────────────────────┴─────────────────────┴─────────────────────┘

[1m[97mBasis representation for SSPion[0m
Link function: mistag
P_0(x) = 1 
P_1(x) = x -0.4636 
[1m[94m/////////////////////////
//// Running calibrations [0m
[1m[97m-------------------- SSPion calibration --------------------[0m
[1m[97m INFO [0m iminuit version 2.17.0
[1m[97m INFO [0m Starting minimization for SSPion
[1m[97m INFO [0m Selection keeps 71768(71768 weighted) out of 71768(71768) events (100.0%)
I MnSeedGenerator Initial state: FCN =       48736.43788 Edm =       4.211777331 NCalls =     17
I VariableMetricBuilder Start iterating until Edm is < 0.0001 with call limit = 680
I VariableMetricBuilder    0 - FCN =       48736.43788 Edm =       4.211777331 NCalls =     17
I VariableMetricBuilder    1 - FCN =       48732.16608 Edm =    0.003305328601 NCalls =     26
I VariableMetricBuilder    2 - FCN =       48732.16272 Edm =   1.886246788e-07 NCalls =     35
[1m[97m INFO [0m Minimum found
[1m[97m INFO [0m Covariance matrix accurate
[1m[97m INFO [0m Applying AVERAGED calibrations p0, p1, ...

╔════════════════════════════════════════════════════════════════════════════════════╗
║ [1mFINAL CALIBRATION PARAMETERS[0m                                                       ║
╠════════╤══════════════════╤══════════════════╤══════════════════╤══════════════════╣
│ [1m[32;1mTagger[0m │ [1m[32;1mp0              [0m │ [1m[32;1mp1              [0m │ [1m[32;1mΔp0             [0m │ [1m[32;1mΔp1             [0m │
├────────┼──────────────────┼──────────────────┼──────────────────┼──────────────────┤
│ [1m[32mSSPion[0m │ -0.0042 ± 0.0019 │ -0.0401 ± 0.0444 │  0.0062 ± 0.0037 │  0.0283 ± 0.0887 │
└────────┴──────────────────┴──────────────────┴──────────────────┴──────────────────┘

╔══════════════════════════════════════════════════════════╗
║ [1mCALIBRATED TAGGER STATISTICS[0m                             ║
╠════════╤═══════╤═══════╤═════════════╤═════════╤═════════╣
│ [1m[32;1mTagger[0m │ [1m[32;1m#Evts[0m │ [1m[32;1mΣw   [0m │ [1m[32;1m(Σw)² / Σw²[0m │ [1m[32;1m#Tagged[0m │ [1m[32;1mΣ_tag w[0m │
├────────┼───────┼───────┼─────────────┼─────────┼─────────┤
│ [1m[32mSSPion[0m │ 71768 │ 71768 │ 71768.0     │ 70953   │ 70953   │
└────────┴───────┴───────┴─────────────┴─────────┴─────────┘

╔════════════════════════════════════════════════════════════════════════════════════════════════════════════════════════════════════════╗
║ [1mCALIBRATED TAGGING PERFORMANCES[0m                                                                                                        ║
╠════════╤═════════════════════╤═════════════════════╤═════════════════════════════════════════╤═════════════════════════════════════════╣
│ [1m[32;1mTagger[0m │ [1m[32;1mTagging Efficiency [0m │ [1m[32;1mAvg. Mistag Rate   [0m │ [1m[32;1mEffective Mistag                       [0m │ [1m[32;1mTagging Power                          [0m │
├────────┼─────────────────────┼─────────────────────┼─────────────────────────────────────────┼─────────────────────────────────────────┤
│ [1m[32mSSPion[0m │ (98.8644 ± 0.0396)% │ (45.9375 ± 0.1871)% │ (44.4379 ± 0.0205(stat) ± 0.1788(cal))% │ ( 1.2234 ±  0.009(stat) ± 0.0787(cal))% │
└────────┴─────────────────────┴─────────────────────┴─────────────────────────────────────────┴─────────────────────────────────────────┘


[1m----------------------------------------
--------------- Plotting ---------------
----------------------------------------[0m
[1m[97m INFO [0m pdf file SSPion_Calibration.pdf has been created
Tagger parameters saved at /ceph/users/molocco/classical-taggers/results/Bu2JpsiK/SSPion/Jonas_seed42_0.001_500_75_optimized
